Archive member included because of file (symbol)

D:\Documentos\LPCXpresso\Workspace\WeatherStation\mbed\TARGET_LPC1768\TOOLCHAIN_GCC_CR\libmbed.a(analogin_api.o)
                              ./WeatherStation.o (analogin_init)
D:\Documentos\LPCXpresso\Workspace\WeatherStation\mbed\TARGET_LPC1768\TOOLCHAIN_GCC_CR\libmbed.a(gpio_api.o)
                              ./SHTx/i2c.o (gpio_dir)
D:\Documentos\LPCXpresso\Workspace\WeatherStation\mbed\TARGET_LPC1768\TOOLCHAIN_GCC_CR\libmbed.a(gpio_irq_api.o)
                              ./FrequencyCounter.o (gpio_irq_set)
D:\Documentos\LPCXpresso\Workspace\WeatherStation\mbed\TARGET_LPC1768\TOOLCHAIN_GCC_CR\libmbed.a(pinmap.o)
                              D:\Documentos\LPCXpresso\Workspace\WeatherStation\mbed\TARGET_LPC1768\TOOLCHAIN_GCC_CR\libmbed.a(gpio_api.o) (pin_function)
D:\Documentos\LPCXpresso\Workspace\WeatherStation\mbed\TARGET_LPC1768\TOOLCHAIN_GCC_CR\libmbed.a(serial_api.o)
                              D:/Documentos/LPCXpresso/Workspace/WeatherStation/mbed/TARGET_LPC1768/TOOLCHAIN_GCC_CR/retarget.o (serial_getc)
D:\Documentos\LPCXpresso\Workspace\WeatherStation\mbed\TARGET_LPC1768\TOOLCHAIN_GCC_CR\libmbed.a(exit.o)
                              ./nRF24L01P/nRF24L01P.o (exit)
D:\Documentos\LPCXpresso\Workspace\WeatherStation\mbed\TARGET_LPC1768\TOOLCHAIN_GCC_CR\libmbed.a(gpio.o)
                              ./SHTx/i2c.o (gpio_init_in)
D:\Documentos\LPCXpresso\Workspace\WeatherStation\mbed\TARGET_LPC1768\TOOLCHAIN_GCC_CR\libmbed.a(mbed_interface.o)
                              D:\Documentos\LPCXpresso\Workspace\WeatherStation\mbed\TARGET_LPC1768\TOOLCHAIN_GCC_CR\libmbed.a(exit.o) (mbed_interface_connected)
D:\Documentos\LPCXpresso\Workspace\WeatherStation\mbed\TARGET_LPC1768\TOOLCHAIN_GCC_CR\libmbed.a(pinmap_common.o)
                              D:\Documentos\LPCXpresso\Workspace\WeatherStation\mbed\TARGET_LPC1768\TOOLCHAIN_GCC_CR\libmbed.a(analogin_api.o) (pinmap_pinout)
D:\Documentos\LPCXpresso\Workspace\WeatherStation\mbed\TARGET_LPC1768\TOOLCHAIN_GCC_CR\libmbed.a(rtc_time.o)
                              ./WeatherStation.o (set_time)
D:\Documentos\LPCXpresso\Workspace\WeatherStation\mbed\TARGET_LPC1768\TOOLCHAIN_GCC_CR\libmbed.a(semihost_api.o)
                              D:\Documentos\LPCXpresso\Workspace\WeatherStation\mbed\TARGET_LPC1768\TOOLCHAIN_GCC_CR\libmbed.a(exit.o) (semihost_exit)
D:\Documentos\LPCXpresso\Workspace\WeatherStation\mbed\TARGET_LPC1768\TOOLCHAIN_GCC_CR\libmbed.a(wait_api.o)
                              ./nRF24L01P/nRF24L01P.o (wait_us)
D:\Documentos\LPCXpresso\Workspace\WeatherStation\mbed\TARGET_LPC1768\TOOLCHAIN_GCC_CR\libmbed.a(FilePath.o)
                              D:/Documentos/LPCXpresso/Workspace/WeatherStation/mbed/TARGET_LPC1768/TOOLCHAIN_GCC_CR/retarget.o (mbed::FilePath::fileName())
D:\Documentos\LPCXpresso\Workspace\WeatherStation\mbed\TARGET_LPC1768\TOOLCHAIN_GCC_CR\libmbed.a(FileSystemLike.o)
                              ./FaultRecovery/FaultRecovery.o (mbed::FileSystemLike::~FileSystemLike())
D:\Documentos\LPCXpresso\Workspace\WeatherStation\mbed\TARGET_LPC1768\TOOLCHAIN_GCC_CR\libmbed.a(FunctionPointer.o)
                              ./FaultRecovery/FaultRecovery.o (mbed::FunctionPointer::call())
D:\Documentos\LPCXpresso\Workspace\WeatherStation\mbed\TARGET_LPC1768\TOOLCHAIN_GCC_CR\libmbed.a(InterruptIn.o)
                              ./FrequencyCounter.o (mbed::InterruptIn::mode(PinMode))
D:\Documentos\LPCXpresso\Workspace\WeatherStation\mbed\TARGET_LPC1768\TOOLCHAIN_GCC_CR\libmbed.a(LocalFileSystem.o)
                              ./FaultRecovery/FaultRecovery.o (vtable for mbed::LocalFileSystem)
D:\Documentos\LPCXpresso\Workspace\WeatherStation\mbed\TARGET_LPC1768\TOOLCHAIN_GCC_CR\libmbed.a(Serial.o)
                              ./Logger/Logger.o (vtable for mbed::Serial)
D:\Documentos\LPCXpresso\Workspace\WeatherStation\mbed\TARGET_LPC1768\TOOLCHAIN_GCC_CR\libmbed.a(SerialBase.o)
                              D:\Documentos\LPCXpresso\Workspace\WeatherStation\mbed\TARGET_LPC1768\TOOLCHAIN_GCC_CR\libmbed.a(Serial.o) (mbed::SerialBase::SerialBase(PinName, PinName))
D:\Documentos\LPCXpresso\Workspace\WeatherStation\mbed\TARGET_LPC1768\TOOLCHAIN_GCC_CR\libmbed.a(SPI.o)
                              ./nRF24L01P/nRF24L01P.o (mbed::SPI::write(int))
D:\Documentos\LPCXpresso\Workspace\WeatherStation\mbed\TARGET_LPC1768\TOOLCHAIN_GCC_CR\libmbed.a(Stream.o)
                              D:\Documentos\LPCXpresso\Workspace\WeatherStation\mbed\TARGET_LPC1768\TOOLCHAIN_GCC_CR\libmbed.a(Serial.o) (mbed::Stream::close())
D:\Documentos\LPCXpresso\Workspace\WeatherStation\mbed\TARGET_LPC1768\TOOLCHAIN_GCC_CR\libmbed.a(Ticker.o)
                              ./PulseIn.o (mbed::Ticker::detach())
D:\Documentos\LPCXpresso\Workspace\WeatherStation\mbed\TARGET_LPC1768\TOOLCHAIN_GCC_CR\libmbed.a(Timeout.o)
[...]
Memory Configuration

Name             Origin             Length             Attributes
MFlash512        0x00000000         0x00080000         xr
RamLoc32         0x100000c8         0x00007f38         xrw
RamAHB32         0x2007c000         0x00008000         xrw
*default*        0x00000000         0xffffffff

Linker script and memory map

LOAD ./nRF24L01P/nRF24L01P.o
LOAD ./SHTx/i2c.o
LOAD ./SHTx/sht15.o
LOAD ./PowerControl/EthernetPowerControl.o
LOAD ./Logger/Logger.o
LOAD ./GPS/GPS.o
LOAD ./FaultRecovery/FaultRecovery.o
LOAD ./FaultInjector/FaultInjector.o
LOAD ./FaultInjector/Utils.o
LOAD ./DumpRegistersAtHardFault/getRegistersFromStack.o
LOAD ./DumpRegistersAtHardFault/hardfault.o
LOAD ./DataStructs/DLinkedList.o
LOAD ./DataStructs/LinkedList.o
LOAD ./ConfigFile/ConfigFile.o
LOAD ./ConfigFile/ConfigList.o
LOAD ./FrequencyCounter.o
LOAD ./Main.o
LOAD ./PulseIn.o
LOAD ./ReadingData.o
LOAD ./Watchdog.o
LOAD ./WeatherStation.o
LOAD ./WeatherStationConfig.o
LOAD ./WeatherStationFT.o
LOAD ./Wetting.o
LOAD D:/Documentos/LPCXpresso/Workspace/WeatherStation/mbed/TARGET_LPC1768/TOOLCHAIN_GCC_CR/cmsis_nvic.o
LOAD D:/Documentos/LPCXpresso/Workspace/WeatherStation/mbed/TARGET_LPC1768/TOOLCHAIN_GCC_CR/system_LPC17xx.o
LOAD D:/Documentos/LPCXpresso/Workspace/WeatherStation/mbed/TARGET_LPC1768/TOOLCHAIN_GCC_CR/startup_LPC17xx.o
LOAD D:/Documentos/LPCXpresso/Workspace/WeatherStation/mbed/TARGET_LPC1768/TOOLCHAIN_GCC_CR/retarget.o
LOAD D:\Documentos\LPCXpresso\Workspace\WeatherStation\mbed\TARGET_LPC1768\TOOLCHAIN_GCC_CR\libmbed.a
START GROUP
LOAD c:/nxp/lpcxpresso_7.0/lpcxpresso/tools/bin/../lib/gcc/arm-none-eabi/4.8.3/armv7-m\libgcc.a
LOAD c:/nxp/lpcxpresso_7.0/lpcxpresso/tools/bin/../lib/gcc/arm-none-eabi/4.8.3/../../../../arm-none-eabi/lib/armv7-m\libc.a
LOAD c:/nxp/lpcxpresso_7.0/lpcxpresso/tools/bin/../lib/gcc/arm-none-eabi/4.8.3/../../../../arm-none-eabi/lib/armv7-m\libstdc++.a
LOAD c:/nxp/lpcxpresso_7.0/lpcxpresso/tools/bin/../lib/gcc/arm-none-eabi/4.8.3/../../../../arm-none-eabi/lib/armv7-m\libm.a
LOAD c:/nxp/lpcxpresso_7.0/lpcxpresso/tools/bin/../lib/gcc/arm-none-eabi/4.8.3/../../../../arm-none-eabi/lib/armv7-m\libcr_newlib_nohost.a
LOAD c:/nxp/lpcxpresso_7.0/lpcxpresso/tools/bin/../lib/gcc/arm-none-eabi/4.8.3/armv7-m\crti.o
LOAD c:/nxp/lpcxpresso_7.0/lpcxpresso/tools/bin/../lib/gcc/arm-none-eabi/4.8.3/armv7-m\crtn.o
LOAD c:/nxp/lpcxpresso_7.0/lpcxpresso/tools/bin/../lib/gcc/arm-none-eabi/4.8.3/armv7-m\crtbegin.o
LOAD c:/nxp/lpcxpresso_7.0/lpcxpresso/tools/bin/../lib/gcc/arm-none-eabi/4.8.3/armv7-m\crtend.o
END GROUP
                0x00080000                __top_MFlash512 = 0x80000
                0x10008000                __top_RamLoc32 = 0x10008000
                0x20084000                __top_RamAHB32 = 0x20084000

.text           0x00000000    0x17834
 FILL mask 0xff
 *(.isr_vector)
 .isr_vector    0x00000000       0xcc D:/Documentos/LPCXpresso/Workspace/WeatherStation/mbed/TARGET_LPC1768/TOOLCHAIN_GCC_CR/startup_LPC17xx.o
                0x00000000                g_pfnVectors
                0x000000cc                . = ALIGN (0x4)
                0x000000cc                __section_table_start = .
                0x000000cc                __data_section_table = .
                0x000000cc        0x4 LONG 0x17998 LOADADDR (.data)
                0x000000d0        0x4 LONG 0x100000c8 ADDR (.data)
                0x000000d4        0x4 LONG 0x8f4 SIZEOF (.data)
                0x000000d8        0x4 LONG 0x17998 LOADADDR (.data_RAM2)
                0x000000dc        0x4 LONG 0x2007c000 ADDR (.data_RAM2)
                0x000000e0        0x4 LONG 0x0 SIZEOF (.data_RAM2)
                0x000000e4                __data_section_table_end = .
                0x000000e4                __bss_section_table = .
                0x000000e4        0x4 LONG 0x100009bc ADDR (.bss)
                0x000000e8        0x4 LONG 0x428 SIZEOF (.bss)
                0x000000ec        0x4 LONG 0x2007c000 ADDR (.bss_RAM2)
                0x000000f0        0x4 LONG 0x0 SIZEOF (.bss_RAM2)
                0x000000f4                __bss_section_table_end = .
                0x000000f4                __section_table_end = .
 *(.after_vectors*)
 .after_vectors
                0x000000f4      0x138 D:/Documentos/LPCXpresso/Workspace/WeatherStation/mbed/TARGET_LPC1768/TOOLCHAIN_GCC_CR/startup_LPC17xx.o
                0x000000f4                NMI_Handler
                0x000000f8                HardFault_Handler
                0x000000fc                MemManage_Handler
                0x00000100                BusFault_Handler
                0x00000104                UsageFault_Handler
                0x00000108                SVC_Handler
                0x0000010c                DebugMon_Handler
                0x00000110                PendSV_Handler
                0x00000114                SysTick_Handler
                0x00000118                ResetISR
                0x000001c4                data_init
                0x000001f8                bss_init
                0x00000228                EINT3_IRQHandler
                0x00000228                CANActivity_IRQHandler
                0x00000228                TIMER3_IRQHandler
                0x00000228                UART0_IRQHandler
                0x00000228                UART1_IRQHandler
                0x00000228                EINT2_IRQHandler
                0x00000228                PWM1_IRQHandler
                0x00000228                IntDefaultHandler
                0x00000228                PLL0_IRQHandler
                0x00000228                USBActivity_IRQHandler
                0x00000228                PLL1_IRQHandler
                0x00000228                SSP0_IRQHandler
                0x00000228                I2S_IRQHandler
                0x00000228                I2C2_IRQHandler
                0x00000228                RTC_IRQHandler
                0x00000228                TIMER0_IRQHandler
                0x00000228                SPI_IRQHandler
                0x00000228                I2C1_IRQHandler
                0x00000228                EINT1_IRQHandler
                0x00000228                TIMER1_IRQHandler
                0x00000228                UART2_IRQHandler
                0x00000228                ADC_IRQHandler
                0x00000228                SSP1_IRQHandler
                0x00000228                USB_IRQHandler
                0x00000228                BOD_IRQHandler
                0x00000228                I2C0_IRQHandler
                0x00000228                WDT_IRQHandler
                0x00000228                RIT_IRQHandler
                0x00000228                QEI_IRQHandler
                0x00000228                EINT0_IRQHandler
                0x00000228                CAN_IRQHandler
                0x00000228                DMA_IRQHandler
                0x00000228                TIMER2_IRQHandler
                0x00000228                UART3_IRQHandler
                0x00000228                MCPWM_IRQHandler
                0x00000228                ENET_IRQHandler
 *(.text*)
 .text.gpio_write
                0x0000022c       0x30 ./nRF24L01P/nRF24L01P.o
 .text._ZN4mbed10DigitalOutC2E7PinName
                0x0000025c       0x20 ./nRF24L01P/nRF24L01P.o
                0x0000025c                mbed::DigitalOut::DigitalOut(PinName)
                0x0000025c                mbed::DigitalOut::DigitalOut(PinName)
 .text._ZN4mbed10DigitalOut5writeEi
                0x0000027c       0x1c ./nRF24L01P/nRF24L01P.o
                0x0000027c                mbed::DigitalOut::write(int)
 .text._ZN4mbed10DigitalOutaSEi
                0x00000298       0x1c ./nRF24L01P/nRF24L01P.o
                0x00000298                mbed::DigitalOut::operator=(int)
 .text.gpio_write
                0x000002b4       0x30 ./SHTx/i2c.o
 .text.gpio_read
                0x000002e4       0x2c ./SHTx/i2c.o
 .text._ZN4mbed12DigitalInOutC2E7PinName
                0x00000310       0x20 ./SHTx/i2c.o
                0x00000310                mbed::DigitalInOut::DigitalInOut(PinName)
                0x00000310                mbed::DigitalInOut::DigitalInOut(PinName)
 .text._ZN4mbed12DigitalInOut5writeEi
                0x00000330       0x1c ./SHTx/i2c.o
                0x00000330                mbed::DigitalInOut::write(int)
 .text._ZN4mbed12DigitalInOut4readEv
                0x0000034c       0x1c ./SHTx/i2c.o
                0x0000034c                mbed::DigitalInOut::read()
 .text._ZN4mbed12DigitalInOut6outputEv
                0x00000368       0x18 ./SHTx/i2c.o
                0x00000368                mbed::DigitalInOut::output()
 .text._ZN4mbed12DigitalInOut5inputEv
                0x00000380       0x18 ./SHTx/i2c.o
                0x00000380                mbed::DigitalInOut::input()
 .text._ZN4mbed12DigitalInOutaSEi
                0x00000398       0x1c ./SHTx/i2c.o
                0x00000398                mbed::DigitalInOut::operator=(int)
 .text._ZN4mbed12DigitalInOutcviEv
                0x000003b4       0x18 ./SHTx/i2c.o
                0x000003b4                mbed::DigitalInOut::operator int()
 .text._ZN4SHTx3I2CC2E7PinNameS1_
                0x000003cc       0x44 ./SHTx/i2c.o
                0x000003cc                SHTx::I2C::I2C(PinName, PinName)
                0x000003cc                SHTx::I2C::I2C(PinName, PinName)
 .text._ZN4SHTx3I2C5startEv
                0x00000410       0x4c ./SHTx/i2c.o
                0x00000410                SHTx::I2C::start()
 .text._ZN4SHTx3I2C4stopEv
                0x0000045c       0x2c ./SHTx/i2c.o
                0x0000045c                SHTx::I2C::stop()
 .text._ZN4SHTx3I2C4waitEv
                0x00000488       0x50 ./SHTx/i2c.o
                0x00000488                SHTx::I2C::wait()
 .text._ZN4SHTx3I2C5writeEh
                0x000004d8       0x58 ./SHTx/i2c.o
                0x000004d8                SHTx::I2C::write(unsigned char)
 .text._ZN4SHTx3I2C4readEb
                0x00000530       0x5c ./SHTx/i2c.o
                0x00000530                SHTx::I2C::read(bool)
 .text._ZN4SHTx3I2C6outputEv
                0x0000058c       0x18 ./SHTx/i2c.o
                0x0000058c                SHTx::I2C::output()
 .text._ZN4SHTx3I2C5inputEv
                0x000005a4       0x18 ./SHTx/i2c.o
                0x000005a4                SHTx::I2C::input()
 .text._ZN4SHTx3I2C3sdaEb
                0x000005bc       0x2c ./SHTx/i2c.o
                0x000005bc                SHTx::I2C::sda(bool)
 .text._ZN4SHTx3I2C3sclEb
                0x000005e8       0x28 ./SHTx/i2c.o
                0x000005e8                SHTx::I2C::scl(bool)
 .text._ZN4SHTx3I2C9shift_outEb
                0x00000610       0x2c ./SHTx/i2c.o
                0x00000610                SHTx::I2C::shift_out(bool)
 .text._ZN4SHTx3I2C8shift_inEv
                0x0000063c       0x44 ./SHTx/i2c.o
                0x0000063c                SHTx::I2C::shift_in()
 .text._ZN4SHTx5SHT1512coefficientsC2Ev
                0x00000680       0xac ./SHTx/sht15.o
                0x00000680                SHTx::SHT15::coefficients::coefficients()
                0x00000680                SHTx::SHT15::coefficients::coefficients()
 .text._ZN4SHTx5SHT15C2E7PinNameS1_
                0x0000072c       0x3c ./SHTx/sht15.o
                0x0000072c                SHTx::SHT15::SHT15(PinName, PinName)
                0x0000072c                SHTx::SHT15::SHT15(PinName, PinName)
 .text._ZN4SHTx5SHT1513setResolutionEb
                0x00000768       0x28 ./SHTx/sht15.o
                0x00000768                SHTx::SHT15::setResolution(bool)
 .text._ZN4SHTx5SHT1512setOTPReloadEb
                0x00000790       0x30 ./SHTx/sht15.o
                0x00000790                SHTx::SHT15::setOTPReload(bool)
 .text._ZN4SHTx5SHT158setScaleEb
                0x000007c0       0x20 ./SHTx/sht15.o
                0x000007c0                SHTx::SHT15::setScale(bool)
 .text._ZN4SHTx5SHT156updateEv
                0x000007e0       0x58 ./SHTx/sht15.o
                0x000007e0                SHTx::SHT15::update()
 .text._ZN4SHTx5SHT1513writeRegisterEv
                0x00000838       0x68 ./SHTx/sht15.o
                0x00000838                SHTx::SHT15::writeRegister()
 .text._ZN4SHTx5SHT1512readRegisterENS0_8cmd_listE
                0x000008a0      0x1a0 ./SHTx/sht15.o
                0x000008a0                SHTx::SHT15::readRegister(SHTx::SHT15::cmd_list)
 .text._ZN4SHTx5SHT157setFlagENS0_9flag_listEb
                0x00000a40       0x50 ./SHTx/sht15.o
                0x00000a40                SHTx::SHT15::setFlag(SHTx::SHT15::flag_list, bool)
 .text._Z18Peripheral_PowerUpj
                0x00000a90       0x28 ./PowerControl/EthernetPowerControl.o
                0x00000a90                Peripheral_PowerUp(unsigned int)
 .text._Z20Peripheral_PowerDownj
                0x00000ab8       0x2c ./PowerControl/EthernetPowerControl.o
                0x00000ab8                Peripheral_PowerDown(unsigned int)
 .text._Z20Peripheral_GetStatusj
                0x00000ae4       0x2c ./PowerControl/EthernetPowerControl.o
                0x00000ae4                Peripheral_GetStatus(unsigned int)
 .text._ZL9write_PHYjt
                0x00000b10       0x58 ./PowerControl/EthernetPowerControl.o
 .text._ZL8read_PHYj
                0x00000b68       0x6c ./PowerControl/EthernetPowerControl.o
 .text._Z9EMAC_Initv
                0x00000bd4       0xf0 ./PowerControl/EthernetPowerControl.o
                0x00000bd4                EMAC_Init()
 .text._Z13PHY_PowerDownv
                0x00000cc4       0x6c ./PowerControl/EthernetPowerControl.o
                0x00000cc4                PHY_PowerDown()
 .text._ZN6LoggerC2EPKcb
                0x00000d30       0x54 ./Logger/Logger.o
                0x00000d30                Logger::Logger(char const*, bool)
                0x00000d30                Logger::Logger(char const*, bool)
 .text._ZN6LoggerD2Ev
                0x00000d84       0x34 ./Logger/Logger.o
                0x00000d84                Logger::~Logger()
                0x00000d84                Logger::~Logger()
 .text._ZN6LoggerD0Ev
                0x00000db8       0x20 ./Logger/Logger.o
                0x00000db8                Logger::~Logger()
 .text._ZN6Logger14printLoggerMsgENS_15LoggerEventTypeEPKc
                0x00000dd8      0x140 ./Logger/Logger.o
                0x00000dd8                Logger::printLoggerMsg(Logger::LoggerEventType, char const*)
 .text._ZN6Logger3logEPKcz
                0x00000f18       0x94 ./Logger/Logger.o
                0x00000f18                Logger::log(char const*, ...)
 .text._ZN6Logger4warnEPKcz
                0x00000fac       0x94 ./Logger/Logger.o
                0x00000fac                Logger::warn(char const*, ...)
 .text._ZN6Logger3errEPKcz
                0x00001040       0x94 ./Logger/Logger.o
                0x00001040                Logger::err(char const*, ...)
 .text._ZN4mbed6SerialD2Ev
                0x000010d4       0x3c ./Logger/Logger.o
                0x000010d4                mbed::Serial::~Serial()
                0x000010d4                mbed::Serial::~Serial()
 .text._ZN4mbed6SerialD1Ev
                0x00001110        0x8 ./Logger/Logger.o
                0x00001110                non-virtual thunk to mbed::Serial::~Serial()
 .text._ZN4mbed6SerialD0Ev
                0x00001118       0x28 ./Logger/Logger.o
                0x00001118                mbed::Serial::~Serial()
                0x00001138                non-virtual thunk to mbed::Serial::~Serial()
 .text._ZN3GPSC2E7PinNameS0_
                0x00001140       0x48 ./GPS/GPS.o
                0x00001140                GPS::GPS(PinName, PinName)
                0x00001140                GPS::GPS(PinName, PinName)
 .text._ZN3GPS6sampleEv
                0x00001188      0x160 ./GPS/GPS.o
                0x00001188                GPS::sample()
 .text._ZN3GPS5truncEf
                0x000012e8       0x7c ./GPS/GPS.o
                0x000012e8                GPS::trunc(float)
 .text._ZN3GPS7getlineEv
                0x00001364       0x90 ./GPS/GPS.o
                0x00001364                GPS::getline()
 .text._ZN4mbed15LocalFileSystemC2EPKc
                0x000013f4       0x28 ./FaultRecovery/FaultRecovery.o
                0x000013f4                mbed::LocalFileSystem::LocalFileSystem(char const*)
                0x000013f4                mbed::LocalFileSystem::LocalFileSystem(char const*)
 .text._ZN4mbed15LocalFileSystemD2Ev
                0x0000141c       0x30 ./FaultRecovery/FaultRecovery.o
                0x0000141c                mbed::LocalFileSystem::~LocalFileSystem()
                0x0000141c                mbed::LocalFileSystem::~LocalFileSystem()
 .text._ZN4mbed15LocalFileSystemD0Ev
                0x0000144c       0x20 ./FaultRecovery/FaultRecovery.o
                0x0000144c                mbed::LocalFileSystem::~LocalFileSystem()
 .text._ZN12MemoryRegionC2EmmPKc
                0x0000146c       0x44 ./FaultInjector/FaultInjector.o
                0x0000146c                MemoryRegion::MemoryRegion(unsigned long, unsigned long, char const*)
                0x0000146c                MemoryRegion::MemoryRegion(unsigned long, unsigned long, char const*)
 .text._ZN12MemoryRegionD2Ev
                0x000014b0       0x28 ./FaultInjector/FaultInjector.o
                0x000014b0                MemoryRegion::~MemoryRegion()
                0x000014b0                MemoryRegion::~MemoryRegion()
 .text._ZN12MemoryRegionD0Ev
                0x000014d8       0x20 ./FaultInjector/FaultInjector.o
                0x000014d8                MemoryRegion::~MemoryRegion()
 .text._ZNK12MemoryRegion12getStartAddrEv
                0x000014f8       0x18 ./FaultInjector/FaultInjector.o
                0x000014f8                MemoryRegion::getStartAddr() const
 .text._ZNK12MemoryRegion7getSizeEv
                0x00001510       0x18 ./FaultInjector/FaultInjector.o
                0x00001510                MemoryRegion::getSize() const
 .text._ZN4mbed6TickerC2Ev
                0x00001528       0x30 ./FaultInjector/FaultInjector.o
                0x00001528                mbed::Ticker::Ticker()
                0x00001528                mbed::Ticker::Ticker()
 .text._ZN4mbed6TickerD2Ev
                0x00001558       0x30 ./FaultInjector/FaultInjector.o
                0x00001558                mbed::Ticker::~Ticker()
                0x00001558                mbed::Ticker::~Ticker()
 .text._ZN4mbed6TickerD0Ev
                0x00001588       0x20 ./FaultInjector/FaultInjector.o
                0x00001588                mbed::Ticker::~Ticker()
 .text._ZN4mbed7TimeoutC2Ev
                0x000015a8       0x24 ./FaultInjector/FaultInjector.o
                0x000015a8                mbed::Timeout::Timeout()
                0x000015a8                mbed::Timeout::Timeout()
 .text._ZN13FaultInjectorC2Ev
                0x000015cc       0xc4 ./FaultInjector/FaultInjector.o
                0x000015cc                FaultInjector::FaultInjector()
                0x000015cc                FaultInjector::FaultInjector()
 .text._ZN13FaultInjectorD2Ev
                0x00001690       0x90 ./FaultInjector/FaultInjector.o
                0x00001690                FaultInjector::~FaultInjector()
                0x00001690                FaultInjector::~FaultInjector()
 .text._ZN13FaultInjectorD0Ev
                0x00001720       0x20 ./FaultInjector/FaultInjector.o
                0x00001720                FaultInjector::~FaultInjector()
 .text._ZN13FaultInjector5startEff
                0x00001740       0x40 ./FaultInjector/FaultInjector.o
                0x00001740                FaultInjector::start(float, float)
 .text._ZN13FaultInjector14generateFaultsEv
                0x00001780       0x78 ./FaultInjector/FaultInjector.o
                0x00001780                FaultInjector::generateFaults()
 .text._ZN13FaultInjector12injectFaultsEmh
                0x000017f8       0x44 ./FaultInjector/FaultInjector.o
                0x000017f8                FaultInjector::injectFaults(unsigned long, unsigned char)
 .text._ZN13FaultInjector13getByteMemoryEmm
                0x0000183c       0x7c ./FaultInjector/FaultInjector.o
                0x0000183c                FaultInjector::getByteMemory(unsigned long, unsigned long)
 .text._ZN13FaultInjector12injectFaultsEmmmh
                0x000018b8      0x110 ./FaultInjector/FaultInjector.o
                0x000018b8                FaultInjector::injectFaults(unsigned long, unsigned long, unsigned long, unsigned char)
 .text._ZN13FaultInjector13getRandomUIntEjj
                0x000019c8       0x70 ./FaultInjector/FaultInjector.o
                0x000019c8                FaultInjector::getRandomUInt(unsigned int, unsigned int)
 .text._ZN13FaultInjector14getRandomFloatEff
                0x00001a38       0x7c ./FaultInjector/FaultInjector.o
                0x00001a38                FaultInjector::getRandomFloat(float, float)
 .text._ZN13FaultInjector15getRandomDoubleEdd
                0x00001ab4       0x8c ./FaultInjector/FaultInjector.o
                0x00001ab4                FaultInjector::getRandomDouble(double, double)
 .text._ZN13FaultInjector4itoaEPcii
                0x00001b40       0xac ./FaultInjector/FaultInjector.o
                0x00001b40                FaultInjector::itoa(char*, int, int)
 .text._ZN4mbed6Ticker6attachI13FaultInjectorEEvPT_MS3_FvvEf
                0x00001bec       0x3c ./FaultInjector/FaultInjector.o
                0x00001bec                void mbed::Ticker::attach<FaultInjector>(FaultInjector*, void (FaultInjector::*)(), float)
 .text._ZN4mbed6Ticker9attach_usI13FaultInjectorEEvPT_MS3_FvvEj
                0x00001c28       0x30 ./FaultInjector/FaultInjector.o
                0x00001c28                void mbed::Ticker::attach_us<FaultInjector>(FaultInjector*, void (FaultInjector::*)(), unsigned int)
 .text._ZN4mbed15FunctionPointer6attachI13FaultInjectorEEvPT_MS3_FvvE
                0x00001c58       0x40 ./FaultInjector/FaultInjector.o
                0x00001c58                void mbed::FunctionPointer::attach<FaultInjector>(FaultInjector*, void (FaultInjector::*)())
 .text._ZN4mbed15FunctionPointer12membercallerI13FaultInjectorEEvPvPc
                0x00001c98       0x4c ./FaultInjector/FaultInjector.o
                0x00001c98                void mbed::FunctionPointer::membercaller<FaultInjector>(void*, char*)
 .text._ZN4mbed7TimeoutD2Ev
                0x00001ce4       0x30 ./FaultInjector/FaultInjector.o
                0x00001ce4                mbed::Timeout::~Timeout()
                0x00001ce4                mbed::Timeout::~Timeout()
 .text._ZN4mbed7TimeoutD0Ev
                0x00001d14       0x20 ./FaultInjector/FaultInjector.o
                0x00001d14                mbed::Timeout::~Timeout()
 .text._ZSt6strchrPci
                0x00001d34       0x1c ./ConfigFile/ConfigFile.o
                0x00001d34                std::strchr(char*, int)
 .text._ZN10ConfigListC2Ev
                0x00001d50       0x20 ./ConfigFile/ConfigList.o
                0x00001d50                ConfigList::ConfigList()
                0x00001d50                ConfigList::ConfigList()
 .text._ZN10ConfigListD2Ev
                0x00001d70       0x70 ./ConfigFile/ConfigList.o
                0x00001d70                ConfigList::~ConfigList()
                0x00001d70                ConfigList::~ConfigList()
 .text._ZN10ConfigList8getValueEPKc
                0x00001de0       0x34 ./ConfigFile/ConfigList.o
                0x00001de0                ConfigList::getValue(char const*)
 .text._ZN10ConfigList8setValueEPKcS1_
                0x00001e14      0x15c ./ConfigFile/ConfigList.o
                0x00001e14                ConfigList::setValue(char const*, char const*)
 .text._ZN10ConfigList9removeAllEv
                0x00001f70       0x60 ./ConfigFile/ConfigList.o
                0x00001f70                ConfigList::removeAll()
 .text._ZN10ConfigList6searchEPKc
                0x00001fd0       0x74 ./ConfigFile/ConfigList.o
                0x00001fd0                ConfigList::search(char const*)
 .text._ZN10ConfigList3addEPNS_8config_tE
                0x00002044       0x4c ./ConfigFile/ConfigList.o
                0x00002044                ConfigList::add(ConfigList::config_t*)
 .text.gpio_read
                0x00002090       0x2c ./FrequencyCounter.o
 .text._ZN4mbed9DigitalInC2E7PinName
                0x000020bc       0x20 ./FrequencyCounter.o
                0x000020bc                mbed::DigitalIn::DigitalIn(PinName)
                0x000020bc                mbed::DigitalIn::DigitalIn(PinName)
 .text._ZN4mbed9DigitalIn4readEv
                0x000020dc       0x1c ./FrequencyCounter.o
                0x000020dc                mbed::DigitalIn::read()
 .text._ZN4mbed9DigitalIncviEv
                0x000020f8       0x18 ./FrequencyCounter.o
                0x000020f8                mbed::DigitalIn::operator int()
 .text._ZN16FrequencyCounterC2E7PinName7PinModeNS_9TransTypeEj
                0x00002110       0xb0 ./FrequencyCounter.o
                0x00002110                FrequencyCounter::FrequencyCounter(PinName, PinMode, FrequencyCounter::TransType, unsigned int)
                0x00002110                FrequencyCounter::FrequencyCounter(PinName, PinMode, FrequencyCounter::TransType, unsigned int)
 .text._ZN16FrequencyCounterD2Ev
                0x000021c0       0x3c ./FrequencyCounter.o
                0x000021c0                FrequencyCounter::~FrequencyCounter()
                0x000021c0                FrequencyCounter::~FrequencyCounter()
 .text._ZN16FrequencyCounterD0Ev
                0x000021fc       0x20 ./FrequencyCounter.o
                0x000021fc                FrequencyCounter::~FrequencyCounter()
 .text._ZN16FrequencyCounter8scheduleEv
                0x0000221c       0x34 ./FrequencyCounter.o
                0x0000221c                FrequencyCounter::schedule()
 .text._ZN16FrequencyCounter9incrementEv
                0x00002250       0x4c ./FrequencyCounter.o
                0x00002250                FrequencyCounter::increment()
 .text._ZN16FrequencyCounter10resetCountEv
                0x0000229c       0x28 ./FrequencyCounter.o
                0x0000229c                FrequencyCounter::resetCount()
 .text._ZN16FrequencyCounter8getCountEv
                0x000022c4       0x2c ./FrequencyCounter.o
                0x000022c4                FrequencyCounter::getCount()
 .text._ZN4mbed11InterruptIn4fallI16FrequencyCounterEEvPT_MS3_FvvE
                0x000022f0       0x34 ./FrequencyCounter.o
                0x000022f0                void mbed::InterruptIn::fall<FrequencyCounter>(FrequencyCounter*, void (FrequencyCounter::*)())
 .text._ZN4mbed11InterruptIn4riseI16FrequencyCounterEEvPT_MS3_FvvE
                0x00002324       0x34 ./FrequencyCounter.o
                0x00002324                void mbed::InterruptIn::rise<FrequencyCounter>(FrequencyCounter*, void (FrequencyCounter::*)())
 .text._ZN4mbed6Ticker9attach_usI16FrequencyCounterEEvPT_MS3_FvvEj
                0x00002358       0x30 ./FrequencyCounter.o
                0x00002358                void mbed::Ticker::attach_us<FrequencyCounter>(FrequencyCounter*, void (FrequencyCounter::*)(), unsigned int)
 .text._ZN4mbed15FunctionPointer6attachI16FrequencyCounterEEvPT_MS3_FvvE
                0x00002388       0x40 ./FrequencyCounter.o
                0x00002388                void mbed::FunctionPointer::attach<FrequencyCounter>(FrequencyCounter*, void (FrequencyCounter::*)())
 .text._ZN4mbed15FunctionPointer12membercallerI16FrequencyCounterEEvPvPc
                0x000023c8       0x4c ./FrequencyCounter.o
                0x000023c8                void mbed::FunctionPointer::membercaller<FrequencyCounter>(void*, char*)
 .text._ZNK11ReadingData7getTimeEv
                0x00002414       0x18 ./Main.o
                0x00002414                ReadingData::getTime() const
 .text._ZN11ReadingData7setTimeEl
                0x0000242c       0x1c ./Main.o
                0x0000242c                ReadingData::setTime(long)
 .text._ZN11ReadingData13setAnemometerEf
                0x00002448       0x1c ./Main.o
                0x00002448                ReadingData::setAnemometer(float)
 .text._ZN11ReadingData14setPluviometerEf
                0x00002464       0x1c ./Main.o
                0x00002464                ReadingData::setPluviometer(float)
 .text._ZN11ReadingData10setWettingEf
                0x00002480       0x1c ./Main.o
                0x00002480                ReadingData::setWetting(float)
 .text._ZN11ReadingData14setTemperatureEf
                0x0000249c       0x1c ./Main.o
                0x0000249c                ReadingData::setTemperature(float)
 .text._ZN11ReadingData11setHumidityEf
                0x000024b8       0x1c ./Main.o
                0x000024b8                ReadingData::setHumidity(float)
 .text._ZN11ReadingData17setSoilTemperaureEf
                0x000024d4       0x1c ./Main.o
                0x000024d4                ReadingData::setSoilTemperaure(float)
 .text._ZN11ReadingData15setSoilHumidityEf
                0x000024f0       0x1c ./Main.o
                0x000024f0                ReadingData::setSoilHumidity(float)
 .text._ZN11ReadingData17setSolarRadiationEf
                0x0000250c       0x1c ./Main.o
                0x0000250c                ReadingData::setSolarRadiation(float)
 .text._ZN11ReadingData17setBatteryVoltageEf
                0x00002528       0x1c ./Main.o
                0x00002528                ReadingData::setBatteryVoltage(float)
 .text._ZN11ReadingData16getParameterNameEh
                0x00002544       0x2c ./Main.o
                0x00002544                ReadingData::getParameterName(unsigned char)
 .text._ZN11ReadingData17getParameterValueEh
                0x00002570       0x30 ./Main.o
                0x00002570                ReadingData::getParameterValue(unsigned char)
 .text._ZNK11ReadingData6getCRCEv
                0x000025a0       0x1c ./Main.o
                0x000025a0                ReadingData::getCRC() const
 .text._ZN11ReadingData6setCRCEm
                0x000025bc       0x1c ./Main.o
                0x000025bc                ReadingData::setCRC(unsigned long)
 .text.main     0x000025d8       0x18 ./Main.o
                0x000025d8                main
 .text._ZN7PulseInC2E7PinNameNS_11MeasureTypeEji
                0x000025f0       0x5c ./PulseIn.o
                0x000025f0                PulseIn::PulseIn(PinName, PulseIn::MeasureType, unsigned int, int)
                0x000025f0                PulseIn::PulseIn(PinName, PulseIn::MeasureType, unsigned int, int)
 .text._ZN7PulseInD2Ev
                0x0000264c       0x3c ./PulseIn.o
                0x0000264c                PulseIn::~PulseIn()
                0x0000264c                PulseIn::~PulseIn()
 .text._ZN7PulseInD0Ev
                0x00002688       0x20 ./PulseIn.o
                0x00002688                PulseIn::~PulseIn()
 .text._ZN7PulseIn6configENS_11MeasureTypeEji
                0x000026a8       0x3c ./PulseIn.o
                0x000026a8                PulseIn::config(PulseIn::MeasureType, unsigned int, int)
 .text._ZN7PulseIn5startEv
                0x000026e4       0x80 ./PulseIn.o
                0x000026e4                PulseIn::start()
 .text._ZN7PulseIn4stopEv
                0x00002764       0x4c ./PulseIn.o
                0x00002764                PulseIn::stop()
 .text._ZN7PulseIn13timeoutDetashEv
                0x000027b0       0x38 ./PulseIn.o
                0x000027b0                PulseIn::timeoutDetash()
 .text._ZN7PulseIn7getTimeEv
                0x000027e8       0xc0 ./PulseIn.o
                0x000027e8                PulseIn::getTime()
 .text._ZN4mbed11InterruptIn4riseI7PulseInEEvPT_MS3_FvvE
                0x000028a8       0x34 ./PulseIn.o
                0x000028a8                void mbed::InterruptIn::rise<PulseIn>(PulseIn*, void (PulseIn::*)())
 .text._ZN4mbed11InterruptIn4fallI7PulseInEEvPT_MS3_FvvE
                0x000028dc       0x34 ./PulseIn.o
                0x000028dc                void mbed::InterruptIn::fall<PulseIn>(PulseIn*, void (PulseIn::*)())
 .text._ZN4mbed6Ticker9attach_usI7PulseInEEvPT_MS3_FvvEj
                0x00002910       0x30 ./PulseIn.o
                0x00002910                void mbed::Ticker::attach_us<PulseIn>(PulseIn*, void (PulseIn::*)(), unsigned int)
 .text._ZN4mbed15FunctionPointer6attachI7PulseInEEvPT_MS3_FvvE
                0x00002940       0x40 ./PulseIn.o
                0x00002940                void mbed::FunctionPointer::attach<PulseIn>(PulseIn*, void (PulseIn::*)())
 .text._ZN4mbed15FunctionPointer12membercallerI7PulseInEEvPvPc
                0x00002980       0x4c ./PulseIn.o
                0x00002980                void mbed::FunctionPointer::membercaller<PulseIn>(void*, char*)
 .text._ZN11ReadingDataC2Ev
                0x000029cc      0x104 ./ReadingData.o
                0x000029cc                ReadingData::ReadingData()
                0x000029cc                ReadingData::ReadingData()
 .text._ZN11ReadingDataD2Ev
                0x00002ad0       0x28 ./ReadingData.o
                0x00002ad0                ReadingData::~ReadingData()
                0x00002ad0                ReadingData::~ReadingData()
 .text._ZN11ReadingDataD0Ev
                0x00002af8       0x20 ./ReadingData.o
                0x00002af8                ReadingData::~ReadingData()
 .text._ZN11ReadingData4saveEPKc
                0x00002b18       0x78 ./ReadingData.o
                0x00002b18                ReadingData::save(char const*)
 .text._ZN11ReadingData12calculateCRCEv
                0x00002b90       0x44 ./ReadingData.o
                0x00002b90                ReadingData::calculateCRC()
 .text._ZN8WatchdogC2Ev
                0x00002bd4       0x20 ./Watchdog.o
                0x00002bd4                Watchdog::Watchdog()
                0x00002bd4                Watchdog::Watchdog()
 .text._ZN8WatchdogD2Ev
                0x00002bf4       0x28 ./Watchdog.o
                0x00002bf4                Watchdog::~Watchdog()
                0x00002bf4                Watchdog::~Watchdog()
 .text._ZN8WatchdogD0Ev
                0x00002c1c       0x20 ./Watchdog.o
                0x00002c1c                Watchdog::~Watchdog()
 .text._ZN8Watchdog4kickEf
                0x00002c3c       0x54 ./Watchdog.o
                0x00002c3c                Watchdog::kick(float)
 .text._ZN8Watchdog4kickEv
                0x00002c90       0x24 ./Watchdog.o
                0x00002c90                Watchdog::kick()
 .text._ZN4mbed8AnalogInC2E7PinName
                0x00002cb4       0x20 ./WeatherStation.o
                0x00002cb4                mbed::AnalogIn::AnalogIn(PinName)
                0x00002cb4                mbed::AnalogIn::AnalogIn(PinName)
 .text._ZN4mbed8AnalogIn4readEv
                0x00002cd4       0x1c ./WeatherStation.o
                0x00002cd4                mbed::AnalogIn::read()
 .text._Z5Sleepv
                0x00002cf0       0x10 ./WeatherStation.o
                0x00002cf0                Sleep()
 .text._ZN10AnemometerC2E7PinName
                0x00002d00       0x34 ./WeatherStation.o
                0x00002d00                Anemometer::Anemometer(PinName)
                0x00002d00                Anemometer::Anemometer(PinName)
 .text._ZN10AnemometerD2Ev
                0x00002d34       0x30 ./WeatherStation.o
                0x00002d34                Anemometer::~Anemometer()
                0x00002d34                Anemometer::~Anemometer()
 .text._ZN10AnemometerD0Ev
                0x00002d64       0x20 ./WeatherStation.o
                0x00002d64                Anemometer::~Anemometer()
 .text._ZN10Anemometer4readEv
                0x00002d84       0x24 ./WeatherStation.o
                0x00002d84                Anemometer::read()
 .text._ZN11PluviometerC2Ev
                0x00002da8       0x34 ./WeatherStation.o
                0x00002da8                Pluviometer::Pluviometer()
                0x00002da8                Pluviometer::Pluviometer()
 .text._ZN11PluviometerD2Ev
                0x00002ddc       0x30 ./WeatherStation.o
                0x00002ddc                Pluviometer::~Pluviometer()
                0x00002ddc                Pluviometer::~Pluviometer()
 .text._ZN11PluviometerD0Ev
                0x00002e0c       0x20 ./WeatherStation.o
                0x00002e0c                Pluviometer::~Pluviometer()
 *fill*         0x00002e2c        0x4 
 .text._ZN11Pluviometer4readEv
                0x00002e30       0x48 ./WeatherStation.o
                0x00002e30                Pluviometer::read()
 .text._ZNK20WeatherStationConfig18getReadingIntervalEv
                0x00002e78       0x18 ./WeatherStation.o
                0x00002e78                WeatherStationConfig::getReadingInterval() const
 .text._ZNK20WeatherStationConfig11getSendTimeEv
                0x00002e90       0x18 ./WeatherStation.o
                0x00002e90                WeatherStationConfig::getSendTime() const
 .text._ZNK20WeatherStationConfig15getWatchdogTimeEv
                0x00002ea8       0x18 ./WeatherStation.o
                0x00002ea8                WeatherStationConfig::getWatchdogTime() const
 .text._ZN3GPSD2Ev
                0x00002ec0       0x20 ./WeatherStation.o
                0x00002ec0                GPS::~GPS()
                0x00002ec0                GPS::~GPS()
 .text._ZN14WeatherStationC2Ev
                0x00002ee0       0x9c ./WeatherStation.o
                0x00002ee0                WeatherStation::WeatherStation()
                0x00002ee0                WeatherStation::WeatherStation()
 .text._ZN14WeatherStationD2Ev
                0x00002f7c       0x88 ./WeatherStation.o
                0x00002f7c                WeatherStation::~WeatherStation()
                0x00002f7c                WeatherStation::~WeatherStation()
 .text._ZN14WeatherStationD0Ev
                0x00003004       0x20 ./WeatherStation.o
                0x00003004                WeatherStation::~WeatherStation()
 .text._ZN14WeatherStation11getInstanceEv
                0x00003024       0x2c ./WeatherStation.o
                0x00003024                WeatherStation::getInstance()
 .text._ZN14WeatherStation4initEv
                0x00003050       0x9c ./WeatherStation.o
                0x00003050                WeatherStation::init()
 .text._ZN14WeatherStation7destroyEv
                0x000030ec       0x1c ./WeatherStation.o
                0x000030ec                WeatherStation::destroy()
 .text._ZN14WeatherStation6configEv
                0x00003108       0x64 ./WeatherStation.o
                0x00003108                WeatherStation::config()
 .text._ZN14WeatherStation11configTimerEv
                0x0000316c       0x18 ./WeatherStation.o
                0x0000316c                WeatherStation::configTimer()
 .text._ZN14WeatherStation7readGPSEv
                0x00003184       0xe8 ./WeatherStation.o
                0x00003184                WeatherStation::readGPS()
 .text._ZN14WeatherStation14reloadWatchdogEv
                0x0000326c       0x28 ./WeatherStation.o
                0x0000326c                WeatherStation::reloadWatchdog()
 *fill*         0x00003294        0x4 
 .text._ZN14WeatherStation5startEv
                0x00003298      0x110 ./WeatherStation.o
                0x00003298                WeatherStation::start()
 .text._ZN14WeatherStation12isTimeToReadEv
                0x000033a8       0xa8 ./WeatherStation.o
                0x000033a8                WeatherStation::isTimeToRead()
 .text._ZN14WeatherStation12isTimeToSendEv
                0x00003450       0x88 ./WeatherStation.o
                0x00003450                WeatherStation::isTimeToSend()
 .text._ZN14WeatherStation11readSensorsEv
                0x000034d8      0x2b0 ./WeatherStation.o
                0x000034d8                WeatherStation::readSensors()
 .text._ZN14WeatherStation10readSensorEiffff
                0x00003788      0x1c0 ./WeatherStation.o
                0x00003788                WeatherStation::readSensor(int, float, float, float, float)
 .text._ZN14WeatherStation8saveDataEv
                0x00003948       0x68 ./WeatherStation.o
                0x00003948                WeatherStation::saveData()
 .text._ZN14WeatherStation4sendEv
                0x000039b0       0x24 ./WeatherStation.o
                0x000039b0                WeatherStation::send()
 .text._ZN14WeatherStation9powerMbedENS_8PowerOptE
                0x000039d4       0x3c ./WeatherStation.o
                0x000039d4                WeatherStation::powerMbed(WeatherStation::PowerOpt)
 .text._ZN14WeatherStation12powerBatteryENS_8PowerOptE
                0x00003a10       0x3c ./WeatherStation.o
                0x00003a10                WeatherStation::powerBattery(WeatherStation::PowerOpt)
 .text._ZN14WeatherStation8powerGPSENS_8PowerOptE
                0x00003a4c       0x3c ./WeatherStation.o
                0x00003a4c                WeatherStation::powerGPS(WeatherStation::PowerOpt)
 .text._ZN14WeatherStation8blinkLEDE7PinNamehi
                0x00003a88       0x94 ./WeatherStation.o
                0x00003a88                WeatherStation::blinkLED(PinName, unsigned char, int)
 .text._ZN14WeatherStation13printDataInfoEP11ReadingDataPKc
                0x00003b1c       0x9c ./WeatherStation.o
                0x00003b1c                WeatherStation::printDataInfo(ReadingData*, char const*)
 .text._ZN20WeatherStationConfig16setReadingConfigEhh
                0x00003bb8       0x60 ./WeatherStationConfig.o
                0x00003bb8                WeatherStationConfig::setReadingConfig(unsigned char, unsigned char)
 .text._ZN20WeatherStationConfig18setReadingIntervalENS_15ReadingUnitTypeEf
                0x00003c18      0x100 ./WeatherStationConfig.o
                0x00003c18                WeatherStationConfig::setReadingInterval(WeatherStationConfig::ReadingUnitType, float)
 .text._ZN20WeatherStationConfig11setSendTimeEPKc
                0x00003d18       0x48 ./WeatherStationConfig.o
                0x00003d18                WeatherStationConfig::setSendTime(char const*)
 .text._ZN20WeatherStationConfig15setWatchdogTimeEf
                0x00003d60       0x90 ./WeatherStationConfig.o
                0x00003d60                WeatherStationConfig::setWatchdogTime(float)
 .text._ZNK20WeatherStationConfig28getDefaultMinCorrectReadingsEv
                0x00003df0       0x18 ./WeatherStationConfig.o
                0x00003df0                WeatherStationConfig::getDefaultMinCorrectReadings() const
 .text._ZNK20WeatherStationConfig13getLowerBoundEh
                0x00003e08       0x38 ./WeatherStationConfig.o
                0x00003e08                WeatherStationConfig::getLowerBound(unsigned char) const
 .text._ZNK20WeatherStationConfig13getUpperBoundEh
                0x00003e40       0x1c ./WeatherStationConfig.o
                0x00003e40                WeatherStationConfig::getUpperBound(unsigned char) const
 .text._ZN20WeatherStationConfig22resetToDefaultSendTimeEv
                0x00003e5c       0x30 ./WeatherStationConfig.o
                0x00003e5c                WeatherStationConfig::resetToDefaultSendTime()
 .text._ZN20WeatherStationConfigC2Ev
                0x00003e8c       0x5c ./WeatherStationConfig.o
                0x00003e8c                WeatherStationConfig::WeatherStationConfig()
                0x00003e8c                WeatherStationConfig::WeatherStationConfig()
 .text._ZN20WeatherStationConfigD2Ev
                0x00003ee8       0x34 ./WeatherStationConfig.o
                0x00003ee8                WeatherStationConfig::~WeatherStationConfig()
                0x00003ee8                WeatherStationConfig::~WeatherStationConfig()
 .text._ZN20WeatherStationConfigD0Ev
                0x00003f1c       0x20 ./WeatherStationConfig.o
                0x00003f1c                WeatherStationConfig::~WeatherStationConfig()
 .text._ZN20WeatherStationConfig11convertUnitEPKc
                0x00003f3c       0x58 ./WeatherStationConfig.o
                0x00003f3c                WeatherStationConfig::convertUnit(char const*)
 .text._ZN20WeatherStationConfig12loadFromListEv
                0x00003f94       0xfc ./WeatherStationConfig.o
                0x00003f94                WeatherStationConfig::loadFromList()
 .text._ZN20WeatherStationConfig10saveToListEv
                0x00004090      0x238 ./WeatherStationConfig.o
                0x00004090                WeatherStationConfig::saveToList()
 .text._ZN20WeatherStationConfig12loadFromFileEPKc
                0x000042c8      0x134 ./WeatherStationConfig.o
                0x000042c8                WeatherStationConfig::loadFromFile(char const*)
 .text._ZN20WeatherStationConfig10saveToFileEPKcS1_NS_10FileFormatE
                0x000043fc       0xc8 ./WeatherStationConfig.o
                0x000043fc                WeatherStationConfig::saveToFile(char const*, char const*, WeatherStationConfig::FileFormat)
 .text._ZN20WeatherStationConfig9checkTimeEiii
                0x000044c4       0x4c ./WeatherStationConfig.o
                0x000044c4                WeatherStationConfig::checkTime(int, int, int)
 .text._ZN20WeatherStationConfig9checkTimeEPKc
                0x00004510       0x58 ./WeatherStationConfig.o
                0x00004510                WeatherStationConfig::checkTime(char const*)
 .text._ZN7WettingC2E7PinNameS0_S0_
                0x00004568       0x74 ./Wetting.o
                0x00004568                Wetting::Wetting(PinName, PinName, PinName)
                0x00004568                Wetting::Wetting(PinName, PinName, PinName)
 .text._ZN7WettingD2Ev
                0x000045dc       0x28 ./Wetting.o
                0x000045dc                Wetting::~Wetting()
                0x000045dc                Wetting::~Wetting()
 .text._ZN7WettingD0Ev
                0x00004604       0x20 ./Wetting.o
                0x00004604                Wetting::~Wetting()
 .text._ZN7Wetting6configEfiff
                0x00004624       0x58 ./Wetting.o
                0x00004624                Wetting::config(float, int, float, float)
 .text._ZN7Wetting4readEv
                0x0000467c      0x120 ./Wetting.o
                0x0000467c                Wetting::read()
 .text.NVIC_SetVector
                0x0000479c       0x50 D:/Documentos/LPCXpresso/Workspace/WeatherStation/mbed/TARGET_LPC1768/TOOLCHAIN_GCC_CR/cmsis_nvic.o
                0x0000479c                NVIC_SetVector
 .text.SystemInit
                0x000047ec       0xd0 D:/Documentos/LPCXpresso/Workspace/WeatherStation/mbed/TARGET_LPC1768/TOOLCHAIN_GCC_CR/system_LPC17xx.o
                0x000047ec                SystemInit
 .text._Znwj    0x000048bc        0x4 D:/Documentos/LPCXpresso/Workspace/WeatherStation/mbed/TARGET_LPC1768/TOOLCHAIN_GCC_CR/startup_LPC17xx.o
                0x000048bc                operator new(unsigned int)
 .text._ZdlPv   0x000048c0        0x4 D:/Documentos/LPCXpresso/Workspace/WeatherStation/mbed/TARGET_LPC1768/TOOLCHAIN_GCC_CR/startup_LPC17xx.o
                0x000048c0                operator delete(void*)
 .text._ZN4mbed10FileHandle4flenEv
                0x000048c4       0x38 D:/Documentos/LPCXpresso/Workspace/WeatherStation/mbed/TARGET_LPC1768/TOOLCHAIN_GCC_CR/retarget.o
                0x000048c4                mbed::FileHandle::flen()
 .text._ZN4mbed10FileHandleD2Ev
                0x000048fc       0x40 D:/Documentos/LPCXpresso/Workspace/WeatherStation/mbed/TARGET_LPC1768/TOOLCHAIN_GCC_CR/retarget.o
                0x000048fc                mbed::FileHandle::~FileHandle()
                0x000048fc                mbed::FileHandle::~FileHandle()
 .text._ZN4mbed10FileHandleD0Ev
                0x0000493c       0x48 D:/Documentos/LPCXpresso/Workspace/WeatherStation/mbed/TARGET_LPC1768/TOOLCHAIN_GCC_CR/retarget.o
                0x0000493c                mbed::FileHandle::~FileHandle()
 .text._ZL11init_serialv
                0x00004984       0x28 D:/Documentos/LPCXpresso/Workspace/WeatherStation/mbed/TARGET_LPC1768/TOOLCHAIN_GCC_CR/retarget.o
 .text._open    0x000049ac       0xe4 D:/Documentos/LPCXpresso/Workspace/WeatherStation/mbed/TARGET_LPC1768/TOOLCHAIN_GCC_CR/retarget.o
                0x000049ac                _open
 .text._close   0x00004a90       0x2c D:/Documentos/LPCXpresso/Workspace/WeatherStation/mbed/TARGET_LPC1768/TOOLCHAIN_GCC_CR/retarget.o
                0x00004a90                _close
 .text._write   0x00004abc       0x88 D:/Documentos/LPCXpresso/Workspace/WeatherStation/mbed/TARGET_LPC1768/TOOLCHAIN_GCC_CR/retarget.o
                0x00004abc                _write
 .text._read    0x00004b44       0x3c D:/Documentos/LPCXpresso/Workspace/WeatherStation/mbed/TARGET_LPC1768/TOOLCHAIN_GCC_CR/retarget.o
                0x00004b44                _read
 .text._isatty  0x00004b80       0x28 D:/Documentos/LPCXpresso/Workspace/WeatherStation/mbed/TARGET_LPC1768/TOOLCHAIN_GCC_CR/retarget.o
                0x00004b80                _isatty
 .text._lseek   0x00004ba8       0x28 D:/Documentos/LPCXpresso/Workspace/WeatherStation/mbed/TARGET_LPC1768/TOOLCHAIN_GCC_CR/retarget.o
                0x00004ba8                _lseek
 .text._fstat   0x00004bd0       0x20 D:/Documentos/LPCXpresso/Workspace/WeatherStation/mbed/TARGET_LPC1768/TOOLCHAIN_GCC_CR/retarget.o
                0x00004bd0                _fstat
 .text.__cxa_pure_virtual
                0x00004bf0        0x8 D:/Documentos/LPCXpresso/Workspace/WeatherStation/mbed/TARGET_LPC1768/TOOLCHAIN_GCC_CR/retarget.o
                0x00004bf0                __cxa_pure_virtual
 .text.analogin_init
                0x00004bf8       0xa8 D:\Documentos\LPCXpresso\Workspace\WeatherStation\mbed\TARGET_LPC1768\TOOLCHAIN_GCC_CR\libmbed.a(analogin_api.o)
                0x00004bf8                analogin_init
 .text.analogin_read
                0x00004ca0       0xd4 D:\Documentos\LPCXpresso\Workspace\WeatherStation\mbed\TARGET_LPC1768\TOOLCHAIN_GCC_CR\libmbed.a(analogin_api.o)
                0x00004ca0                analogin_read
 .text.gpio_set
                0x00004d74       0x18 D:\Documentos\LPCXpresso\Workspace\WeatherStation\mbed\TARGET_LPC1768\TOOLCHAIN_GCC_CR\libmbed.a(gpio_api.o)
                0x00004d74                gpio_set
 .text.gpio_init
                0x00004d8c       0x30 D:\Documentos\LPCXpresso\Workspace\WeatherStation\mbed\TARGET_LPC1768\TOOLCHAIN_GCC_CR\libmbed.a(gpio_api.o)
                0x00004d8c                gpio_init
 .text.gpio_mode
                0x00004dbc        0x8 D:\Documentos\LPCXpresso\Workspace\WeatherStation\mbed\TARGET_LPC1768\TOOLCHAIN_GCC_CR\libmbed.a(gpio_api.o)
                0x00004dbc                gpio_mode
 .text.gpio_dir
                0x00004dc4       0x24 D:\Documentos\LPCXpresso\Workspace\WeatherStation\mbed\TARGET_LPC1768\TOOLCHAIN_GCC_CR\libmbed.a(gpio_api.o)
                0x00004dc4                gpio_dir
 .text.handle_interrupt_in
                0x00004de8      0x154 D:\Documentos\LPCXpresso\Workspace\WeatherStation\mbed\TARGET_LPC1768\TOOLCHAIN_GCC_CR\libmbed.a(gpio_irq_api.o)
 .text.gpio_irq_init
                0x00004f3c       0x88 D:\Documentos\LPCXpresso\Workspace\WeatherStation\mbed\TARGET_LPC1768\TOOLCHAIN_GCC_CR\libmbed.a(gpio_irq_api.o)
                0x00004f3c                gpio_irq_init
 .text.gpio_irq_free
                0x00004fc4       0x14 D:\Documentos\LPCXpresso\Workspace\WeatherStation\mbed\TARGET_LPC1768\TOOLCHAIN_GCC_CR\libmbed.a(gpio_irq_api.o)
                0x00004fc4                gpio_irq_free
 .text.gpio_irq_set
                0x00004fd8      0x164 D:\Documentos\LPCXpresso\Workspace\WeatherStation\mbed\TARGET_LPC1768\TOOLCHAIN_GCC_CR\libmbed.a(gpio_irq_api.o)
                0x00004fd8                gpio_irq_set
 .text.pin_function
                0x0000513c       0x48 D:\Documentos\LPCXpresso\Workspace\WeatherStation\mbed\TARGET_LPC1768\TOOLCHAIN_GCC_CR\libmbed.a(pinmap.o)
                0x0000513c                pin_function
 .text.pin_mode
                0x00005184       0x70 D:\Documentos\LPCXpresso\Workspace\WeatherStation\mbed\TARGET_LPC1768\TOOLCHAIN_GCC_CR\libmbed.a(pinmap.o)
                0x00005184                pin_mode
 .text.uart3_irq
                0x000051f4       0x68 D:\Documentos\LPCXpresso\Workspace\WeatherStation\mbed\TARGET_LPC1768\TOOLCHAIN_GCC_CR\libmbed.a(serial_api.o)
                0x000051f4                uart3_irq
 .text.serial_irq_set_internal
                0x0000525c       0xe8 D:\Documentos\LPCXpresso\Workspace\WeatherStation\mbed\TARGET_LPC1768\TOOLCHAIN_GCC_CR\libmbed.a(serial_api.o)
 .text.uart0_irq
                0x00005344       0x60 D:\Documentos\LPCXpresso\Workspace\WeatherStation\mbed\TARGET_LPC1768\TOOLCHAIN_GCC_CR\libmbed.a(serial_api.o)
                0x00005344                uart0_irq
 .text.uart1_irq
                0x000053a4       0x60 D:\Documentos\LPCXpresso\Workspace\WeatherStation\mbed\TARGET_LPC1768\TOOLCHAIN_GCC_CR\libmbed.a(serial_api.o)
                0x000053a4                uart1_irq
 .text.uart2_irq
                0x00005404       0x64 D:\Documentos\LPCXpresso\Workspace\WeatherStation\mbed\TARGET_LPC1768\TOOLCHAIN_GCC_CR\libmbed.a(serial_api.o)
                0x00005404                uart2_irq
 .text.serial_baud
                0x00005468      0x38c D:\Documentos\LPCXpresso\Workspace\WeatherStation\mbed\TARGET_LPC1768\TOOLCHAIN_GCC_CR\libmbed.a(serial_api.o)
                0x00005468                serial_baud
 .text.serial_format
                0x000057f4       0x98 D:\Documentos\LPCXpresso\Workspace\WeatherStation\mbed\TARGET_LPC1768\TOOLCHAIN_GCC_CR\libmbed.a(serial_api.o)
                0x000057f4                serial_format
 .text.serial_irq_handler
                0x0000588c       0x24 D:\Documentos\LPCXpresso\Workspace\WeatherStation\mbed\TARGET_LPC1768\TOOLCHAIN_GCC_CR\libmbed.a(serial_api.o)
                0x0000588c                serial_irq_handler
 .text.serial_getc
                0x000058b0       0x34 D:\Documentos\LPCXpresso\Workspace\WeatherStation\mbed\TARGET_LPC1768\TOOLCHAIN_GCC_CR\libmbed.a(serial_api.o)
                0x000058b0                serial_getc
 .text.serial_writable
                0x000058e4       0x58 D:\Documentos\LPCXpresso\Workspace\WeatherStation\mbed\TARGET_LPC1768\TOOLCHAIN_GCC_CR\libmbed.a(serial_api.o)
                0x000058e4                serial_writable
 .text.serial_putc
                0x0000593c       0x34 D:\Documentos\LPCXpresso\Workspace\WeatherStation\mbed\TARGET_LPC1768\TOOLCHAIN_GCC_CR\libmbed.a(serial_api.o)
                0x0000593c                serial_putc
 .text.serial_set_flow_control
                0x00005970      0x140 D:\Documentos\LPCXpresso\Workspace\WeatherStation\mbed\TARGET_LPC1768\TOOLCHAIN_GCC_CR\libmbed.a(serial_api.o)
                0x00005970                serial_set_flow_control
 .text.serial_init
                0x00005ab0      0x2fc D:\Documentos\LPCXpresso\Workspace\WeatherStation\mbed\TARGET_LPC1768\TOOLCHAIN_GCC_CR\libmbed.a(serial_api.o)
                0x00005ab0                serial_init
 .text.exit     0x00005dac       0x1c D:\Documentos\LPCXpresso\Workspace\WeatherStation\mbed\TARGET_LPC1768\TOOLCHAIN_GCC_CR\libmbed.a(exit.o)
                0x00005dac                exit
 .text.gpio_init_in_ex
                0x00005dc8       0x20 D:\Documentos\LPCXpresso\Workspace\WeatherStation\mbed\TARGET_LPC1768\TOOLCHAIN_GCC_CR\libmbed.a(gpio.o)
                0x00005dc8                gpio_init_in_ex
 .text.gpio_init_in
                0x00005de8        0x8 D:\Documentos\LPCXpresso\Workspace\WeatherStation\mbed\TARGET_LPC1768\TOOLCHAIN_GCC_CR\libmbed.a(gpio.o)
                0x00005de8                gpio_init_in
 .text.gpio_init_out_ex
                0x00005df0       0x30 D:\Documentos\LPCXpresso\Workspace\WeatherStation\mbed\TARGET_LPC1768\TOOLCHAIN_GCC_CR\libmbed.a(gpio.o)
                0x00005df0                gpio_init_out_ex
 .text.gpio_init_out
                0x00005e20        0x8 D:\Documentos\LPCXpresso\Workspace\WeatherStation\mbed\TARGET_LPC1768\TOOLCHAIN_GCC_CR\libmbed.a(gpio.o)
                0x00005e20                gpio_init_out
 .text.mbed_interface_connected
                0x00005e28        0x4 D:\Documentos\LPCXpresso\Workspace\WeatherStation\mbed\TARGET_LPC1768\TOOLCHAIN_GCC_CR\libmbed.a(mbed_interface.o)
                0x00005e28                mbed_interface_connected
 .text.pinmap_pinout
                0x00005e2c       0x58 D:\Documentos\LPCXpresso\Workspace\WeatherStation\mbed\TARGET_LPC1768\TOOLCHAIN_GCC_CR\libmbed.a(pinmap_common.o)
                0x00005e2c                pinmap_pinout
 .text.pinmap_merge
                0x00005e84       0x30 D:\Documentos\LPCXpresso\Workspace\WeatherStation\mbed\TARGET_LPC1768\TOOLCHAIN_GCC_CR\libmbed.a(pinmap_common.o)
                0x00005e84                pinmap_merge
 .text.pinmap_find_peripheral
                0x00005eb4       0x30 D:\Documentos\LPCXpresso\Workspace\WeatherStation\mbed\TARGET_LPC1768\TOOLCHAIN_GCC_CR\libmbed.a(pinmap_common.o)
                0x00005eb4                pinmap_find_peripheral
 .text.pinmap_peripheral
                0x00005ee4       0x4c D:\Documentos\LPCXpresso\Workspace\WeatherStation\mbed\TARGET_LPC1768\TOOLCHAIN_GCC_CR\libmbed.a(pinmap_common.o)
                0x00005ee4                pinmap_peripheral
 .text.set_time
                0x00005f30       0x14 D:\Documentos\LPCXpresso\Workspace\WeatherStation\mbed\TARGET_LPC1768\TOOLCHAIN_GCC_CR\libmbed.a(rtc_time.o)
                0x00005f30                set_time
 .text.time     0x00005f44       0x1c D:\Documentos\LPCXpresso\Workspace\WeatherStation\mbed\TARGET_LPC1768\TOOLCHAIN_GCC_CR\libmbed.a(rtc_time.o)
                0x00005f44                time
 .text.semihost_open
                0x00005f60       0x24 D:\Documentos\LPCXpresso\Workspace\WeatherStation\mbed\TARGET_LPC1768\TOOLCHAIN_GCC_CR\libmbed.a(semihost_api.o)
                0x00005f60                semihost_open
 .text.semihost_close
                0x00005f84       0x1c D:\Documentos\LPCXpresso\Workspace\WeatherStation\mbed\TARGET_LPC1768\TOOLCHAIN_GCC_CR\libmbed.a(semihost_api.o)
                0x00005f84                semihost_close
 .text.semihost_write
                0x00005fa0       0x24 D:\Documentos\LPCXpresso\Workspace\WeatherStation\mbed\TARGET_LPC1768\TOOLCHAIN_GCC_CR\libmbed.a(semihost_api.o)
                0x00005fa0                semihost_write
 .text.semihost_read
                0x00005fc4       0x1c D:\Documentos\LPCXpresso\Workspace\WeatherStation\mbed\TARGET_LPC1768\TOOLCHAIN_GCC_CR\libmbed.a(semihost_api.o)
                0x00005fc4                semihost_read
 .text.semihost_istty
                0x00005fe0       0x1c D:\Documentos\LPCXpresso\Workspace\WeatherStation\mbed\TARGET_LPC1768\TOOLCHAIN_GCC_CR\libmbed.a(semihost_api.o)
                0x00005fe0                semihost_istty
 .text.semihost_seek
                0x00005ffc       0x1c D:\Documentos\LPCXpresso\Workspace\WeatherStation\mbed\TARGET_LPC1768\TOOLCHAIN_GCC_CR\libmbed.a(semihost_api.o)
                0x00005ffc                semihost_seek
 .text.semihost_ensure
                0x00006018       0x1c D:\Documentos\LPCXpresso\Workspace\WeatherStation\mbed\TARGET_LPC1768\TOOLCHAIN_GCC_CR\libmbed.a(semihost_api.o)
                0x00006018                semihost_ensure
 .text.semihost_flen
                0x00006034       0x1c D:\Documentos\LPCXpresso\Workspace\WeatherStation\mbed\TARGET_LPC1768\TOOLCHAIN_GCC_CR\libmbed.a(semihost_api.o)
                0x00006034                semihost_flen
 .text.semihost_remove
                0x00006050       0x20 D:\Documentos\LPCXpresso\Workspace\WeatherStation\mbed\TARGET_LPC1768\TOOLCHAIN_GCC_CR\libmbed.a(semihost_api.o)
                0x00006050                semihost_remove
 .text.semihost_exit
                0x00006070       0x18 D:\Documentos\LPCXpresso\Workspace\WeatherStation\mbed\TARGET_LPC1768\TOOLCHAIN_GCC_CR\libmbed.a(semihost_api.o)
                0x00006070                semihost_exit
 .text.semihost_connected
                0x00006088       0x10 D:\Documentos\LPCXpresso\Workspace\WeatherStation\mbed\TARGET_LPC1768\TOOLCHAIN_GCC_CR\libmbed.a(semihost_api.o)
                0x00006088                semihost_connected
 .text.wait_us  0x00006098       0x18 D:\Documentos\LPCXpresso\Workspace\WeatherStation\mbed\TARGET_LPC1768\TOOLCHAIN_GCC_CR\libmbed.a(wait_api.o)
                0x00006098                wait_us
 .text.wait_ms  0x000060b0        0xc D:\Documentos\LPCXpresso\Workspace\WeatherStation\mbed\TARGET_LPC1768\TOOLCHAIN_GCC_CR\libmbed.a(wait_api.o)
                0x000060b0                wait_ms
 .text.wait     0x000060bc       0x1c D:\Documentos\LPCXpresso\Workspace\WeatherStation\mbed\TARGET_LPC1768\TOOLCHAIN_GCC_CR\libmbed.a(wait_api.o)
                0x000060bc                wait
 .text._ZN4mbed8FilePathC2EPKc
                0x000060d8       0x58 D:\Documentos\LPCXpresso\Workspace\WeatherStation\mbed\TARGET_LPC1768\TOOLCHAIN_GCC_CR\libmbed.a(FilePath.o)
                0x000060d8                mbed::FilePath::FilePath(char const*)
                0x000060d8                mbed::FilePath::FilePath(char const*)
 .text._ZN4mbed8FilePath8fileNameEv
                0x00006130        0x4 D:\Documentos\LPCXpresso\Workspace\WeatherStation\mbed\TARGET_LPC1768\TOOLCHAIN_GCC_CR\libmbed.a(FilePath.o)
                0x00006130                mbed::FilePath::fileName()
 .text._ZN4mbed8FilePath12isFileSystemEv
                0x00006134       0x18 D:\Documentos\LPCXpresso\Workspace\WeatherStation\mbed\TARGET_LPC1768\TOOLCHAIN_GCC_CR\libmbed.a(FilePath.o)
                0x00006134                mbed::FilePath::isFileSystem()
 .text._ZN4mbed8FilePath10fileSystemEv
                0x0000614c       0x10 D:\Documentos\LPCXpresso\Workspace\WeatherStation\mbed\TARGET_LPC1768\TOOLCHAIN_GCC_CR\libmbed.a(FilePath.o)
                0x0000614c                mbed::FilePath::fileSystem()
 .text._ZN4mbed8FilePath6isFileEv
                0x0000615c       0x14 D:\Documentos\LPCXpresso\Workspace\WeatherStation\mbed\TARGET_LPC1768\TOOLCHAIN_GCC_CR\libmbed.a(FilePath.o)
                0x0000615c                mbed::FilePath::isFile()
 .text._ZN4mbed8FilePath4fileEv
                0x00006170       0x14 D:\Documentos\LPCXpresso\Workspace\WeatherStation\mbed\TARGET_LPC1768\TOOLCHAIN_GCC_CR\libmbed.a(FilePath.o)
                0x00006170                mbed::FilePath::file()
 .text._ZN4mbed8FilePath6existsEv
                0x00006184        0xc D:\Documentos\LPCXpresso\Workspace\WeatherStation\mbed\TARGET_LPC1768\TOOLCHAIN_GCC_CR\libmbed.a(FilePath.o)
                0x00006184                mbed::FilePath::exists()
 .text._ZN4mbed9DirHandle7telldirEv
                0x00006190        0x8 D:\Documentos\LPCXpresso\Workspace\WeatherStation\mbed\TARGET_LPC1768\TOOLCHAIN_GCC_CR\libmbed.a(FileSystemLike.o)
                0x00006190                mbed::DirHandle::telldir()
 .text._ZN4mbed9DirHandle7seekdirEl
                0x00006198        0x4 D:\Documentos\LPCXpresso\Workspace\WeatherStation\mbed\TARGET_LPC1768\TOOLCHAIN_GCC_CR\libmbed.a(FileSystemLike.o)
                0x00006198                mbed::DirHandle::seekdir(long)
 .text._ZN4mbed9DirHandleD2Ev
                0x0000619c        0xc D:\Documentos\LPCXpresso\Workspace\WeatherStation\mbed\TARGET_LPC1768\TOOLCHAIN_GCC_CR\libmbed.a(FileSystemLike.o)
                0x0000619c                mbed::DirHandle::~DirHandle()
                0x0000619c                mbed::DirHandle::~DirHandle()
 .text._ZN4mbed14FileSystemLike6removeEPKc
                0x000061a8        0x8 D:\Documentos\LPCXpresso\Workspace\WeatherStation\mbed\TARGET_LPC1768\TOOLCHAIN_GCC_CR\libmbed.a(FileSystemLike.o)
                0x000061a8                mbed::FileSystemLike::remove(char const*)
 .text._ZN4mbed14FileSystemLike6renameEPKcS2_
                0x000061b0        0x8 D:\Documentos\LPCXpresso\Workspace\WeatherStation\mbed\TARGET_LPC1768\TOOLCHAIN_GCC_CR\libmbed.a(FileSystemLike.o)
                0x000061b0                mbed::FileSystemLike::rename(char const*, char const*)
 .text._ZN4mbed14FileSystemLike7opendirEPKc
                0x000061b8        0x4 D:\Documentos\LPCXpresso\Workspace\WeatherStation\mbed\TARGET_LPC1768\TOOLCHAIN_GCC_CR\libmbed.a(FileSystemLike.o)
                0x000061b8                mbed::FileSystemLike::opendir(char const*)
 .text._ZN4mbed14FileSystemLike5mkdirEPKcj
                0x000061bc        0x8 D:\Documentos\LPCXpresso\Workspace\WeatherStation\mbed\TARGET_LPC1768\TOOLCHAIN_GCC_CR\libmbed.a(FileSystemLike.o)
                0x000061bc                mbed::FileSystemLike::mkdir(char const*, unsigned int)
 .text._ZN4mbed9DirHandleD0Ev
                0x000061c4       0x14 D:\Documentos\LPCXpresso\Workspace\WeatherStation\mbed\TARGET_LPC1768\TOOLCHAIN_GCC_CR\libmbed.a(FileSystemLike.o)
                0x000061c4                mbed::DirHandle::~DirHandle()
 .text._ZN4mbed14FileSystemLikeD2Ev
                0x000061d8       0x14 D:\Documentos\LPCXpresso\Workspace\WeatherStation\mbed\TARGET_LPC1768\TOOLCHAIN_GCC_CR\libmbed.a(FileSystemLike.o)
                0x000061d8                mbed::FileSystemLike::~FileSystemLike()
                0x000061d8                mbed::FileSystemLike::~FileSystemLike()
 .text._ZN4mbed14FileSystemLikeD0Ev
                0x000061ec       0x1c D:\Documentos\LPCXpresso\Workspace\WeatherStation\mbed\TARGET_LPC1768\TOOLCHAIN_GCC_CR\libmbed.a(FileSystemLike.o)
                0x000061ec                mbed::FileSystemLike::~FileSystemLike()
 .text._ZN4mbed14FileSystemLikeC2EPKc
                0x00006208       0x18 D:\Documentos\LPCXpresso\Workspace\WeatherStation\mbed\TARGET_LPC1768\TOOLCHAIN_GCC_CR\libmbed.a(FileSystemLike.o)
                0x00006208                mbed::FileSystemLike::FileSystemLike(char const*)
                0x00006208                mbed::FileSystemLike::FileSystemLike(char const*)
 .text._ZN4mbed15FunctionPointerC2EPFvvE
                0x00006220        0x8 D:\Documentos\LPCXpresso\Workspace\WeatherStation\mbed\TARGET_LPC1768\TOOLCHAIN_GCC_CR\libmbed.a(FunctionPointer.o)
                0x00006220                mbed::FunctionPointer::FunctionPointer(void (*)())
                0x00006220                mbed::FunctionPointer::FunctionPointer(void (*)())
 .text._ZN4mbed15FunctionPointer6attachEPFvvE
                0x00006228        0x8 D:\Documentos\LPCXpresso\Workspace\WeatherStation\mbed\TARGET_LPC1768\TOOLCHAIN_GCC_CR\libmbed.a(FunctionPointer.o)
                0x00006228                mbed::FunctionPointer::attach(void (*)())
 .text._ZN4mbed15FunctionPointer4callEv
                0x00006230       0x1c D:\Documentos\LPCXpresso\Workspace\WeatherStation\mbed\TARGET_LPC1768\TOOLCHAIN_GCC_CR\libmbed.a(FunctionPointer.o)
                0x00006230                mbed::FunctionPointer::call()
 .text._ZN4mbed11InterruptIn12_irq_handlerEm14gpio_irq_event
                0x0000624c       0x18 D:\Documentos\LPCXpresso\Workspace\WeatherStation\mbed\TARGET_LPC1768\TOOLCHAIN_GCC_CR\libmbed.a(InterruptIn.o)
                0x0000624c                mbed::InterruptIn::_irq_handler(unsigned long, gpio_irq_event)
 .text._ZN4mbed11InterruptInD2Ev
                0x00006264       0x18 D:\Documentos\LPCXpresso\Workspace\WeatherStation\mbed\TARGET_LPC1768\TOOLCHAIN_GCC_CR\libmbed.a(InterruptIn.o)
                0x00006264                mbed::InterruptIn::~InterruptIn()
                0x00006264                mbed::InterruptIn::~InterruptIn()
 .text._ZN4mbed11InterruptInD0Ev
                0x0000627c       0x1c D:\Documentos\LPCXpresso\Workspace\WeatherStation\mbed\TARGET_LPC1768\TOOLCHAIN_GCC_CR\libmbed.a(InterruptIn.o)
                0x0000627c                mbed::InterruptIn::~InterruptIn()
 .text._ZN4mbed11InterruptInC2E7PinName
                0x00006298       0x40 D:\Documentos\LPCXpresso\Workspace\WeatherStation\mbed\TARGET_LPC1768\TOOLCHAIN_GCC_CR\libmbed.a(InterruptIn.o)
                0x00006298                mbed::InterruptIn::InterruptIn(PinName)
                0x00006298                mbed::InterruptIn::InterruptIn(PinName)
 .text._ZN4mbed11InterruptIn4modeE7PinMode
                0x000062d8        0x8 D:\Documentos\LPCXpresso\Workspace\WeatherStation\mbed\TARGET_LPC1768\TOOLCHAIN_GCC_CR\libmbed.a(InterruptIn.o)
                0x000062d8                mbed::InterruptIn::mode(PinMode)
 .text._ZN4mbed11InterruptIn4riseEPFvvE
                0x000062e0       0x30 D:\Documentos\LPCXpresso\Workspace\WeatherStation\mbed\TARGET_LPC1768\TOOLCHAIN_GCC_CR\libmbed.a(InterruptIn.o)
                0x000062e0                mbed::InterruptIn::rise(void (*)())
 .text._ZN4mbed11InterruptIn4fallEPFvvE
                0x00006310       0x30 D:\Documentos\LPCXpresso\Workspace\WeatherStation\mbed\TARGET_LPC1768\TOOLCHAIN_GCC_CR\libmbed.a(InterruptIn.o)
                0x00006310                mbed::InterruptIn::fall(void (*)())
 .text._ZN4mbed14LocalDirHandleD2Ev
                0x00006340        0xc D:\Documentos\LPCXpresso\Workspace\WeatherStation\mbed\TARGET_LPC1768\TOOLCHAIN_GCC_CR\libmbed.a(LocalFileSystem.o)
                0x00006340                mbed::LocalDirHandle::~LocalDirHandle()
                0x00006340                mbed::LocalDirHandle::~LocalDirHandle()
 .text._ZN4mbed14LocalDirHandle8closedirEv
                0x0000634c       0x10 D:\Documentos\LPCXpresso\Workspace\WeatherStation\mbed\TARGET_LPC1768\TOOLCHAIN_GCC_CR\libmbed.a(LocalFileSystem.o)
                0x0000634c                mbed::LocalDirHandle::closedir()
 .text._ZN4mbed14LocalDirHandle9rewinddirEv
                0x0000635c        0x8 D:\Documentos\LPCXpresso\Workspace\WeatherStation\mbed\TARGET_LPC1768\TOOLCHAIN_GCC_CR\libmbed.a(LocalFileSystem.o)
                0x0000635c                mbed::LocalDirHandle::rewinddir()
 .text._ZN4mbed14LocalDirHandle7telldirEv
                0x00006364        0x8 D:\Documentos\LPCXpresso\Workspace\WeatherStation\mbed\TARGET_LPC1768\TOOLCHAIN_GCC_CR\libmbed.a(LocalFileSystem.o)
                0x00006364                mbed::LocalDirHandle::telldir()
 .text._ZN4mbed14LocalDirHandle7seekdirEl
                0x0000636c        0x8 D:\Documentos\LPCXpresso\Workspace\WeatherStation\mbed\TARGET_LPC1768\TOOLCHAIN_GCC_CR\libmbed.a(LocalFileSystem.o)
                0x0000636c                mbed::LocalDirHandle::seekdir(long)
 .text._ZN4mbed15LocalFileHandleD2Ev
                0x00006374       0x14 D:\Documentos\LPCXpresso\Workspace\WeatherStation\mbed\TARGET_LPC1768\TOOLCHAIN_GCC_CR\libmbed.a(LocalFileSystem.o)
                0x00006374                mbed::LocalFileHandle::~LocalFileHandle()
                0x00006374                mbed::LocalFileHandle::~LocalFileHandle()
 .text._ZN4mbed14LocalDirHandleD0Ev
                0x00006388       0x14 D:\Documentos\LPCXpresso\Workspace\WeatherStation\mbed\TARGET_LPC1768\TOOLCHAIN_GCC_CR\libmbed.a(LocalFileSystem.o)
                0x00006388                mbed::LocalDirHandle::~LocalDirHandle()
 .text._ZN4mbed15LocalFileHandleD0Ev
                0x0000639c       0x1c D:\Documentos\LPCXpresso\Workspace\WeatherStation\mbed\TARGET_LPC1768\TOOLCHAIN_GCC_CR\libmbed.a(LocalFileSystem.o)
                0x0000639c                mbed::LocalFileHandle::~LocalFileHandle()
 .text._ZN4mbed15LocalFileSystem7opendirEPKc
                0x000063b8       0x1c D:\Documentos\LPCXpresso\Workspace\WeatherStation\mbed\TARGET_LPC1768\TOOLCHAIN_GCC_CR\libmbed.a(LocalFileSystem.o)
                0x000063b8                mbed::LocalFileSystem::opendir(char const*)
 .text._ZN4mbed15LocalFileSystem6removeEPKc
                0x000063d4        0x8 D:\Documentos\LPCXpresso\Workspace\WeatherStation\mbed\TARGET_LPC1768\TOOLCHAIN_GCC_CR\libmbed.a(LocalFileSystem.o)
                0x000063d4                mbed::LocalFileSystem::remove(char const*)
 .text._ZN4mbed14LocalDirHandle7readdirEv
                0x000063dc       0x48 D:\Documentos\LPCXpresso\Workspace\WeatherStation\mbed\TARGET_LPC1768\TOOLCHAIN_GCC_CR\libmbed.a(LocalFileSystem.o)
                0x000063dc                mbed::LocalDirHandle::readdir()
 .text._ZN4mbed15LocalFileHandle4flenEv
                0x00006424        0x8 D:\Documentos\LPCXpresso\Workspace\WeatherStation\mbed\TARGET_LPC1768\TOOLCHAIN_GCC_CR\libmbed.a(LocalFileSystem.o)
                0x00006424                mbed::LocalFileHandle::flen()
 .text._ZN4mbed15LocalFileHandle5fsyncEv
                0x0000642c        0x8 D:\Documentos\LPCXpresso\Workspace\WeatherStation\mbed\TARGET_LPC1768\TOOLCHAIN_GCC_CR\libmbed.a(LocalFileSystem.o)
                0x0000642c                mbed::LocalFileHandle::fsync()
 .text._ZN4mbed15LocalFileHandle5lseekEli
                0x00006434       0x44 D:\Documentos\LPCXpresso\Workspace\WeatherStation\mbed\TARGET_LPC1768\TOOLCHAIN_GCC_CR\libmbed.a(LocalFileSystem.o)
                0x00006434                mbed::LocalFileHandle::lseek(long, int)
 .text._ZN4mbed15LocalFileHandle6isattyEv
                0x00006478        0x8 D:\Documentos\LPCXpresso\Workspace\WeatherStation\mbed\TARGET_LPC1768\TOOLCHAIN_GCC_CR\libmbed.a(LocalFileSystem.o)
                0x00006478                mbed::LocalFileHandle::isatty()
 .text._ZN4mbed15LocalFileHandle4readEPvj
                0x00006480       0x18 D:\Documentos\LPCXpresso\Workspace\WeatherStation\mbed\TARGET_LPC1768\TOOLCHAIN_GCC_CR\libmbed.a(LocalFileSystem.o)
                0x00006480                mbed::LocalFileHandle::read(void*, unsigned int)
 .text._ZN4mbed15LocalFileHandle5writeEPKvj
                0x00006498       0x18 D:\Documentos\LPCXpresso\Workspace\WeatherStation\mbed\TARGET_LPC1768\TOOLCHAIN_GCC_CR\libmbed.a(LocalFileSystem.o)
                0x00006498                mbed::LocalFileHandle::write(void const*, unsigned int)
 .text._ZN4mbed15LocalFileHandle5closeEv
                0x000064b0       0x1c D:\Documentos\LPCXpresso\Workspace\WeatherStation\mbed\TARGET_LPC1768\TOOLCHAIN_GCC_CR\libmbed.a(LocalFileSystem.o)
                0x000064b0                mbed::LocalFileHandle::close()
 .text._ZN4mbed28posix_to_semihost_open_flagsEi
                0x000064cc       0x34 D:\Documentos\LPCXpresso\Workspace\WeatherStation\mbed\TARGET_LPC1768\TOOLCHAIN_GCC_CR\libmbed.a(LocalFileSystem.o)
                0x000064cc                mbed::posix_to_semihost_open_flags(int)
 .text._ZN4mbed15LocalFileSystem4openEPKci
                0x00006500       0x50 D:\Documentos\LPCXpresso\Workspace\WeatherStation\mbed\TARGET_LPC1768\TOOLCHAIN_GCC_CR\libmbed.a(LocalFileSystem.o)
                0x00006500                mbed::LocalFileSystem::open(char const*, int)
 .text._ZN4mbed6Serial5_putcEi
                0x00006550        0x8 D:\Documentos\LPCXpresso\Workspace\WeatherStation\mbed\TARGET_LPC1768\TOOLCHAIN_GCC_CR\libmbed.a(Serial.o)
                0x00006550                mbed::Serial::_putc(int)
 .text._ZN4mbed6Serial5_getcEv
                0x00006558        0x8 D:\Documentos\LPCXpresso\Workspace\WeatherStation\mbed\TARGET_LPC1768\TOOLCHAIN_GCC_CR\libmbed.a(Serial.o)
                0x00006558                mbed::Serial::_getc()
 .text._ZN4mbed6SerialC2E7PinNameS1_PKc
                0x00006560       0x2c D:\Documentos\LPCXpresso\Workspace\WeatherStation\mbed\TARGET_LPC1768\TOOLCHAIN_GCC_CR\libmbed.a(Serial.o)
                0x00006560                mbed::Serial::Serial(PinName, PinName, char const*)
                0x00006560                mbed::Serial::Serial(PinName, PinName, char const*)
 .text._ZN4mbed10SerialBase12_irq_handlerEm9SerialIrq
                0x0000658c       0x10 D:\Documentos\LPCXpresso\Workspace\WeatherStation\mbed\TARGET_LPC1768\TOOLCHAIN_GCC_CR\libmbed.a(SerialBase.o)
                0x0000658c                mbed::SerialBase::_irq_handler(unsigned long, SerialIrq)
 .text._ZN4mbed10SerialBaseC2E7PinNameS1_
                0x0000659c       0x40 D:\Documentos\LPCXpresso\Workspace\WeatherStation\mbed\TARGET_LPC1768\TOOLCHAIN_GCC_CR\libmbed.a(SerialBase.o)
                0x0000659c                mbed::SerialBase::SerialBase(PinName, PinName)
                0x0000659c                mbed::SerialBase::SerialBase(PinName, PinName)
 .text._ZN4mbed10SerialBase4baudEi
                0x000065dc       0x10 D:\Documentos\LPCXpresso\Workspace\WeatherStation\mbed\TARGET_LPC1768\TOOLCHAIN_GCC_CR\libmbed.a(SerialBase.o)
                0x000065dc                mbed::SerialBase::baud(int)
 .text._ZN4mbed10SerialBase10_base_getcEv
                0x000065ec        0x4 D:\Documentos\LPCXpresso\Workspace\WeatherStation\mbed\TARGET_LPC1768\TOOLCHAIN_GCC_CR\libmbed.a(SerialBase.o)
                0x000065ec                mbed::SerialBase::_base_getc()
 .text._ZN4mbed10SerialBase10_base_putcEi
                0x000065f0        0xc D:\Documentos\LPCXpresso\Workspace\WeatherStation\mbed\TARGET_LPC1768\TOOLCHAIN_GCC_CR\libmbed.a(SerialBase.o)
                0x000065f0                mbed::SerialBase::_base_putc(int)
 .text._ZN4mbed6Stream5closeEv
                0x000065fc        0x4 D:\Documentos\LPCXpresso\Workspace\WeatherStation\mbed\TARGET_LPC1768\TOOLCHAIN_GCC_CR\libmbed.a(Stream.o)
                0x000065fc                mbed::Stream::close()
 .text._ZN4mbed6Stream5writeEPKvj
                0x00006600       0x7c D:\Documentos\LPCXpresso\Workspace\WeatherStation\mbed\TARGET_LPC1768\TOOLCHAIN_GCC_CR\libmbed.a(Stream.o)
                0x00006600                mbed::Stream::write(void const*, unsigned int)
 .text._ZN4mbed6Stream4readEPvj
                0x0000667c       0x7c D:\Documentos\LPCXpresso\Workspace\WeatherStation\mbed\TARGET_LPC1768\TOOLCHAIN_GCC_CR\libmbed.a(Stream.o)
                0x0000667c                mbed::Stream::read(void*, unsigned int)
 .text._ZN4mbed6Stream5lseekEli
                0x000066f8        0x4 D:\Documentos\LPCXpresso\Workspace\WeatherStation\mbed\TARGET_LPC1768\TOOLCHAIN_GCC_CR\libmbed.a(Stream.o)
                0x000066f8                mbed::Stream::lseek(long, int)
 .text._ZN4mbed6Stream6isattyEv
                0x000066fc        0x4 D:\Documentos\LPCXpresso\Workspace\WeatherStation\mbed\TARGET_LPC1768\TOOLCHAIN_GCC_CR\libmbed.a(Stream.o)
                0x000066fc                mbed::Stream::isatty()
 .text._ZN4mbed6Stream5fsyncEv
                0x00006700        0x4 D:\Documentos\LPCXpresso\Workspace\WeatherStation\mbed\TARGET_LPC1768\TOOLCHAIN_GCC_CR\libmbed.a(Stream.o)
                0x00006700                mbed::Stream::fsync()
 .text._ZN4mbed6Stream4flenEv
                0x00006704        0x4 D:\Documentos\LPCXpresso\Workspace\WeatherStation\mbed\TARGET_LPC1768\TOOLCHAIN_GCC_CR\libmbed.a(Stream.o)
                0x00006704                mbed::Stream::flen()
 .text._ZThn4_N4mbed6StreamD1Ev
                0x00006708        0x8 D:\Documentos\LPCXpresso\Workspace\WeatherStation\mbed\TARGET_LPC1768\TOOLCHAIN_GCC_CR\libmbed.a(Stream.o)
                0x00006708                non-virtual thunk to mbed::Stream::~Stream()
 .text._ZN4mbed6StreamD2Ev
                0x00006710       0x28 D:\Documentos\LPCXpresso\Workspace\WeatherStation\mbed\TARGET_LPC1768\TOOLCHAIN_GCC_CR\libmbed.a(Stream.o)
                0x00006710                mbed::Stream::~Stream()
                0x00006710                mbed::Stream::~Stream()
 .text._ZThn4_N4mbed6StreamD0Ev
                0x00006738        0x8 D:\Documentos\LPCXpresso\Workspace\WeatherStation\mbed\TARGET_LPC1768\TOOLCHAIN_GCC_CR\libmbed.a(Stream.o)
                0x00006738                non-virtual thunk to mbed::Stream::~Stream()
 .text._ZN4mbed6StreamD0Ev
                0x00006740       0x14 D:\Documentos\LPCXpresso\Workspace\WeatherStation\mbed\TARGET_LPC1768\TOOLCHAIN_GCC_CR\libmbed.a(Stream.o)
                0x00006740                mbed::Stream::~Stream()
 .text._ZN4mbed6StreamC2EPKc
                0x00006754       0x48 D:\Documentos\LPCXpresso\Workspace\WeatherStation\mbed\TARGET_LPC1768\TOOLCHAIN_GCC_CR\libmbed.a(Stream.o)
                0x00006754                mbed::Stream::Stream(char const*)
                0x00006754                mbed::Stream::Stream(char const*)
 .text._ZN4mbed6Stream4getcEv
                0x0000679c       0x14 D:\Documentos\LPCXpresso\Workspace\WeatherStation\mbed\TARGET_LPC1768\TOOLCHAIN_GCC_CR\libmbed.a(Stream.o)
                0x0000679c                mbed::Stream::getc()
 .text._ZN4mbed6Stream6printfEPKcz
                0x000067b0       0x2c D:\Documentos\LPCXpresso\Workspace\WeatherStation\mbed\TARGET_LPC1768\TOOLCHAIN_GCC_CR\libmbed.a(Stream.o)
                0x000067b0                mbed::Stream::printf(char const*, ...)
 .text._ZN4mbed6Ticker7handlerEv
                0x000067dc       0x1c D:\Documentos\LPCXpresso\Workspace\WeatherStation\mbed\TARGET_LPC1768\TOOLCHAIN_GCC_CR\libmbed.a(Ticker.o)
                0x000067dc                mbed::Ticker::handler()
 .text._ZN4mbed6Ticker6detachEv
                0x000067f8       0x18 D:\Documentos\LPCXpresso\Workspace\WeatherStation\mbed\TARGET_LPC1768\TOOLCHAIN_GCC_CR\libmbed.a(Ticker.o)
                0x000067f8                mbed::Ticker::detach()
 .text._ZN4mbed6Ticker5setupEj
                0x00006810       0x1c D:\Documentos\LPCXpresso\Workspace\WeatherStation\mbed\TARGET_LPC1768\TOOLCHAIN_GCC_CR\libmbed.a(Ticker.o)
                0x00006810                mbed::Ticker::setup(unsigned int)
 .text._ZN4mbed7Timeout7handlerEv
                0x0000682c        0x8 D:\Documentos\LPCXpresso\Workspace\WeatherStation\mbed\TARGET_LPC1768\TOOLCHAIN_GCC_CR\libmbed.a(Timeout.o)
                0x0000682c                mbed::Timeout::handler()
 .text._ZN4mbed5Timer5startEv
                0x00006834       0x10 D:\Documentos\LPCXpresso\Workspace\WeatherStation\mbed\TARGET_LPC1768\TOOLCHAIN_GCC_CR\libmbed.a(Timer.o)
                0x00006834                mbed::Timer::start()
 .text._ZN4mbed5Timer9slicetimeEv
                0x00006844       0x14 D:\Documentos\LPCXpresso\Workspace\WeatherStation\mbed\TARGET_LPC1768\TOOLCHAIN_GCC_CR\libmbed.a(Timer.o)
                0x00006844                mbed::Timer::slicetime()
 .text._ZN4mbed5Timer7read_usEv
                0x00006858        0xc D:\Documentos\LPCXpresso\Workspace\WeatherStation\mbed\TARGET_LPC1768\TOOLCHAIN_GCC_CR\libmbed.a(Timer.o)
                0x00006858                mbed::Timer::read_us()
 .text._ZN4mbed5Timer7read_msEv
                0x00006864       0x1c D:\Documentos\LPCXpresso\Workspace\WeatherStation\mbed\TARGET_LPC1768\TOOLCHAIN_GCC_CR\libmbed.a(Timer.o)
                0x00006864                mbed::Timer::read_ms()
 .text._ZN4mbed5Timer4readEv
                0x00006880       0x18 D:\Documentos\LPCXpresso\Workspace\WeatherStation\mbed\TARGET_LPC1768\TOOLCHAIN_GCC_CR\libmbed.a(Timer.o)
                0x00006880                mbed::Timer::read()
 .text._ZN4mbed5Timer4stopEv
                0x00006898       0x14 D:\Documentos\LPCXpresso\Workspace\WeatherStation\mbed\TARGET_LPC1768\TOOLCHAIN_GCC_CR\libmbed.a(Timer.o)
                0x00006898                mbed::Timer::stop()
 .text._ZN4mbed5Timer5resetEv
                0x000068ac       0x10 D:\Documentos\LPCXpresso\Workspace\WeatherStation\mbed\TARGET_LPC1768\TOOLCHAIN_GCC_CR\libmbed.a(Timer.o)
                0x000068ac                mbed::Timer::reset()
 .text._ZN4mbed5TimerC2Ev
                0x000068bc        0xc D:\Documentos\LPCXpresso\Workspace\WeatherStation\mbed\TARGET_LPC1768\TOOLCHAIN_GCC_CR\libmbed.a(Timer.o)
                0x000068bc                mbed::Timer::Timer()
                0x000068bc                mbed::Timer::Timer()
 .text._ZN4mbed10TimerEvent3irqEm
                0x000068c8        0xc D:\Documentos\LPCXpresso\Workspace\WeatherStation\mbed\TARGET_LPC1768\TOOLCHAIN_GCC_CR\libmbed.a(TimerEvent.o)
                0x000068c8                mbed::TimerEvent::irq(unsigned long)
 .text._ZN4mbed10TimerEventD2Ev
                0x000068d4       0x18 D:\Documentos\LPCXpresso\Workspace\WeatherStation\mbed\TARGET_LPC1768\TOOLCHAIN_GCC_CR\libmbed.a(TimerEvent.o)
                0x000068d4                mbed::TimerEvent::~TimerEvent()
                0x000068d4                mbed::TimerEvent::~TimerEvent()
 .text._ZN4mbed10TimerEventD0Ev
                0x000068ec       0x1c D:\Documentos\LPCXpresso\Workspace\WeatherStation\mbed\TARGET_LPC1768\TOOLCHAIN_GCC_CR\libmbed.a(TimerEvent.o)
                0x000068ec                mbed::TimerEvent::~TimerEvent()
 .text._ZN4mbed10TimerEventC2Ev
                0x00006908       0x20 D:\Documentos\LPCXpresso\Workspace\WeatherStation\mbed\TARGET_LPC1768\TOOLCHAIN_GCC_CR\libmbed.a(TimerEvent.o)
                0x00006908                mbed::TimerEvent::TimerEvent()
                0x00006908                mbed::TimerEvent::TimerEvent()
 .text._ZN4mbed10TimerEvent6insertEj
                0x00006928        0x8 D:\Documentos\LPCXpresso\Workspace\WeatherStation\mbed\TARGET_LPC1768\TOOLCHAIN_GCC_CR\libmbed.a(TimerEvent.o)
                0x00006928                mbed::TimerEvent::insert(unsigned int)
 .text._ZN4mbed10TimerEvent6removeEv
                0x00006930        0x8 D:\Documentos\LPCXpresso\Workspace\WeatherStation\mbed\TARGET_LPC1768\TOOLCHAIN_GCC_CR\libmbed.a(TimerEvent.o)
                0x00006930                mbed::TimerEvent::remove()
 .text.rtc_init
                0x00006938       0x2c D:\Documentos\LPCXpresso\Workspace\WeatherStation\mbed\TARGET_LPC1768\TOOLCHAIN_GCC_CR\libmbed.a(rtc_api.o)
                0x00006938                rtc_init
 .text.rtc_isenabled
                0x00006964       0x10 D:\Documentos\LPCXpresso\Workspace\WeatherStation\mbed\TARGET_LPC1768\TOOLCHAIN_GCC_CR\libmbed.a(rtc_api.o)
                0x00006964                rtc_isenabled
 .text.rtc_read
                0x00006974       0x44 D:\Documentos\LPCXpresso\Workspace\WeatherStation\mbed\TARGET_LPC1768\TOOLCHAIN_GCC_CR\libmbed.a(rtc_api.o)
                0x00006974                rtc_read
 .text.rtc_write
                0x000069b8       0x60 D:\Documentos\LPCXpresso\Workspace\WeatherStation\mbed\TARGET_LPC1768\TOOLCHAIN_GCC_CR\libmbed.a(rtc_api.o)
                0x000069b8                rtc_write
 .text.us_ticker_init
                0x00006a18       0x74 D:\Documentos\LPCXpresso\Workspace\WeatherStation\mbed\TARGET_LPC1768\TOOLCHAIN_GCC_CR\libmbed.a(us_ticker.o)
                0x00006a18                us_ticker_init
 .text.us_ticker_read
                0x00006a8c       0x1c D:\Documentos\LPCXpresso\Workspace\WeatherStation\mbed\TARGET_LPC1768\TOOLCHAIN_GCC_CR\libmbed.a(us_ticker.o)
                0x00006a8c                us_ticker_read
 .text.us_ticker_set_interrupt
                0x00006aa8       0x14 D:\Documentos\LPCXpresso\Workspace\WeatherStation\mbed\TARGET_LPC1768\TOOLCHAIN_GCC_CR\libmbed.a(us_ticker.o)
                0x00006aa8                us_ticker_set_interrupt
 .text.us_ticker_disable_interrupt
                0x00006abc       0x14 D:\Documentos\LPCXpresso\Workspace\WeatherStation\mbed\TARGET_LPC1768\TOOLCHAIN_GCC_CR\libmbed.a(us_ticker.o)
                0x00006abc                us_ticker_disable_interrupt
 .text.us_ticker_clear_interrupt
                0x00006ad0       0x10 D:\Documentos\LPCXpresso\Workspace\WeatherStation\mbed\TARGET_LPC1768\TOOLCHAIN_GCC_CR\libmbed.a(us_ticker.o)
                0x00006ad0                us_ticker_clear_interrupt
 .text.mbed_die
                0x00006ae0       0x7c D:\Documentos\LPCXpresso\Workspace\WeatherStation\mbed\TARGET_LPC1768\TOOLCHAIN_GCC_CR\libmbed.a(board.o)
                0x00006ae0                mbed_die
 .text.us_ticker_set_handler
                0x00006b5c       0x14 D:\Documentos\LPCXpresso\Workspace\WeatherStation\mbed\TARGET_LPC1768\TOOLCHAIN_GCC_CR\libmbed.a(us_ticker_api.o)
                0x00006b5c                us_ticker_set_handler
 .text.us_ticker_irq_handler
                0x00006b70       0x4c D:\Documentos\LPCXpresso\Workspace\WeatherStation\mbed\TARGET_LPC1768\TOOLCHAIN_GCC_CR\libmbed.a(us_ticker_api.o)
                0x00006b70                us_ticker_irq_handler
 .text.us_ticker_insert_event
                0x00006bbc       0x48 D:\Documentos\LPCXpresso\Workspace\WeatherStation\mbed\TARGET_LPC1768\TOOLCHAIN_GCC_CR\libmbed.a(us_ticker_api.o)
                0x00006bbc                us_ticker_insert_event
 .text.us_ticker_remove_event
                0x00006c04       0x48 D:\Documentos\LPCXpresso\Workspace\WeatherStation\mbed\TARGET_LPC1768\TOOLCHAIN_GCC_CR\libmbed.a(us_ticker_api.o)
                0x00006c04                us_ticker_remove_event
 .text._ZN4mbed8FileBaseD2Ev
                0x00006c4c       0x30 D:\Documentos\LPCXpresso\Workspace\WeatherStation\mbed\TARGET_LPC1768\TOOLCHAIN_GCC_CR\libmbed.a(FileBase.o)
                0x00006c4c                mbed::FileBase::~FileBase()
                0x00006c4c                mbed::FileBase::~FileBase()
 .text._ZN4mbed8FileBaseD0Ev
                0x00006c7c       0x14 D:\Documentos\LPCXpresso\Workspace\WeatherStation\mbed\TARGET_LPC1768\TOOLCHAIN_GCC_CR\libmbed.a(FileBase.o)
                0x00006c7c                mbed::FileBase::~FileBase()
 .text._ZN4mbed8FileBaseC2EPKcNS_8PathTypeE
                0x00006c90       0x20 D:\Documentos\LPCXpresso\Workspace\WeatherStation\mbed\TARGET_LPC1768\TOOLCHAIN_GCC_CR\libmbed.a(FileBase.o)
                0x00006c90                mbed::FileBase::FileBase(char const*, mbed::PathType)
                0x00006c90                mbed::FileBase::FileBase(char const*, mbed::PathType)
 .text._ZN4mbed8FileBase6lookupEPKcj
                0x00006cb0       0x38 D:\Documentos\LPCXpresso\Workspace\WeatherStation\mbed\TARGET_LPC1768\TOOLCHAIN_GCC_CR\libmbed.a(FileBase.o)
                0x00006cb0                mbed::FileBase::lookup(char const*, unsigned int)
 .text._ZN4mbed8FileBase11getPathTypeEv
                0x00006ce8        0x4 D:\Documentos\LPCXpresso\Workspace\WeatherStation\mbed\TARGET_LPC1768\TOOLCHAIN_GCC_CR\libmbed.a(FileBase.o)
                0x00006ce8                mbed::FileBase::getPathType()
 .text._ZThn4_N4mbed8FileLikeD1Ev
                0x00006cec        0x8 D:\Documentos\LPCXpresso\Workspace\WeatherStation\mbed\TARGET_LPC1768\TOOLCHAIN_GCC_CR\libmbed.a(FileLike.o)
                0x00006cec                non-virtual thunk to mbed::FileLike::~FileLike()
 .text._ZN4mbed8FileLikeD2Ev
                0x00006cf4       0x28 D:\Documentos\LPCXpresso\Workspace\WeatherStation\mbed\TARGET_LPC1768\TOOLCHAIN_GCC_CR\libmbed.a(FileLike.o)
                0x00006cf4                mbed::FileLike::~FileLike()
                0x00006cf4                mbed::FileLike::~FileLike()
 .text._ZThn4_N4mbed8FileLikeD0Ev
                0x00006d1c        0x8 D:\Documentos\LPCXpresso\Workspace\WeatherStation\mbed\TARGET_LPC1768\TOOLCHAIN_GCC_CR\libmbed.a(FileLike.o)
                0x00006d1c                non-virtual thunk to mbed::FileLike::~FileLike()
 .text._ZN4mbed8FileLikeD0Ev
                0x00006d24       0x14 D:\Documentos\LPCXpresso\Workspace\WeatherStation\mbed\TARGET_LPC1768\TOOLCHAIN_GCC_CR\libmbed.a(FileLike.o)
                0x00006d24                mbed::FileLike::~FileLike()
 .text._ZN4mbed8FileLikeC2EPKc
                0x00006d38       0x2c D:\Documentos\LPCXpresso\Workspace\WeatherStation\mbed\TARGET_LPC1768\TOOLCHAIN_GCC_CR\libmbed.a(FileLike.o)
                0x00006d38                mbed::FileLike::FileLike(char const*)
                0x00006d38                mbed::FileLike::FileLike(char const*)
 .text          0x00006d64      0x370 c:/nxp/lpcxpresso_7.0/lpcxpresso/tools/bin/../lib/gcc/arm-none-eabi/4.8.3/armv7-m\libgcc.a(_arm_addsubdf3.o)
                0x00006d64                __aeabi_drsub
                0x00006d6c                __aeabi_dsub
                0x00006d6c                __subdf3
                0x00006d70                __aeabi_dadd
                0x00006d70                __adddf3
                0x00006fe8                __floatunsidf
                0x00006fe8                __aeabi_ui2d
                0x00007008                __floatsidf
                0x00007008                __aeabi_i2d
                0x0000702c                __aeabi_f2d
                0x0000702c                __extendsfdf2
                0x00007068                __floatundidf
                0x00007068                __aeabi_ul2d
                0x00007078                __floatdidf
                0x00007078                __aeabi_l2d
 .text          0x000070d4      0x424 c:/nxp/lpcxpresso_7.0/lpcxpresso/tools/bin/../lib/gcc/arm-none-eabi/4.8.3/armv7-m\libgcc.a(_arm_muldivdf3.o)
                0x000070d4                __aeabi_dmul
                0x000070d4                __muldf3
                0x00007328                __divdf3
                0x00007328                __aeabi_ddiv
 .text          0x000074f8      0x110 c:/nxp/lpcxpresso_7.0/lpcxpresso/tools/bin/../lib/gcc/arm-none-eabi/4.8.3/armv7-m\libgcc.a(_arm_cmpdf2.o)
                0x000074f8                __gtdf2
                0x000074f8                __gedf2
                0x00007500                __ltdf2
                0x00007500                __ledf2
                0x00007508                __nedf2
                0x00007508                __eqdf2
                0x00007508                __cmpdf2
                0x00007584                __aeabi_cdrcmple
                0x00007594                __aeabi_cdcmpeq