Archive member included because of file (symbol)

D:\Documentos\LPCXpresso\Workspace\WeatherStation\mbed\TARGET_LPC1768\TOOLCHAIN_GCC_CR\libmbed.a(analogin_api.o)
                              ./WeatherStation.o (analogin_init)
D:\Documentos\LPCXpresso\Workspace\WeatherStation\mbed\TARGET_LPC1768\TOOLCHAIN_GCC_CR\libmbed.a(gpio_api.o)
                              ./SHTx/i2c.o (gpio_dir)
D:\Documentos\LPCXpresso\Workspace\WeatherStation\mbed\TARGET_LPC1768\TOOLCHAIN_GCC_CR\libmbed.a(gpio_irq_api.o)
                              ./FrequencyCounter.o (gpio_irq_set)
D:\Documentos\LPCXpresso\Workspace\WeatherStation\mbed\TARGET_LPC1768\TOOLCHAIN_GCC_CR\libmbed.a(pinmap.o)
                              D:\Documentos\LPCXpresso\Workspace\WeatherStation\mbed\TARGET_LPC1768\TOOLCHAIN_GCC_CR\libmbed.a(gpio_api.o) (pin_function)
D:\Documentos\LPCXpresso\Workspace\WeatherStation\mbed\TARGET_LPC1768\TOOLCHAIN_GCC_CR\libmbed.a(serial_api.o)
                              D:/Documentos/LPCXpresso/Workspace/WeatherStation/mbed/TARGET_LPC1768/TOOLCHAIN_GCC_CR/retarget.o (serial_getc)
D:\Documentos\LPCXpresso\Workspace\WeatherStation\mbed\TARGET_LPC1768\TOOLCHAIN_GCC_CR\libmbed.a(exit.o)
                              ./nRF24L01P/nRF24L01P.o (exit)
D:\Documentos\LPCXpresso\Workspace\WeatherStation\mbed\TARGET_LPC1768\TOOLCHAIN_GCC_CR\libmbed.a(gpio.o)
                              ./SHTx/i2c.o (gpio_init_in)
D:\Documentos\LPCXpresso\Workspace\WeatherStation\mbed\TARGET_LPC1768\TOOLCHAIN_GCC_CR\libmbed.a(mbed_interface.o)
                              D:\Documentos\LPCXpresso\Workspace\WeatherStation\mbed\TARGET_LPC1768\TOOLCHAIN_GCC_CR\libmbed.a(exit.o) (mbed_interface_connected)
D:\Documentos\LPCXpresso\Workspace\WeatherStation\mbed\TARGET_LPC1768\TOOLCHAIN_GCC_CR\libmbed.a(pinmap_common.o)
                              D:\Documentos\LPCXpresso\Workspace\WeatherStation\mbed\TARGET_LPC1768\TOOLCHAIN_GCC_CR\libmbed.a(analogin_api.o) (pinmap_pinout)
D:\Documentos\LPCXpresso\Workspace\WeatherStation\mbed\TARGET_LPC1768\TOOLCHAIN_GCC_CR\libmbed.a(rtc_time.o)
                              ./WeatherStation.o (set_time)
D:\Documentos\LPCXpresso\Workspace\WeatherStation\mbed\TARGET_LPC1768\TOOLCHAIN_GCC_CR\libmbed.a(semihost_api.o)
                              D:\Documentos\LPCXpresso\Workspace\WeatherStation\mbed\TARGET_LPC1768\TOOLCHAIN_GCC_CR\libmbed.a(exit.o) (semihost_exit)
D:\Documentos\LPCXpresso\Workspace\WeatherStation\mbed\TARGET_LPC1768\TOOLCHAIN_GCC_CR\libmbed.a(wait_api.o)
                              ./nRF24L01P/nRF24L01P.o (wait_us)
D:\Documentos\LPCXpresso\Workspace\WeatherStation\mbed\TARGET_LPC1768\TOOLCHAIN_GCC_CR\libmbed.a(FilePath.o)
                              D:/Documentos/LPCXpresso/Workspace/WeatherStation/mbed/TARGET_LPC1768/TOOLCHAIN_GCC_CR/retarget.o (mbed::FilePath::fileName())
D:\Documentos\LPCXpresso\Workspace\WeatherStation\mbed\TARGET_LPC1768\TOOLCHAIN_GCC_CR\libmbed.a(FileSystemLike.o)
                              ./FaultRecovery/FaultRecovery.o (mbed::FileSystemLike::~FileSystemLike())
D:\Documentos\LPCXpresso\Workspace\WeatherStation\mbed\TARGET_LPC1768\TOOLCHAIN_GCC_CR\libmbed.a(FunctionPointer.o)
                              ./FaultRecovery/FaultRecovery.o (mbed::FunctionPointer::call())
D:\Documentos\LPCXpresso\Workspace\WeatherStation\mbed\TARGET_LPC1768\TOOLCHAIN_GCC_CR\libmbed.a(InterruptIn.o)
                              ./FrequencyCounter.o (mbed::InterruptIn::mode(PinMode))
D:\Documentos\LPCXpresso\Workspace\WeatherStation\mbed\TARGET_LPC1768\TOOLCHAIN_GCC_CR\libmbed.a(LocalFileSystem.o)
                              ./FaultRecovery/FaultRecovery.o (vtable for mbed::LocalFileSystem)
D:\Documentos\LPCXpresso\Workspace\WeatherStation\mbed\TARGET_LPC1768\TOOLCHAIN_GCC_CR\libmbed.a(Serial.o)
                              ./Logger/Logger.o (vtable for mbed::Serial)
D:\Documentos\LPCXpresso\Workspace\WeatherStation\mbed\TARGET_LPC1768\TOOLCHAIN_GCC_CR\libmbed.a(SerialBase.o)
                              D:\Documentos\LPCXpresso\Workspace\WeatherStation\mbed\TARGET_LPC1768\TOOLCHAIN_GCC_CR\libmbed.a(Serial.o) (mbed::SerialBase::SerialBase(PinName, PinName))
D:\Documentos\LPCXpresso\Workspace\WeatherStation\mbed\TARGET_LPC1768\TOOLCHAIN_GCC_CR\libmbed.a(SPI.o)
                              ./nRF24L01P/nRF24L01P.o (mbed::SPI::write(int))
D:\Documentos\LPCXpresso\Workspace\WeatherStation\mbed\TARGET_LPC1768\TOOLCHAIN_GCC_CR\libmbed.a(Stream.o)
                              D:\Documentos\LPCXpresso\Workspace\WeatherStation\mbed\TARGET_LPC1768\TOOLCHAIN_GCC_CR\libmbed.a(Serial.o) (mbed::Stream::close())
D:\Documentos\LPCXpresso\Workspace\WeatherStation\mbed\TARGET_LPC1768\TOOLCHAIN_GCC_CR\libmbed.a(Ticker.o)
                              ./PulseIn.o (mbed::Ticker::detach())
D:\Documentos\LPCXpresso\Workspace\WeatherStation\mbed\TARGET_LPC1768\TOOLCHAIN_GCC_CR\libmbed.a(Timeout.o)
[...]
Memory Configuration

Name             Origin             Length             Attributes
MFlash512        0x00000000         0x00080000         xr
RamLoc32         0x100000c8         0x00007f38         xrw
RamAHB32         0x2007c000         0x00008000         xrw
*default*        0x00000000         0xffffffff

Linker script and memory map

LOAD ./nRF24L01P/nRF24L01P.o
LOAD ./SHTx/i2c.o
LOAD ./SHTx/sht15.o
LOAD ./PowerControl/EthernetPowerControl.o
LOAD ./Logger/Logger.o
LOAD ./GPS/GPS.o
LOAD ./FaultRecovery/FaultRecovery.o
LOAD ./FaultInjector/FaultInjector.o
LOAD ./FaultInjector/Utils.o
LOAD ./DumpRegistersAtHardFault/getRegistersFromStack.o
LOAD ./DumpRegistersAtHardFault/hardfault.o
LOAD ./DataStructs/DLinkedList.o
LOAD ./DataStructs/LinkedList.o
LOAD ./ConfigFile/ConfigFile.o
LOAD ./ConfigFile/ConfigList.o
LOAD ./FrequencyCounter.o
LOAD ./Main.o
LOAD ./PulseIn.o
LOAD ./ReadingData.o
LOAD ./Watchdog.o
LOAD ./WeatherStation.o
LOAD ./WeatherStationConfig.o
LOAD ./WeatherStationFT.o
LOAD ./Wetting.o
LOAD D:/Documentos/LPCXpresso/Workspace/WeatherStation/mbed/TARGET_LPC1768/TOOLCHAIN_GCC_CR/cmsis_nvic.o
LOAD D:/Documentos/LPCXpresso/Workspace/WeatherStation/mbed/TARGET_LPC1768/TOOLCHAIN_GCC_CR/system_LPC17xx.o
LOAD D:/Documentos/LPCXpresso/Workspace/WeatherStation/mbed/TARGET_LPC1768/TOOLCHAIN_GCC_CR/startup_LPC17xx.o
LOAD D:/Documentos/LPCXpresso/Workspace/WeatherStation/mbed/TARGET_LPC1768/TOOLCHAIN_GCC_CR/retarget.o
LOAD D:\Documentos\LPCXpresso\Workspace\WeatherStation\mbed\TARGET_LPC1768\TOOLCHAIN_GCC_CR\libmbed.a
START GROUP
LOAD c:/nxp/lpcxpresso_7.0/lpcxpresso/tools/bin/../lib/gcc/arm-none-eabi/4.8.3/armv7-m\libgcc.a
LOAD c:/nxp/lpcxpresso_7.0/lpcxpresso/tools/bin/../lib/gcc/arm-none-eabi/4.8.3/../../../../arm-none-eabi/lib/armv7-m\libc.a
LOAD c:/nxp/lpcxpresso_7.0/lpcxpresso/tools/bin/../lib/gcc/arm-none-eabi/4.8.3/../../../../arm-none-eabi/lib/armv7-m\libstdc++.a
LOAD c:/nxp/lpcxpresso_7.0/lpcxpresso/tools/bin/../lib/gcc/arm-none-eabi/4.8.3/../../../../arm-none-eabi/lib/armv7-m\libm.a
LOAD c:/nxp/lpcxpresso_7.0/lpcxpresso/tools/bin/../lib/gcc/arm-none-eabi/4.8.3/../../../../arm-none-eabi/lib/armv7-m\libcr_newlib_nohost.a
LOAD c:/nxp/lpcxpresso_7.0/lpcxpresso/tools/bin/../lib/gcc/arm-none-eabi/4.8.3/armv7-m\crti.o
LOAD c:/nxp/lpcxpresso_7.0/lpcxpresso/tools/bin/../lib/gcc/arm-none-eabi/4.8.3/armv7-m\crtn.o
LOAD c:/nxp/lpcxpresso_7.0/lpcxpresso/tools/bin/../lib/gcc/arm-none-eabi/4.8.3/armv7-m\crtbegin.o
LOAD c:/nxp/lpcxpresso_7.0/lpcxpresso/tools/bin/../lib/gcc/arm-none-eabi/4.8.3/armv7-m\crtend.o
END GROUP
                0x00080000                __top_MFlash512 = 0x80000
                0x10008000                __top_RamLoc32 = 0x10008000
                0x20084000                __top_RamAHB32 = 0x20084000

.text           0x00000000    0x19254
 FILL mask 0xff
 *(.isr_vector)
 .isr_vector    0x00000000       0xcc D:/Documentos/LPCXpresso/Workspace/WeatherStation/mbed/TARGET_LPC1768/TOOLCHAIN_GCC_CR/startup_LPC17xx.o
                0x00000000                g_pfnVectors
                0x000000cc                . = ALIGN (0x4)
                0x000000cc                __section_table_start = .
                0x000000cc                __data_section_table = .
                0x000000cc        0x4 LONG 0x193b8 LOADADDR (.data)
                0x000000d0        0x4 LONG 0x100000c8 ADDR (.data)
                0x000000d4        0x4 LONG 0x8f4 SIZEOF (.data)
                0x000000d8        0x4 LONG 0x193b8 LOADADDR (.data_RAM2)
                0x000000dc        0x4 LONG 0x2007c000 ADDR (.data_RAM2)
                0x000000e0        0x4 LONG 0x0 SIZEOF (.data_RAM2)
                0x000000e4                __data_section_table_end = .
                0x000000e4                __bss_section_table = .
                0x000000e4        0x4 LONG 0x100009bc ADDR (.bss)
                0x000000e8        0x4 LONG 0x428 SIZEOF (.bss)
                0x000000ec        0x4 LONG 0x2007c000 ADDR (.bss_RAM2)
                0x000000f0        0x4 LONG 0x0 SIZEOF (.bss_RAM2)
                0x000000f4                __bss_section_table_end = .
                0x000000f4                __section_table_end = .
 *(.after_vectors*)
 .after_vectors
                0x000000f4      0x138 D:/Documentos/LPCXpresso/Workspace/WeatherStation/mbed/TARGET_LPC1768/TOOLCHAIN_GCC_CR/startup_LPC17xx.o
                0x000000f4                NMI_Handler
                0x000000f8                HardFault_Handler
                0x000000fc                MemManage_Handler
                0x00000100                BusFault_Handler
                0x00000104                UsageFault_Handler
                0x00000108                SVC_Handler
                0x0000010c                DebugMon_Handler
                0x00000110                PendSV_Handler
                0x00000114                SysTick_Handler
                0x00000118                ResetISR
                0x000001c4                data_init
                0x000001f8                bss_init
                0x00000228                EINT3_IRQHandler
                0x00000228                CANActivity_IRQHandler
                0x00000228                TIMER3_IRQHandler
                0x00000228                UART0_IRQHandler
                0x00000228                UART1_IRQHandler
                0x00000228                EINT2_IRQHandler
                0x00000228                PWM1_IRQHandler
                0x00000228                IntDefaultHandler
                0x00000228                PLL0_IRQHandler
                0x00000228                USBActivity_IRQHandler
                0x00000228                PLL1_IRQHandler
                0x00000228                SSP0_IRQHandler
                0x00000228                I2S_IRQHandler
                0x00000228                I2C2_IRQHandler
                0x00000228                RTC_IRQHandler
                0x00000228                TIMER0_IRQHandler
                0x00000228                SPI_IRQHandler
                0x00000228                I2C1_IRQHandler
                0x00000228                EINT1_IRQHandler
                0x00000228                TIMER1_IRQHandler
                0x00000228                UART2_IRQHandler
                0x00000228                ADC_IRQHandler
                0x00000228                SSP1_IRQHandler
                0x00000228                USB_IRQHandler
                0x00000228                BOD_IRQHandler
                0x00000228                I2C0_IRQHandler
                0x00000228                WDT_IRQHandler
                0x00000228                RIT_IRQHandler
                0x00000228                QEI_IRQHandler
                0x00000228                EINT0_IRQHandler
                0x00000228                CAN_IRQHandler
                0x00000228                DMA_IRQHandler
                0x00000228                TIMER2_IRQHandler
                0x00000228                UART3_IRQHandler
                0x00000228                MCPWM_IRQHandler
                0x00000228                ENET_IRQHandler
 *(.text*)
 .text.gpio_write
                0x0000022c       0x30 ./nRF24L01P/nRF24L01P.o
 .text._ZN4mbed10DigitalOutC2E7PinName
                0x0000025c       0x20 ./nRF24L01P/nRF24L01P.o
                0x0000025c                mbed::DigitalOut::DigitalOut(PinName)
                0x0000025c                mbed::DigitalOut::DigitalOut(PinName)
 .text._ZN4mbed10DigitalOut5writeEi
                0x0000027c       0x1c ./nRF24L01P/nRF24L01P.o
                0x0000027c                mbed::DigitalOut::write(int)
 .text._ZN4mbed10DigitalOutaSEi
                0x00000298       0x1c ./nRF24L01P/nRF24L01P.o
                0x00000298                mbed::DigitalOut::operator=(int)
 .text.gpio_write
                0x000002b4       0x30 ./SHTx/i2c.o
 .text.gpio_read
                0x000002e4       0x2c ./SHTx/i2c.o
 .text._ZN4mbed12DigitalInOutC2E7PinName
                0x00000310       0x20 ./SHTx/i2c.o
                0x00000310                mbed::DigitalInOut::DigitalInOut(PinName)
                0x00000310                mbed::DigitalInOut::DigitalInOut(PinName)
 .text._ZN4mbed12DigitalInOut5writeEi
                0x00000330       0x1c ./SHTx/i2c.o
                0x00000330                mbed::DigitalInOut::write(int)
 .text._ZN4mbed12DigitalInOut4readEv
                0x0000034c       0x1c ./SHTx/i2c.o
                0x0000034c                mbed::DigitalInOut::read()
 .text._ZN4mbed12DigitalInOut6outputEv
                0x00000368       0x18 ./SHTx/i2c.o
                0x00000368                mbed::DigitalInOut::output()
 .text._ZN4mbed12DigitalInOut5inputEv
                0x00000380       0x18 ./SHTx/i2c.o
                0x00000380                mbed::DigitalInOut::input()
 .text._ZN4mbed12DigitalInOutaSEi
                0x00000398       0x1c ./SHTx/i2c.o
                0x00000398                mbed::DigitalInOut::operator=(int)
 .text._ZN4mbed12DigitalInOutcviEv
                0x000003b4       0x18 ./SHTx/i2c.o
                0x000003b4                mbed::DigitalInOut::operator int()
 .text._ZN4SHTx3I2CC2E7PinNameS1_
                0x000003cc       0x44 ./SHTx/i2c.o
                0x000003cc                SHTx::I2C::I2C(PinName, PinName)
                0x000003cc                SHTx::I2C::I2C(PinName, PinName)
 .text._ZN4SHTx3I2C5startEv
                0x00000410       0x4c ./SHTx/i2c.o
                0x00000410                SHTx::I2C::start()
 .text._ZN4SHTx3I2C4stopEv
                0x0000045c       0x2c ./SHTx/i2c.o
                0x0000045c                SHTx::I2C::stop()
 .text._ZN4SHTx3I2C4waitEv
                0x00000488       0x50 ./SHTx/i2c.o
                0x00000488                SHTx::I2C::wait()
 .text._ZN4SHTx3I2C5writeEh
                0x000004d8       0x58 ./SHTx/i2c.o
                0x000004d8                SHTx::I2C::write(unsigned char)
 .text._ZN4SHTx3I2C4readEb
                0x00000530       0x5c ./SHTx/i2c.o
                0x00000530                SHTx::I2C::read(bool)
 .text._ZN4SHTx3I2C6outputEv
                0x0000058c       0x18 ./SHTx/i2c.o
                0x0000058c                SHTx::I2C::output()
 .text._ZN4SHTx3I2C5inputEv
                0x000005a4       0x18 ./SHTx/i2c.o
                0x000005a4                SHTx::I2C::input()
 .text._ZN4SHTx3I2C3sdaEb
                0x000005bc       0x2c ./SHTx/i2c.o
                0x000005bc                SHTx::I2C::sda(bool)
 .text._ZN4SHTx3I2C3sclEb
                0x000005e8       0x28 ./SHTx/i2c.o
                0x000005e8                SHTx::I2C::scl(bool)
 .text._ZN4SHTx3I2C9shift_outEb
                0x00000610       0x2c ./SHTx/i2c.o
                0x00000610                SHTx::I2C::shift_out(bool)
 .text._ZN4SHTx3I2C8shift_inEv
                0x0000063c       0x44 ./SHTx/i2c.o
                0x0000063c                SHTx::I2C::shift_in()
 .text._ZN4SHTx5SHT1512coefficientsC2Ev
                0x00000680       0xac ./SHTx/sht15.o
                0x00000680                SHTx::SHT15::coefficients::coefficients()
                0x00000680                SHTx::SHT15::coefficients::coefficients()
 .text._ZN4SHTx5SHT15C2E7PinNameS1_
                0x0000072c       0x3c ./SHTx/sht15.o
                0x0000072c                SHTx::SHT15::SHT15(PinName, PinName)
                0x0000072c                SHTx::SHT15::SHT15(PinName, PinName)
 .text._ZN4SHTx5SHT1514getTemperatureEv
                0x00000768       0x30 ./SHTx/sht15.o
                0x00000768                SHTx::SHT15::getTemperature()
 .text._ZN4SHTx5SHT1511getHumidityEv
                0x00000798       0x30 ./SHTx/sht15.o
                0x00000798                SHTx::SHT15::getHumidity()
 .text._ZN4SHTx5SHT1513setResolutionEb
                0x000007c8       0x28 ./SHTx/sht15.o
                0x000007c8                SHTx::SHT15::setResolution(bool)
 .text._ZN4SHTx5SHT1512setOTPReloadEb
                0x000007f0       0x30 ./SHTx/sht15.o
                0x000007f0                SHTx::SHT15::setOTPReload(bool)
 .text._ZN4SHTx5SHT158setScaleEb
                0x00000820       0x20 ./SHTx/sht15.o
                0x00000820                SHTx::SHT15::setScale(bool)
 .text._ZN4SHTx5SHT156updateEv
                0x00000840       0x58 ./SHTx/sht15.o
                0x00000840                SHTx::SHT15::update()
 .text._ZN4SHTx5SHT1518convertTemperatureEtbb
                0x00000898       0x64 ./SHTx/sht15.o
                0x00000898                SHTx::SHT15::convertTemperature(unsigned short, bool, bool)
 .text._ZN4SHTx5SHT1515convertHumidityEttb
                0x000008fc       0xf8 ./SHTx/sht15.o
                0x000008fc                SHTx::SHT15::convertHumidity(unsigned short, unsigned short, bool)
 .text._ZN4SHTx5SHT1513writeRegisterEv
                0x000009f4       0x68 ./SHTx/sht15.o
                0x000009f4                SHTx::SHT15::writeRegister()
 .text._ZN4SHTx5SHT1512readRegisterENS0_8cmd_listE
                0x00000a5c      0x1a0 ./SHTx/sht15.o
                0x00000a5c                SHTx::SHT15::readRegister(SHTx::SHT15::cmd_list)
 .text._ZN4SHTx5SHT157getFlagENS0_9flag_listE
                0x00000bfc       0x30 ./SHTx/sht15.o
                0x00000bfc                SHTx::SHT15::getFlag(SHTx::SHT15::flag_list)
 .text._ZN4SHTx5SHT157setFlagENS0_9flag_listEb
                0x00000c2c       0x50 ./SHTx/sht15.o
                0x00000c2c                SHTx::SHT15::setFlag(SHTx::SHT15::flag_list, bool)
 .text._Z18Peripheral_PowerUpj
                0x00000c7c       0x28 ./PowerControl/EthernetPowerControl.o
                0x00000c7c                Peripheral_PowerUp(unsigned int)
 .text._Z20Peripheral_PowerDownj
                0x00000ca4       0x2c ./PowerControl/EthernetPowerControl.o
                0x00000ca4                Peripheral_PowerDown(unsigned int)
 .text._Z20Peripheral_GetStatusj
                0x00000cd0       0x2c ./PowerControl/EthernetPowerControl.o
                0x00000cd0                Peripheral_GetStatus(unsigned int)
 .text._ZL9write_PHYjt
                0x00000cfc       0x58 ./PowerControl/EthernetPowerControl.o
 .text._ZL8read_PHYj
                0x00000d54       0x6c ./PowerControl/EthernetPowerControl.o
 .text._Z9EMAC_Initv
                0x00000dc0       0xf0 ./PowerControl/EthernetPowerControl.o
                0x00000dc0                EMAC_Init()
 .text._Z13PHY_PowerDownv
                0x00000eb0       0x6c ./PowerControl/EthernetPowerControl.o
                0x00000eb0                PHY_PowerDown()
 .text._ZN6LoggerC2EPKcb
                0x00000f1c       0x54 ./Logger/Logger.o
                0x00000f1c                Logger::Logger(char const*, bool)
                0x00000f1c                Logger::Logger(char const*, bool)
 .text._ZN6LoggerD2Ev
                0x00000f70       0x34 ./Logger/Logger.o
                0x00000f70                Logger::~Logger()
                0x00000f70                Logger::~Logger()
 .text._ZN6LoggerD0Ev
                0x00000fa4       0x20 ./Logger/Logger.o
                0x00000fa4                Logger::~Logger()
 .text._ZN6Logger14printLoggerMsgENS_15LoggerEventTypeEPKc
                0x00000fc4      0x140 ./Logger/Logger.o
                0x00000fc4                Logger::printLoggerMsg(Logger::LoggerEventType, char const*)
 .text._ZN6Logger3logEPKcz
                0x00001104       0x94 ./Logger/Logger.o
                0x00001104                Logger::log(char const*, ...)
 .text._ZN6Logger4warnEPKcz
                0x00001198       0x94 ./Logger/Logger.o
                0x00001198                Logger::warn(char const*, ...)
 .text._ZN6Logger3errEPKcz
                0x0000122c       0x94 ./Logger/Logger.o
                0x0000122c                Logger::err(char const*, ...)
 .text._ZN4mbed6SerialD2Ev
                0x000012c0       0x3c ./Logger/Logger.o
                0x000012c0                mbed::Serial::~Serial()
                0x000012c0                mbed::Serial::~Serial()
 .text._ZN4mbed6SerialD1Ev
                0x000012fc        0x8 ./Logger/Logger.o
                0x000012fc                non-virtual thunk to mbed::Serial::~Serial()
 .text._ZN4mbed6SerialD0Ev
                0x00001304       0x28 ./Logger/Logger.o
                0x00001304                mbed::Serial::~Serial()
                0x00001324                non-virtual thunk to mbed::Serial::~Serial()
 .text._ZN3GPSC2E7PinNameS0_
                0x0000132c       0x48 ./GPS/GPS.o
                0x0000132c                GPS::GPS(PinName, PinName)
                0x0000132c                GPS::GPS(PinName, PinName)
 .text._ZN3GPS6sampleEv
                0x00001374      0x160 ./GPS/GPS.o
                0x00001374                GPS::sample()
 .text._ZN3GPS5truncEf
                0x000014d4       0x7c ./GPS/GPS.o
                0x000014d4                GPS::trunc(float)
 .text._ZN3GPS7getlineEv
                0x00001550       0x90 ./GPS/GPS.o
                0x00001550                GPS::getline()
 .text._ZN4mbed15LocalFileSystemC2EPKc
                0x000015e0       0x28 ./FaultRecovery/FaultRecovery.o
                0x000015e0                mbed::LocalFileSystem::LocalFileSystem(char const*)
                0x000015e0                mbed::LocalFileSystem::LocalFileSystem(char const*)
 .text._ZN4mbed15LocalFileSystemD2Ev
                0x00001608       0x30 ./FaultRecovery/FaultRecovery.o
                0x00001608                mbed::LocalFileSystem::~LocalFileSystem()
                0x00001608                mbed::LocalFileSystem::~LocalFileSystem()
 .text._ZN4mbed15LocalFileSystemD0Ev
                0x00001638       0x20 ./FaultRecovery/FaultRecovery.o
                0x00001638                mbed::LocalFileSystem::~LocalFileSystem()
 .text._ZN4mbed6TickerC2Ev
                0x00001658       0x30 ./FaultInjector/FaultInjector.o
                0x00001658                mbed::Ticker::Ticker()
                0x00001658                mbed::Ticker::Ticker()
 .text._ZN4mbed6TickerD2Ev
                0x00001688       0x30 ./FaultInjector/FaultInjector.o
                0x00001688                mbed::Ticker::~Ticker()
                0x00001688                mbed::Ticker::~Ticker()
 .text._ZN4mbed6TickerD0Ev
                0x000016b8       0x20 ./FaultInjector/FaultInjector.o
                0x000016b8                mbed::Ticker::~Ticker()
 .text._ZN4mbed7TimeoutC2Ev
                0x000016d8       0x24 ./FaultInjector/FaultInjector.o
                0x000016d8                mbed::Timeout::Timeout()
                0x000016d8                mbed::Timeout::Timeout()
 .text._ZN4mbed7TimeoutD2Ev
                0x000016fc       0x30 ./FaultInjector/FaultInjector.o
                0x000016fc                mbed::Timeout::~Timeout()
                0x000016fc                mbed::Timeout::~Timeout()
 .text._ZN4mbed7TimeoutD0Ev
                0x0000172c       0x20 ./FaultInjector/FaultInjector.o
                0x0000172c                mbed::Timeout::~Timeout()
 .text._ZSt6strchrPci
                0x0000174c       0x1c ./ConfigFile/ConfigFile.o
                0x0000174c                std::strchr(char*, int)
 .text._ZN10ConfigListC2Ev
                0x00001768       0x20 ./ConfigFile/ConfigList.o
                0x00001768                ConfigList::ConfigList()
                0x00001768                ConfigList::ConfigList()
 .text._ZN10ConfigListD2Ev
                0x00001788       0x70 ./ConfigFile/ConfigList.o
                0x00001788                ConfigList::~ConfigList()
                0x00001788                ConfigList::~ConfigList()
 .text._ZN10ConfigList8getValueEPKc
                0x000017f8       0x34 ./ConfigFile/ConfigList.o
                0x000017f8                ConfigList::getValue(char const*)
 .text._ZN10ConfigList8setValueEPKcS1_
                0x0000182c      0x15c ./ConfigFile/ConfigList.o
                0x0000182c                ConfigList::setValue(char const*, char const*)
 .text._ZN10ConfigList9removeAllEv
                0x00001988       0x60 ./ConfigFile/ConfigList.o
                0x00001988                ConfigList::removeAll()
 .text._ZN10ConfigList6searchEPKc
                0x000019e8       0x74 ./ConfigFile/ConfigList.o
                0x000019e8                ConfigList::search(char const*)
 .text._ZN10ConfigList3addEPNS_8config_tE
                0x00001a5c       0x4c ./ConfigFile/ConfigList.o
                0x00001a5c                ConfigList::add(ConfigList::config_t*)
 .text.gpio_read
                0x00001aa8       0x2c ./FrequencyCounter.o
 .text._ZN4mbed9DigitalInC2E7PinName
                0x00001ad4       0x20 ./FrequencyCounter.o
                0x00001ad4                mbed::DigitalIn::DigitalIn(PinName)
                0x00001ad4                mbed::DigitalIn::DigitalIn(PinName)
 .text._ZN4mbed9DigitalIn4readEv
                0x00001af4       0x1c ./FrequencyCounter.o
                0x00001af4                mbed::DigitalIn::read()
 .text._ZN4mbed9DigitalIncviEv
                0x00001b10       0x18 ./FrequencyCounter.o
                0x00001b10                mbed::DigitalIn::operator int()
 .text._ZN16FrequencyCounterC2E7PinName7PinModeNS_9TransTypeEj
                0x00001b28       0xb0 ./FrequencyCounter.o
                0x00001b28                FrequencyCounter::FrequencyCounter(PinName, PinMode, FrequencyCounter::TransType, unsigned int)
                0x00001b28                FrequencyCounter::FrequencyCounter(PinName, PinMode, FrequencyCounter::TransType, unsigned int)
 .text._ZN16FrequencyCounterD2Ev
                0x00001bd8       0x3c ./FrequencyCounter.o
                0x00001bd8                FrequencyCounter::~FrequencyCounter()
                0x00001bd8                FrequencyCounter::~FrequencyCounter()
 .text._ZN16FrequencyCounterD0Ev
                0x00001c14       0x20 ./FrequencyCounter.o
                0x00001c14                FrequencyCounter::~FrequencyCounter()
 .text._ZN16FrequencyCounter8scheduleEv
                0x00001c34       0x34 ./FrequencyCounter.o
                0x00001c34                FrequencyCounter::schedule()
 .text._ZN16FrequencyCounter9incrementEv
                0x00001c68       0x4c ./FrequencyCounter.o
                0x00001c68                FrequencyCounter::increment()
 .text._ZN16FrequencyCounter10resetCountEv
                0x00001cb4       0x28 ./FrequencyCounter.o
                0x00001cb4                FrequencyCounter::resetCount()
 .text._ZN16FrequencyCounter8getCountEv
                0x00001cdc       0x2c ./FrequencyCounter.o
                0x00001cdc                FrequencyCounter::getCount()
 .text._ZN4mbed11InterruptIn4fallI16FrequencyCounterEEvPT_MS3_FvvE
                0x00001d08       0x34 ./FrequencyCounter.o
                0x00001d08                void mbed::InterruptIn::fall<FrequencyCounter>(FrequencyCounter*, void (FrequencyCounter::*)())
 .text._ZN4mbed11InterruptIn4riseI16FrequencyCounterEEvPT_MS3_FvvE
                0x00001d3c       0x34 ./FrequencyCounter.o
                0x00001d3c                void mbed::InterruptIn::rise<FrequencyCounter>(FrequencyCounter*, void (FrequencyCounter::*)())
 .text._ZN4mbed6Ticker9attach_usI16FrequencyCounterEEvPT_MS3_FvvEj
                0x00001d70       0x30 ./FrequencyCounter.o
                0x00001d70                void mbed::Ticker::attach_us<FrequencyCounter>(FrequencyCounter*, void (FrequencyCounter::*)(), unsigned int)
 .text._ZN4mbed15FunctionPointer6attachI16FrequencyCounterEEvPT_MS3_FvvE
                0x00001da0       0x40 ./FrequencyCounter.o
                0x00001da0                void mbed::FunctionPointer::attach<FrequencyCounter>(FrequencyCounter*, void (FrequencyCounter::*)())
 .text._ZN4mbed15FunctionPointer12membercallerI16FrequencyCounterEEvPvPc
                0x00001de0       0x4c ./FrequencyCounter.o
                0x00001de0                void mbed::FunctionPointer::membercaller<FrequencyCounter>(void*, char*)
 .text._ZNK11ReadingData7getTimeEv
                0x00001e2c       0x18 ./Main.o
                0x00001e2c                ReadingData::getTime() const
 .text._ZN11ReadingData7setTimeEl
                0x00001e44       0x1c ./Main.o
                0x00001e44                ReadingData::setTime(long)
 .text._ZN11ReadingData13setAnemometerEf
                0x00001e60       0x1c ./Main.o
                0x00001e60                ReadingData::setAnemometer(float)
 .text._ZN11ReadingData14setPluviometerEf
                0x00001e7c       0x1c ./Main.o
                0x00001e7c                ReadingData::setPluviometer(float)
 .text._ZN11ReadingData10setWettingEf
                0x00001e98       0x1c ./Main.o
                0x00001e98                ReadingData::setWetting(float)
 .text._ZN11ReadingData14setTemperatureEf
                0x00001eb4       0x1c ./Main.o
                0x00001eb4                ReadingData::setTemperature(float)
 .text._ZN11ReadingData11setHumidityEf
                0x00001ed0       0x1c ./Main.o
                0x00001ed0                ReadingData::setHumidity(float)
 .text._ZN11ReadingData17setSoilTemperaureEf
                0x00001eec       0x1c ./Main.o
                0x00001eec                ReadingData::setSoilTemperaure(float)
 .text._ZN11ReadingData15setSoilHumidityEf
                0x00001f08       0x1c ./Main.o
                0x00001f08                ReadingData::setSoilHumidity(float)
 .text._ZN11ReadingData17setSolarRadiationEf
                0x00001f24       0x1c ./Main.o
                0x00001f24                ReadingData::setSolarRadiation(float)
 .text._ZN11ReadingData17setBatteryVoltageEf
                0x00001f40       0x1c ./Main.o
                0x00001f40                ReadingData::setBatteryVoltage(float)
 .text._ZN11ReadingData16getParameterNameEh
                0x00001f5c       0x2c ./Main.o
                0x00001f5c                ReadingData::getParameterName(unsigned char)
 .text._ZN11ReadingData17getParameterValueEh
                0x00001f88       0x30 ./Main.o
                0x00001f88                ReadingData::getParameterValue(unsigned char)
 .text._ZNK11ReadingData6getCRCEv
                0x00001fb8       0x1c ./Main.o
                0x00001fb8                ReadingData::getCRC() const
 .text._ZN11ReadingData6setCRCEm
                0x00001fd4       0x1c ./Main.o
                0x00001fd4                ReadingData::setCRC(unsigned long)
 .text.main     0x00001ff0       0x18 ./Main.o
                0x00001ff0                main
 .text._ZN7PulseInC2E7PinNameNS_11MeasureTypeEji
                0x00002008       0x5c ./PulseIn.o
                0x00002008                PulseIn::PulseIn(PinName, PulseIn::MeasureType, unsigned int, int)
                0x00002008                PulseIn::PulseIn(PinName, PulseIn::MeasureType, unsigned int, int)
 .text._ZN7PulseInD2Ev
                0x00002064       0x3c ./PulseIn.o
                0x00002064                PulseIn::~PulseIn()
                0x00002064                PulseIn::~PulseIn()
 .text._ZN7PulseInD0Ev
                0x000020a0       0x20 ./PulseIn.o
                0x000020a0                PulseIn::~PulseIn()
 .text._ZN7PulseIn6configENS_11MeasureTypeEji
                0x000020c0       0x3c ./PulseIn.o
                0x000020c0                PulseIn::config(PulseIn::MeasureType, unsigned int, int)
 .text._ZN7PulseIn5startEv
                0x000020fc       0x80 ./PulseIn.o
                0x000020fc                PulseIn::start()
 .text._ZN7PulseIn4stopEv
                0x0000217c       0x4c ./PulseIn.o
                0x0000217c                PulseIn::stop()
 .text._ZN7PulseIn13timeoutDetashEv
                0x000021c8       0x38 ./PulseIn.o
                0x000021c8                PulseIn::timeoutDetash()
 .text._ZN7PulseIn7getTimeEv
                0x00002200       0xc0 ./PulseIn.o
                0x00002200                PulseIn::getTime()
 .text._ZN4mbed11InterruptIn4riseI7PulseInEEvPT_MS3_FvvE
                0x000022c0       0x34 ./PulseIn.o
                0x000022c0                void mbed::InterruptIn::rise<PulseIn>(PulseIn*, void (PulseIn::*)())
 .text._ZN4mbed11InterruptIn4fallI7PulseInEEvPT_MS3_FvvE
                0x000022f4       0x34 ./PulseIn.o
                0x000022f4                void mbed::InterruptIn::fall<PulseIn>(PulseIn*, void (PulseIn::*)())
 .text._ZN4mbed6Ticker9attach_usI7PulseInEEvPT_MS3_FvvEj
                0x00002328       0x30 ./PulseIn.o
                0x00002328                void mbed::Ticker::attach_us<PulseIn>(PulseIn*, void (PulseIn::*)(), unsigned int)
 .text._ZN4mbed15FunctionPointer6attachI7PulseInEEvPT_MS3_FvvE
                0x00002358       0x40 ./PulseIn.o
                0x00002358                void mbed::FunctionPointer::attach<PulseIn>(PulseIn*, void (PulseIn::*)())
 .text._ZN4mbed15FunctionPointer12membercallerI7PulseInEEvPvPc
                0x00002398       0x4c ./PulseIn.o
                0x00002398                void mbed::FunctionPointer::membercaller<PulseIn>(void*, char*)
 .text._ZN11ReadingData17setParameterValueEhf
                0x000023e4       0x2c ./ReadingData.o
                0x000023e4                ReadingData::setParameterValue(unsigned char, float)
 .text._ZN11ReadingDataC2Ev
                0x00002410      0x104 ./ReadingData.o
                0x00002410                ReadingData::ReadingData()
                0x00002410                ReadingData::ReadingData()
 .text._ZN11ReadingDataD2Ev
                0x00002514       0x28 ./ReadingData.o
                0x00002514                ReadingData::~ReadingData()
                0x00002514                ReadingData::~ReadingData()
 .text._ZN11ReadingDataD0Ev
                0x0000253c       0x20 ./ReadingData.o
                0x0000253c                ReadingData::~ReadingData()
 .text._ZN11ReadingData6createEPS_S0_S0_
                0x0000255c      0x27c ./ReadingData.o
                0x0000255c                ReadingData::create(ReadingData*, ReadingData*, ReadingData*)
 .text._ZN11ReadingData4saveEPKc
                0x000027d8       0x78 ./ReadingData.o
                0x000027d8                ReadingData::save(char const*)
 .text._ZN11ReadingData12calculateCRCEv
                0x00002850       0x44 ./ReadingData.o
                0x00002850                ReadingData::calculateCRC()
 .text._ZN8WatchdogC2Ev
                0x00002894       0x20 ./Watchdog.o
                0x00002894                Watchdog::Watchdog()
                0x00002894                Watchdog::Watchdog()
 .text._ZN8WatchdogD2Ev
                0x000028b4       0x28 ./Watchdog.o
                0x000028b4                Watchdog::~Watchdog()
                0x000028b4                Watchdog::~Watchdog()
 .text._ZN8WatchdogD0Ev
                0x000028dc       0x20 ./Watchdog.o
                0x000028dc                Watchdog::~Watchdog()
 .text._ZN8Watchdog4kickEf
                0x000028fc       0x54 ./Watchdog.o
                0x000028fc                Watchdog::kick(float)
 .text._ZN8Watchdog4kickEv
                0x00002950       0x24 ./Watchdog.o
                0x00002950                Watchdog::kick()
 .text._ZN4mbed8AnalogInC2E7PinName
                0x00002974       0x20 ./WeatherStation.o
                0x00002974                mbed::AnalogIn::AnalogIn(PinName)
                0x00002974                mbed::AnalogIn::AnalogIn(PinName)
 .text._ZN4mbed8AnalogIn4readEv
                0x00002994       0x1c ./WeatherStation.o
                0x00002994                mbed::AnalogIn::read()
 .text._Z5Sleepv
                0x000029b0       0x10 ./WeatherStation.o
                0x000029b0                Sleep()
 .text._ZN10AnemometerC2E7PinName
                0x000029c0       0x34 ./WeatherStation.o
                0x000029c0                Anemometer::Anemometer(PinName)
                0x000029c0                Anemometer::Anemometer(PinName)
 .text._ZN10AnemometerD2Ev
                0x000029f4       0x30 ./WeatherStation.o
                0x000029f4                Anemometer::~Anemometer()
                0x000029f4                Anemometer::~Anemometer()
 .text._ZN10AnemometerD0Ev
                0x00002a24       0x20 ./WeatherStation.o
                0x00002a24                Anemometer::~Anemometer()
 .text._ZN10Anemometer4readEv
                0x00002a44       0x24 ./WeatherStation.o
                0x00002a44                Anemometer::read()
 .text._ZN11PluviometerC2Ev
                0x00002a68       0x34 ./WeatherStation.o
                0x00002a68                Pluviometer::Pluviometer()
                0x00002a68                Pluviometer::Pluviometer()
 .text._ZN11PluviometerD2Ev
                0x00002a9c       0x30 ./WeatherStation.o
                0x00002a9c                Pluviometer::~Pluviometer()
                0x00002a9c                Pluviometer::~Pluviometer()
 .text._ZN11PluviometerD0Ev
                0x00002acc       0x20 ./WeatherStation.o
                0x00002acc                Pluviometer::~Pluviometer()
 *fill*         0x00002aec        0x4 
 .text._ZN11Pluviometer4readEv
                0x00002af0       0x48 ./WeatherStation.o
                0x00002af0                Pluviometer::read()
 .text._ZNK20WeatherStationConfig19getNumberOfReadingsEv
                0x00002b38       0x18 ./WeatherStation.o
                0x00002b38                WeatherStationConfig::getNumberOfReadings() const
 .text._ZNK20WeatherStationConfig21getMinCorrectReadingsEv
                0x00002b50       0x18 ./WeatherStation.o
                0x00002b50                WeatherStationConfig::getMinCorrectReadings() const
 .text._ZNK20WeatherStationConfig18getReadingIntervalEv
                0x00002b68       0x18 ./WeatherStation.o
                0x00002b68                WeatherStationConfig::getReadingInterval() const
 .text._ZNK20WeatherStationConfig11getSendTimeEv
                0x00002b80       0x18 ./WeatherStation.o
                0x00002b80                WeatherStationConfig::getSendTime() const
 .text._ZNK20WeatherStationConfig15getWatchdogTimeEv
                0x00002b98       0x18 ./WeatherStation.o
                0x00002b98                WeatherStationConfig::getWatchdogTime() const
 .text._ZN3GPSD2Ev
                0x00002bb0       0x20 ./WeatherStation.o
                0x00002bb0                GPS::~GPS()
                0x00002bb0                GPS::~GPS()
 .text._ZN14WeatherStationC2Ev
                0x00002bd0       0x8c ./WeatherStation.o
                0x00002bd0                WeatherStation::WeatherStation()
                0x00002bd0                WeatherStation::WeatherStation()
 .text._ZN14WeatherStationD2Ev
                0x00002c5c       0x7c ./WeatherStation.o
                0x00002c5c                WeatherStation::~WeatherStation()
                0x00002c5c                WeatherStation::~WeatherStation()
 .text._ZN14WeatherStationD0Ev
                0x00002cd8       0x20 ./WeatherStation.o
                0x00002cd8                WeatherStation::~WeatherStation()
 .text._ZN14WeatherStation4initEv
                0x00002cf8       0x9c ./WeatherStation.o
                0x00002cf8                WeatherStation::init()
 .text._ZN14WeatherStation7destroyEv
                0x00002d94       0x1c ./WeatherStation.o
                0x00002d94                WeatherStation::destroy()
 .text._ZN14WeatherStation6configEv
                0x00002db0       0x64 ./WeatherStation.o
                0x00002db0                WeatherStation::config()
 .text._ZN14WeatherStation11configTimerEv
                0x00002e14       0x18 ./WeatherStation.o
                0x00002e14                WeatherStation::configTimer()
 .text._ZN14WeatherStation7readGPSEv
                0x00002e2c       0xe8 ./WeatherStation.o
                0x00002e2c                WeatherStation::readGPS()
 .text._ZN14WeatherStation14reloadWatchdogEv
                0x00002f14       0x28 ./WeatherStation.o
                0x00002f14                WeatherStation::reloadWatchdog()
 .text._ZN14WeatherStation5startEv
                0x00002f3c       0xc0 ./WeatherStation.o
                0x00002f3c                WeatherStation::start()
 .text._ZN14WeatherStation12isTimeToReadEv
                0x00002ffc       0xa8 ./WeatherStation.o
                0x00002ffc                WeatherStation::isTimeToRead()
 .text._ZN14WeatherStation12isTimeToSendEv
                0x000030a4       0x88 ./WeatherStation.o
                0x000030a4                WeatherStation::isTimeToSend()
 .text._ZN14WeatherStation11readSensorsEv
                0x0000312c      0x2b0 ./WeatherStation.o
                0x0000312c                WeatherStation::readSensors()
 *fill*         0x000033dc        0x4 
 .text._ZN14WeatherStation10readSensorEiffff
                0x000033e0      0x1c0 ./WeatherStation.o
                0x000033e0                WeatherStation::readSensor(int, float, float, float, float)
 .text._ZN14WeatherStation8saveDataEv
                0x000035a0       0x68 ./WeatherStation.o
                0x000035a0                WeatherStation::saveData()
 .text._ZN14WeatherStation4sendEv
                0x00003608       0x24 ./WeatherStation.o
                0x00003608                WeatherStation::send()
 .text._ZN14WeatherStation9powerMbedENS_8PowerOptE
                0x0000362c       0x3c ./WeatherStation.o
                0x0000362c                WeatherStation::powerMbed(WeatherStation::PowerOpt)
 .text._ZN14WeatherStation12powerBatteryENS_8PowerOptE
                0x00003668       0x3c ./WeatherStation.o
                0x00003668                WeatherStation::powerBattery(WeatherStation::PowerOpt)
 .text._ZN14WeatherStation8powerGPSENS_8PowerOptE
                0x000036a4       0x3c ./WeatherStation.o
                0x000036a4                WeatherStation::powerGPS(WeatherStation::PowerOpt)
 .text._ZN14WeatherStation8blinkLEDE7PinNamehi
                0x000036e0       0x94 ./WeatherStation.o
                0x000036e0                WeatherStation::blinkLED(PinName, unsigned char, int)
 .text._ZN14WeatherStation13printDataInfoEP11ReadingDataPKc
                0x00003774       0x9c ./WeatherStation.o
                0x00003774                WeatherStation::printDataInfo(ReadingData*, char const*)
 .text._ZN20WeatherStationConfig16setReadingConfigEhh
                0x00003810       0x60 ./WeatherStationConfig.o
                0x00003810                WeatherStationConfig::setReadingConfig(unsigned char, unsigned char)
 .text._ZN20WeatherStationConfig18setReadingIntervalENS_15ReadingUnitTypeEf
                0x00003870      0x100 ./WeatherStationConfig.o
                0x00003870                WeatherStationConfig::setReadingInterval(WeatherStationConfig::ReadingUnitType, float)
 .text._ZN20WeatherStationConfig11setSendTimeEPKc
                0x00003970       0x48 ./WeatherStationConfig.o
                0x00003970                WeatherStationConfig::setSendTime(char const*)
 .text._ZN20WeatherStationConfig15setWatchdogTimeEf
                0x000039b8       0x90 ./WeatherStationConfig.o
                0x000039b8                WeatherStationConfig::setWatchdogTime(float)
 .text._ZNK20WeatherStationConfig28getDefaultMinCorrectReadingsEv
                0x00003a48       0x18 ./WeatherStationConfig.o
                0x00003a48                WeatherStationConfig::getDefaultMinCorrectReadings() const
 .text._ZNK20WeatherStationConfig13getLowerBoundEh
                0x00003a60       0x38 ./WeatherStationConfig.o
                0x00003a60                WeatherStationConfig::getLowerBound(unsigned char) const
 .text._ZNK20WeatherStationConfig13getUpperBoundEh
                0x00003a98       0x1c ./WeatherStationConfig.o
                0x00003a98                WeatherStationConfig::getUpperBound(unsigned char) const
 .text._ZN20WeatherStationConfig22resetToDefaultSendTimeEv
                0x00003ab4       0x30 ./WeatherStationConfig.o
                0x00003ab4                WeatherStationConfig::resetToDefaultSendTime()
 .text._ZN20WeatherStationConfigC2Ev
                0x00003ae4       0x5c ./WeatherStationConfig.o
                0x00003ae4                WeatherStationConfig::WeatherStationConfig()
                0x00003ae4                WeatherStationConfig::WeatherStationConfig()
 .text._ZN20WeatherStationConfigD2Ev
                0x00003b40       0x34 ./WeatherStationConfig.o
                0x00003b40                WeatherStationConfig::~WeatherStationConfig()
                0x00003b40                WeatherStationConfig::~WeatherStationConfig()
 .text._ZN20WeatherStationConfigD0Ev
                0x00003b74       0x20 ./WeatherStationConfig.o
                0x00003b74                WeatherStationConfig::~WeatherStationConfig()
 .text._ZN20WeatherStationConfig11convertUnitEPKc
                0x00003b94       0x58 ./WeatherStationConfig.o
                0x00003b94                WeatherStationConfig::convertUnit(char const*)
 .text._ZN20WeatherStationConfig12loadFromListEv
                0x00003bec       0xfc ./WeatherStationConfig.o
                0x00003bec                WeatherStationConfig::loadFromList()
 .text._ZN20WeatherStationConfig10saveToListEv
                0x00003ce8      0x238 ./WeatherStationConfig.o
                0x00003ce8                WeatherStationConfig::saveToList()
 .text._ZN20WeatherStationConfig12loadFromFileEPKc
                0x00003f20      0x134 ./WeatherStationConfig.o
                0x00003f20                WeatherStationConfig::loadFromFile(char const*)
 .text._ZN20WeatherStationConfig10saveToFileEPKcS1_NS_10FileFormatE
                0x00004054       0xc8 ./WeatherStationConfig.o
                0x00004054                WeatherStationConfig::saveToFile(char const*, char const*, WeatherStationConfig::FileFormat)
 .text._ZN20WeatherStationConfig9checkTimeEiii
                0x0000411c       0x4c ./WeatherStationConfig.o
                0x0000411c                WeatherStationConfig::checkTime(int, int, int)
 .text._ZN20WeatherStationConfig9checkTimeEPKc
                0x00004168       0x58 ./WeatherStationConfig.o
                0x00004168                WeatherStationConfig::checkTime(char const*)
 .text._ZN16WeatherStationFTC2Ev
                0x000041c0       0x44 ./WeatherStationFT.o
                0x000041c0                WeatherStationFT::WeatherStationFT()
                0x000041c0                WeatherStationFT::WeatherStationFT()
 .text._ZN16WeatherStationFTD2Ev
                0x00004204       0x48 ./WeatherStationFT.o
                0x00004204                WeatherStationFT::~WeatherStationFT()
                0x00004204                WeatherStationFT::~WeatherStationFT()
 .text._ZN16WeatherStationFTD0Ev
                0x0000424c       0x20 ./WeatherStationFT.o
                0x0000424c                WeatherStationFT::~WeatherStationFT()
 .text._ZN16WeatherStationFT11getInstanceEv
                0x0000426c       0x2c ./WeatherStationFT.o
                0x0000426c                WeatherStationFT::getInstance()
 .text._ZN16WeatherStationFT7destroyEv
                0x00004298       0x1c ./WeatherStationFT.o
                0x00004298                WeatherStationFT::destroy()
 .text._ZN16WeatherStationFT4initEv
                0x000042b4       0xcc ./WeatherStationFT.o
                0x000042b4                WeatherStationFT::init()
 .text._ZN16WeatherStationFT9goToStateEi
                0x00004380       0xa4 ./WeatherStationFT.o
                0x00004380                WeatherStationFT::goToState(int)
 .text._ZN16WeatherStationFT16getStateByVotingEv
                0x00004424       0xb8 ./WeatherStationFT.o
                0x00004424                WeatherStationFT::getStateByVoting()
 .text._ZN16WeatherStationFT8setStateEi
                0x000044dc       0xa8 ./WeatherStationFT.o
                0x000044dc                WeatherStationFT::setState(int)
 .text._ZN16WeatherStationFT6configEv
                0x00004584       0x20 ./WeatherStationFT.o
                0x00004584                WeatherStationFT::config()
 .text._ZN16WeatherStationFT7readGPSEv
                0x000045a4       0x1c ./WeatherStationFT.o
                0x000045a4                WeatherStationFT::readGPS()
 .text._ZN16WeatherStationFT5startEv
                0x000045c0      0x148 ./WeatherStationFT.o
                0x000045c0                WeatherStationFT::start()
 .text._ZN16WeatherStationFT11readSensorsEv
                0x00004708      0xc64 ./WeatherStationFT.o
                0x00004708                WeatherStationFT::readSensors()
 .text._ZN16WeatherStationFT3avgEPfiif
                0x0000536c      0x128 ./WeatherStationFT.o
                0x0000536c                WeatherStationFT::avg(float*, int, int, float)
 .text._ZN16WeatherStationFT19allDataIsConsistentEv
                0x00005494      0x13c ./WeatherStationFT.o
                0x00005494                WeatherStationFT::allDataIsConsistent()
 .text._ZN16WeatherStationFT8saveDataEv
                0x000055d0      0x110 ./WeatherStationFT.o
                0x000055d0                WeatherStationFT::saveData()
 .text._ZN16WeatherStationFT4sendEv
                0x000056e0       0x1c ./WeatherStationFT.o
                0x000056e0                WeatherStationFT::send()
 .text._ZL7comparePKvS0_
                0x000056fc       0x2c ./WeatherStationFT.o
 .text._ZN7WettingC2E7PinNameS0_S0_
                0x00005728       0x74 ./Wetting.o
                0x00005728                Wetting::Wetting(PinName, PinName, PinName)
                0x00005728                Wetting::Wetting(PinName, PinName, PinName)
 .text._ZN7WettingD2Ev
                0x0000579c       0x28 ./Wetting.o
                0x0000579c                Wetting::~Wetting()
                0x0000579c                Wetting::~Wetting()
 .text._ZN7WettingD0Ev
                0x000057c4       0x20 ./Wetting.o
                0x000057c4                Wetting::~Wetting()
 .text._ZN7Wetting6configEfiff
                0x000057e4       0x58 ./Wetting.o
                0x000057e4                Wetting::config(float, int, float, float)
 .text._ZN7Wetting4readEv
                0x0000583c      0x120 ./Wetting.o
                0x0000583c                Wetting::read()
 .text.NVIC_SetVector
                0x0000595c       0x50 D:/Documentos/LPCXpresso/Workspace/WeatherStation/mbed/TARGET_LPC1768/TOOLCHAIN_GCC_CR/cmsis_nvic.o
                0x0000595c                NVIC_SetVector
 .text.SystemInit
                0x000059ac       0xd0 D:/Documentos/LPCXpresso/Workspace/WeatherStation/mbed/TARGET_LPC1768/TOOLCHAIN_GCC_CR/system_LPC17xx.o
                0x000059ac                SystemInit
 .text._Znwj    0x00005a7c        0x4 D:/Documentos/LPCXpresso/Workspace/WeatherStation/mbed/TARGET_LPC1768/TOOLCHAIN_GCC_CR/startup_LPC17xx.o
                0x00005a7c                operator new(unsigned int)
 .text._ZdlPv   0x00005a80        0x4 D:/Documentos/LPCXpresso/Workspace/WeatherStation/mbed/TARGET_LPC1768/TOOLCHAIN_GCC_CR/startup_LPC17xx.o
                0x00005a80                operator delete(void*)
 .text._ZN4mbed10FileHandle4flenEv
                0x00005a84       0x38 D:/Documentos/LPCXpresso/Workspace/WeatherStation/mbed/TARGET_LPC1768/TOOLCHAIN_GCC_CR/retarget.o
                0x00005a84                mbed::FileHandle::flen()
 .text._ZN4mbed10FileHandleD2Ev
                0x00005abc       0x40 D:/Documentos/LPCXpresso/Workspace/WeatherStation/mbed/TARGET_LPC1768/TOOLCHAIN_GCC_CR/retarget.o
                0x00005abc                mbed::FileHandle::~FileHandle()
                0x00005abc                mbed::FileHandle::~FileHandle()
 .text._ZN4mbed10FileHandleD0Ev
                0x00005afc       0x48 D:/Documentos/LPCXpresso/Workspace/WeatherStation/mbed/TARGET_LPC1768/TOOLCHAIN_GCC_CR/retarget.o
                0x00005afc                mbed::FileHandle::~FileHandle()
 .text._ZL11init_serialv
                0x00005b44       0x28 D:/Documentos/LPCXpresso/Workspace/WeatherStation/mbed/TARGET_LPC1768/TOOLCHAIN_GCC_CR/retarget.o
 .text._open    0x00005b6c       0xe4 D:/Documentos/LPCXpresso/Workspace/WeatherStation/mbed/TARGET_LPC1768/TOOLCHAIN_GCC_CR/retarget.o
                0x00005b6c                _open
 .text._close   0x00005c50       0x2c D:/Documentos/LPCXpresso/Workspace/WeatherStation/mbed/TARGET_LPC1768/TOOLCHAIN_GCC_CR/retarget.o
                0x00005c50                _close
 .text._write   0x00005c7c       0x88 D:/Documentos/LPCXpresso/Workspace/WeatherStation/mbed/TARGET_LPC1768/TOOLCHAIN_GCC_CR/retarget.o
                0x00005c7c                _write
 .text._read    0x00005d04       0x3c D:/Documentos/LPCXpresso/Workspace/WeatherStation/mbed/TARGET_LPC1768/TOOLCHAIN_GCC_CR/retarget.o
                0x00005d04                _read
 .text._isatty  0x00005d40       0x28 D:/Documentos/LPCXpresso/Workspace/WeatherStation/mbed/TARGET_LPC1768/TOOLCHAIN_GCC_CR/retarget.o
                0x00005d40                _isatty
 .text._lseek   0x00005d68       0x28 D:/Documentos/LPCXpresso/Workspace/WeatherStation/mbed/TARGET_LPC1768/TOOLCHAIN_GCC_CR/retarget.o
                0x00005d68                _lseek
 .text._fstat   0x00005d90       0x20 D:/Documentos/LPCXpresso/Workspace/WeatherStation/mbed/TARGET_LPC1768/TOOLCHAIN_GCC_CR/retarget.o
                0x00005d90                _fstat
 .text.__cxa_pure_virtual
                0x00005db0        0x8 D:/Documentos/LPCXpresso/Workspace/WeatherStation/mbed/TARGET_LPC1768/TOOLCHAIN_GCC_CR/retarget.o
                0x00005db0                __cxa_pure_virtual
 .text.analogin_init
                0x00005db8       0xa8 D:\Documentos\LPCXpresso\Workspace\WeatherStation\mbed\TARGET_LPC1768\TOOLCHAIN_GCC_CR\libmbed.a(analogin_api.o)
                0x00005db8                analogin_init
 .text.analogin_read
                0x00005e60       0xd4 D:\Documentos\LPCXpresso\Workspace\WeatherStation\mbed\TARGET_LPC1768\TOOLCHAIN_GCC_CR\libmbed.a(analogin_api.o)
                0x00005e60                analogin_read
 .text.gpio_set
                0x00005f34       0x18 D:\Documentos\LPCXpresso\Workspace\WeatherStation\mbed\TARGET_LPC1768\TOOLCHAIN_GCC_CR\libmbed.a(gpio_api.o)
                0x00005f34                gpio_set
 .text.gpio_init
                0x00005f4c       0x30 D:\Documentos\LPCXpresso\Workspace\WeatherStation\mbed\TARGET_LPC1768\TOOLCHAIN_GCC_CR\libmbed.a(gpio_api.o)
                0x00005f4c                gpio_init
 .text.gpio_mode
                0x00005f7c        0x8 D:\Documentos\LPCXpresso\Workspace\WeatherStation\mbed\TARGET_LPC1768\TOOLCHAIN_GCC_CR\libmbed.a(gpio_api.o)
                0x00005f7c                gpio_mode
 .text.gpio_dir
                0x00005f84       0x24 D:\Documentos\LPCXpresso\Workspace\WeatherStation\mbed\TARGET_LPC1768\TOOLCHAIN_GCC_CR\libmbed.a(gpio_api.o)
                0x00005f84                gpio_dir
 .text.handle_interrupt_in
                0x00005fa8      0x154 D:\Documentos\LPCXpresso\Workspace\WeatherStation\mbed\TARGET_LPC1768\TOOLCHAIN_GCC_CR\libmbed.a(gpio_irq_api.o)
 .text.gpio_irq_init
                0x000060fc       0x88 D:\Documentos\LPCXpresso\Workspace\WeatherStation\mbed\TARGET_LPC1768\TOOLCHAIN_GCC_CR\libmbed.a(gpio_irq_api.o)
                0x000060fc                gpio_irq_init
 .text.gpio_irq_free
                0x00006184       0x14 D:\Documentos\LPCXpresso\Workspace\WeatherStation\mbed\TARGET_LPC1768\TOOLCHAIN_GCC_CR\libmbed.a(gpio_irq_api.o)
                0x00006184                gpio_irq_free
 .text.gpio_irq_set
                0x00006198      0x164 D:\Documentos\LPCXpresso\Workspace\WeatherStation\mbed\TARGET_LPC1768\TOOLCHAIN_GCC_CR\libmbed.a(gpio_irq_api.o)
                0x00006198                gpio_irq_set
 .text.pin_function
                0x000062fc       0x48 D:\Documentos\LPCXpresso\Workspace\WeatherStation\mbed\TARGET_LPC1768\TOOLCHAIN_GCC_CR\libmbed.a(pinmap.o)
                0x000062fc                pin_function
 .text.pin_mode
                0x00006344       0x70 D:\Documentos\LPCXpresso\Workspace\WeatherStation\mbed\TARGET_LPC1768\TOOLCHAIN_GCC_CR\libmbed.a(pinmap.o)
                0x00006344                pin_mode
 .text.uart3_irq
                0x000063b4       0x68 D:\Documentos\LPCXpresso\Workspace\WeatherStation\mbed\TARGET_LPC1768\TOOLCHAIN_GCC_CR\libmbed.a(serial_api.o)
                0x000063b4                uart3_irq
 .text.serial_irq_set_internal
                0x0000641c       0xe8 D:\Documentos\LPCXpresso\Workspace\WeatherStation\mbed\TARGET_LPC1768\TOOLCHAIN_GCC_CR\libmbed.a(serial_api.o)
 .text.uart0_irq
                0x00006504       0x60 D:\Documentos\LPCXpresso\Workspace\WeatherStation\mbed\TARGET_LPC1768\TOOLCHAIN_GCC_CR\libmbed.a(serial_api.o)
                0x00006504                uart0_irq
 .text.uart1_irq
                0x00006564       0x60 D:\Documentos\LPCXpresso\Workspace\WeatherStation\mbed\TARGET_LPC1768\TOOLCHAIN_GCC_CR\libmbed.a(serial_api.o)
                0x00006564                uart1_irq
 .text.uart2_irq
                0x000065c4       0x64 D:\Documentos\LPCXpresso\Workspace\WeatherStation\mbed\TARGET_LPC1768\TOOLCHAIN_GCC_CR\libmbed.a(serial_api.o)
                0x000065c4                uart2_irq
 .text.serial_baud
                0x00006628      0x38c D:\Documentos\LPCXpresso\Workspace\WeatherStation\mbed\TARGET_LPC1768\TOOLCHAIN_GCC_CR\libmbed.a(serial_api.o)
                0x00006628                serial_baud
 .text.serial_format
                0x000069b4       0x98 D:\Documentos\LPCXpresso\Workspace\WeatherStation\mbed\TARGET_LPC1768\TOOLCHAIN_GCC_CR\libmbed.a(serial_api.o)
                0x000069b4                serial_format
 .text.serial_irq_handler
                0x00006a4c       0x24 D:\Documentos\LPCXpresso\Workspace\WeatherStation\mbed\TARGET_LPC1768\TOOLCHAIN_GCC_CR\libmbed.a(serial_api.o)
                0x00006a4c                serial_irq_handler
 .text.serial_getc
                0x00006a70       0x34 D:\Documentos\LPCXpresso\Workspace\WeatherStation\mbed\TARGET_LPC1768\TOOLCHAIN_GCC_CR\libmbed.a(serial_api.o)
                0x00006a70                serial_getc
 .text.serial_writable
                0x00006aa4       0x58 D:\Documentos\LPCXpresso\Workspace\WeatherStation\mbed\TARGET_LPC1768\TOOLCHAIN_GCC_CR\libmbed.a(serial_api.o)
                0x00006aa4                serial_writable
 .text.serial_putc
                0x00006afc       0x34 D:\Documentos\LPCXpresso\Workspace\WeatherStation\mbed\TARGET_LPC1768\TOOLCHAIN_GCC_CR\libmbed.a(serial_api.o)
                0x00006afc                serial_putc
 .text.serial_set_flow_control
                0x00006b30      0x140 D:\Documentos\LPCXpresso\Workspace\WeatherStation\mbed\TARGET_LPC1768\TOOLCHAIN_GCC_CR\libmbed.a(serial_api.o)
                0x00006b30                serial_set_flow_control
 .text.serial_init
                0x00006c70      0x2fc D:\Documentos\LPCXpresso\Workspace\WeatherStation\mbed\TARGET_LPC1768\TOOLCHAIN_GCC_CR\libmbed.a(serial_api.o)
                0x00006c70                serial_init
 .text.exit     0x00006f6c       0x1c D:\Documentos\LPCXpresso\Workspace\WeatherStation\mbed\TARGET_LPC1768\TOOLCHAIN_GCC_CR\libmbed.a(exit.o)
                0x00006f6c                exit
 .text.gpio_init_in_ex
                0x00006f88       0x20 D:\Documentos\LPCXpresso\Workspace\WeatherStation\mbed\TARGET_LPC1768\TOOLCHAIN_GCC_CR\libmbed.a(gpio.o)
                0x00006f88                gpio_init_in_ex
 .text.gpio_init_in
                0x00006fa8        0x8 D:\Documentos\LPCXpresso\Workspace\WeatherStation\mbed\TARGET_LPC1768\TOOLCHAIN_GCC_CR\libmbed.a(gpio.o)
                0x00006fa8                gpio_init_in
 .text.gpio_init_out_ex
                0x00006fb0       0x30 D:\Documentos\LPCXpresso\Workspace\WeatherStation\mbed\TARGET_LPC1768\TOOLCHAIN_GCC_CR\libmbed.a(gpio.o)
                0x00006fb0                gpio_init_out_ex
 .text.gpio_init_out
                0x00006fe0        0x8 D:\Documentos\LPCXpresso\Workspace\WeatherStation\mbed\TARGET_LPC1768\TOOLCHAIN_GCC_CR\libmbed.a(gpio.o)
                0x00006fe0                gpio_init_out
 .text.mbed_interface_connected
                0x00006fe8        0x4 D:\Documentos\LPCXpresso\Workspace\WeatherStation\mbed\TARGET_LPC1768\TOOLCHAIN_GCC_CR\libmbed.a(mbed_interface.o)
                0x00006fe8                mbed_interface_connected
 .text.pinmap_pinout
                0x00006fec       0x58 D:\Documentos\LPCXpresso\Workspace\WeatherStation\mbed\TARGET_LPC1768\TOOLCHAIN_GCC_CR\libmbed.a(pinmap_common.o)
                0x00006fec                pinmap_pinout
 .text.pinmap_merge
                0x00007044       0x30 D:\Documentos\LPCXpresso\Workspace\WeatherStation\mbed\TARGET_LPC1768\TOOLCHAIN_GCC_CR\libmbed.a(pinmap_common.o)
                0x00007044                pinmap_merge
 .text.pinmap_find_peripheral
                0x00007074       0x30 D:\Documentos\LPCXpresso\Workspace\WeatherStation\mbed\TARGET_LPC1768\TOOLCHAIN_GCC_CR\libmbed.a(pinmap_common.o)
                0x00007074                pinmap_find_peripheral
 .text.pinmap_peripheral
                0x000070a4       0x4c D:\Documentos\LPCXpresso\Workspace\WeatherStation\mbed\TARGET_LPC1768\TOOLCHAIN_GCC_CR\libmbed.a(pinmap_common.o)
                0x000070a4                pinmap_peripheral
 .text.set_time
                0x000070f0       0x14 D:\Documentos\LPCXpresso\Workspace\WeatherStation\mbed\TARGET_LPC1768\TOOLCHAIN_GCC_CR\libmbed.a(rtc_time.o)
                0x000070f0                set_time
 .text.time     0x00007104       0x1c D:\Documentos\LPCXpresso\Workspace\WeatherStation\mbed\TARGET_LPC1768\TOOLCHAIN_GCC_CR\libmbed.a(rtc_time.o)
                0x00007104                time
 .text.semihost_open
                0x00007120       0x24 D:\Documentos\LPCXpresso\Workspace\WeatherStation\mbed\TARGET_LPC1768\TOOLCHAIN_GCC_CR\libmbed.a(semihost_api.o)
                0x00007120                semihost_open
 .text.semihost_close
                0x00007144       0x1c D:\Documentos\LPCXpresso\Workspace\WeatherStation\mbed\TARGET_LPC1768\TOOLCHAIN_GCC_CR\libmbed.a(semihost_api.o)
                0x00007144                semihost_close
 .text.semihost_write
                0x00007160       0x24 D:\Documentos\LPCXpresso\Workspace\WeatherStation\mbed\TARGET_LPC1768\TOOLCHAIN_GCC_CR\libmbed.a(semihost_api.o)
                0x00007160                semihost_write
 .text.semihost_read
                0x00007184       0x1c D:\Documentos\LPCXpresso\Workspace\WeatherStation\mbed\TARGET_LPC1768\TOOLCHAIN_GCC_CR\libmbed.a(semihost_api.o)
                0x00007184                semihost_read
 .text.semihost_istty
                0x000071a0       0x1c D:\Documentos\LPCXpresso\Workspace\WeatherStation\mbed\TARGET_LPC1768\TOOLCHAIN_GCC_CR\libmbed.a(semihost_api.o)
                0x000071a0                semihost_istty
 .text.semihost_seek
                0x000071bc       0x1c D:\Documentos\LPCXpresso\Workspace\WeatherStation\mbed\TARGET_LPC1768\TOOLCHAIN_GCC_CR\libmbed.a(semihost_api.o)
                0x000071bc                semihost_seek
 .text.semihost_ensure
                0x000071d8       0x1c D:\Documentos\LPCXpresso\Workspace\WeatherStation\mbed\TARGET_LPC1768\TOOLCHAIN_GCC_CR\libmbed.a(semihost_api.o)
                0x000071d8                semihost_ensure
 .text.semihost_flen
                0x000071f4       0x1c D:\Documentos\LPCXpresso\Workspace\WeatherStation\mbed\TARGET_LPC1768\TOOLCHAIN_GCC_CR\libmbed.a(semihost_api.o)
                0x000071f4                semihost_flen
 .text.semihost_remove
                0x00007210       0x20 D:\Documentos\LPCXpresso\Workspace\WeatherStation\mbed\TARGET_LPC1768\TOOLCHAIN_GCC_CR\libmbed.a(semihost_api.o)
                0x00007210                semihost_remove
 .text.semihost_exit
                0x00007230       0x18 D:\Documentos\LPCXpresso\Workspace\WeatherStation\mbed\TARGET_LPC1768\TOOLCHAIN_GCC_CR\libmbed.a(semihost_api.o)
                0x00007230                semihost_exit
 .text.semihost_connected
                0x00007248       0x10 D:\Documentos\LPCXpresso\Workspace\WeatherStation\mbed\TARGET_LPC1768\TOOLCHAIN_GCC_CR\libmbed.a(semihost_api.o)
                0x00007248                semihost_connected
 .text.wait_us  0x00007258       0x18 D:\Documentos\LPCXpresso\Workspace\WeatherStation\mbed\TARGET_LPC1768\TOOLCHAIN_GCC_CR\libmbed.a(wait_api.o)
                0x00007258                wait_us
 .text.wait_ms  0x00007270        0xc D:\Documentos\LPCXpresso\Workspace\WeatherStation\mbed\TARGET_LPC1768\TOOLCHAIN_GCC_CR\libmbed.a(wait_api.o)
                0x00007270                wait_ms
 .text.wait     0x0000727c       0x1c D:\Documentos\LPCXpresso\Workspace\WeatherStation\mbed\TARGET_LPC1768\TOOLCHAIN_GCC_CR\libmbed.a(wait_api.o)
                0x0000727c                wait
 .text._ZN4mbed8FilePathC2EPKc
                0x00007298       0x58 D:\Documentos\LPCXpresso\Workspace\WeatherStation\mbed\TARGET_LPC1768\TOOLCHAIN_GCC_CR\libmbed.a(FilePath.o)
                0x00007298                mbed::FilePath::FilePath(char const*)
                0x00007298                mbed::FilePath::FilePath(char const*)
 .text._ZN4mbed8FilePath8fileNameEv
                0x000072f0        0x4 D:\Documentos\LPCXpresso\Workspace\WeatherStation\mbed\TARGET_LPC1768\TOOLCHAIN_GCC_CR\libmbed.a(FilePath.o)
                0x000072f0                mbed::FilePath::fileName()
 .text._ZN4mbed8FilePath12isFileSystemEv
                0x000072f4       0x18 D:\Documentos\LPCXpresso\Workspace\WeatherStation\mbed\TARGET_LPC1768\TOOLCHAIN_GCC_CR\libmbed.a(FilePath.o)
                0x000072f4                mbed::FilePath::isFileSystem()
 .text._ZN4mbed8FilePath10fileSystemEv
                0x0000730c       0x10 D:\Documentos\LPCXpresso\Workspace\WeatherStation\mbed\TARGET_LPC1768\TOOLCHAIN_GCC_CR\libmbed.a(FilePath.o)
                0x0000730c                mbed::FilePath::fileSystem()
 .text._ZN4mbed8FilePath6isFileEv
                0x0000731c       0x14 D:\Documentos\LPCXpresso\Workspace\WeatherStation\mbed\TARGET_LPC1768\TOOLCHAIN_GCC_CR\libmbed.a(FilePath.o)
                0x0000731c                mbed::FilePath::isFile()
 .text._ZN4mbed8FilePath4fileEv
                0x00007330       0x14 D:\Documentos\LPCXpresso\Workspace\WeatherStation\mbed\TARGET_LPC1768\TOOLCHAIN_GCC_CR\libmbed.a(FilePath.o)
                0x00007330                mbed::FilePath::file()
 .text._ZN4mbed8FilePath6existsEv
                0x00007344        0xc D:\Documentos\LPCXpresso\Workspace\WeatherStation\mbed\TARGET_LPC1768\TOOLCHAIN_GCC_CR\libmbed.a(FilePath.o)
                0x00007344                mbed::FilePath::exists()
 .text._ZN4mbed9DirHandle7telldirEv
                0x00007350        0x8 D:\Documentos\LPCXpresso\Workspace\WeatherStation\mbed\TARGET_LPC1768\TOOLCHAIN_GCC_CR\libmbed.a(FileSystemLike.o)
                0x00007350                mbed::DirHandle::telldir()
 .text._ZN4mbed9DirHandle7seekdirEl
                0x00007358        0x4 D:\Documentos\LPCXpresso\Workspace\WeatherStation\mbed\TARGET_LPC1768\TOOLCHAIN_GCC_CR\libmbed.a(FileSystemLike.o)
                0x00007358                mbed::DirHandle::seekdir(long)
 .text._ZN4mbed9DirHandleD2Ev
                0x0000735c        0xc D:\Documentos\LPCXpresso\Workspace\WeatherStation\mbed\TARGET_LPC1768\TOOLCHAIN_GCC_CR\libmbed.a(FileSystemLike.o)
                0x0000735c                mbed::DirHandle::~DirHandle()
                0x0000735c                mbed::DirHandle::~DirHandle()
 .text._ZN4mbed14FileSystemLike6removeEPKc
                0x00007368        0x8 D:\Documentos\LPCXpresso\Workspace\WeatherStation\mbed\TARGET_LPC1768\TOOLCHAIN_GCC_CR\libmbed.a(FileSystemLike.o)
                0x00007368                mbed::FileSystemLike::remove(char const*)
 .text._ZN4mbed14FileSystemLike6renameEPKcS2_
                0x00007370        0x8 D:\Documentos\LPCXpresso\Workspace\WeatherStation\mbed\TARGET_LPC1768\TOOLCHAIN_GCC_CR\libmbed.a(FileSystemLike.o)
                0x00007370                mbed::FileSystemLike::rename(char const*, char const*)
 .text._ZN4mbed14FileSystemLike7opendirEPKc
                0x00007378        0x4 D:\Documentos\LPCXpresso\Workspace\WeatherStation\mbed\TARGET_LPC1768\TOOLCHAIN_GCC_CR\libmbed.a(FileSystemLike.o)
                0x00007378                mbed::FileSystemLike::opendir(char const*)
 .text._ZN4mbed14FileSystemLike5mkdirEPKcj
                0x0000737c        0x8 D:\Documentos\LPCXpresso\Workspace\WeatherStation\mbed\TARGET_LPC1768\TOOLCHAIN_GCC_CR\libmbed.a(FileSystemLike.o)
                0x0000737c                mbed::FileSystemLike::mkdir(char const*, unsigned int)
 .text._ZN4mbed9DirHandleD0Ev
                0x00007384       0x14 D:\Documentos\LPCXpresso\Workspace\WeatherStation\mbed\TARGET_LPC1768\TOOLCHAIN_GCC_CR\libmbed.a(FileSystemLike.o)
                0x00007384                mbed::DirHandle::~DirHandle()
 .text._ZN4mbed14FileSystemLikeD2Ev
                0x00007398       0x14 D:\Documentos\LPCXpresso\Workspace\WeatherStation\mbed\TARGET_LPC1768\TOOLCHAIN_GCC_CR\libmbed.a(FileSystemLike.o)
                0x00007398                mbed::FileSystemLike::~FileSystemLike()
                0x00007398                mbed::FileSystemLike::~FileSystemLike()
 .text._ZN4mbed14FileSystemLikeD0Ev
                0x000073ac       0x1c D:\Documentos\LPCXpresso\Workspace\WeatherStation\mbed\TARGET_LPC1768\TOOLCHAIN_GCC_CR\libmbed.a(FileSystemLike.o)
                0x000073ac                mbed::FileSystemLike::~FileSystemLike()
 .text._ZN4mbed14FileSystemLikeC2EPKc
                0x000073c8       0x18 D:\Documentos\LPCXpresso\Workspace\WeatherStation\mbed\TARGET_LPC1768\TOOLCHAIN_GCC_CR\libmbed.a(FileSystemLike.o)
                0x000073c8                mbed::FileSystemLike::FileSystemLike(char const*)
                0x000073c8                mbed::FileSystemLike::FileSystemLike(char const*)
 .text._ZN4mbed15FunctionPointerC2EPFvvE
                0x000073e0        0x8 D:\Documentos\LPCXpresso\Workspace\WeatherStation\mbed\TARGET_LPC1768\TOOLCHAIN_GCC_CR\libmbed.a(FunctionPointer.o)
                0x000073e0                mbed::FunctionPointer::FunctionPointer(void (*)())
                0x000073e0                mbed::FunctionPointer::FunctionPointer(void (*)())
 .text._ZN4mbed15FunctionPointer6attachEPFvvE
                0x000073e8        0x8 D:\Documentos\LPCXpresso\Workspace\WeatherStation\mbed\TARGET_LPC1768\TOOLCHAIN_GCC_CR\libmbed.a(FunctionPointer.o)
                0x000073e8                mbed::FunctionPointer::attach(void (*)())
 .text._ZN4mbed15FunctionPointer4callEv
                0x000073f0       0x1c D:\Documentos\LPCXpresso\Workspace\WeatherStation\mbed\TARGET_LPC1768\TOOLCHAIN_GCC_CR\libmbed.a(FunctionPointer.o)
                0x000073f0                mbed::FunctionPointer::call()
 .text._ZN4mbed11InterruptIn12_irq_handlerEm14gpio_irq_event
                0x0000740c       0x18 D:\Documentos\LPCXpresso\Workspace\WeatherStation\mbed\TARGET_LPC1768\TOOLCHAIN_GCC_CR\libmbed.a(InterruptIn.o)
                0x0000740c                mbed::InterruptIn::_irq_handler(unsigned long, gpio_irq_event)
 .text._ZN4mbed11InterruptInD2Ev
                0x00007424       0x18 D:\Documentos\LPCXpresso\Workspace\WeatherStation\mbed\TARGET_LPC1768\TOOLCHAIN_GCC_CR\libmbed.a(InterruptIn.o)
                0x00007424                mbed::InterruptIn::~InterruptIn()
                0x00007424                mbed::InterruptIn::~InterruptIn()
 .text._ZN4mbed11InterruptInD0Ev
                0x0000743c       0x1c D:\Documentos\LPCXpresso\Workspace\WeatherStation\mbed\TARGET_LPC1768\TOOLCHAIN_GCC_CR\libmbed.a(InterruptIn.o)
                0x0000743c                mbed::InterruptIn::~InterruptIn()
 .text._ZN4mbed11InterruptInC2E7PinName
                0x00007458       0x40 D:\Documentos\LPCXpresso\Workspace\WeatherStation\mbed\TARGET_LPC1768\TOOLCHAIN_GCC_CR\libmbed.a(InterruptIn.o)
                0x00007458                mbed::InterruptIn::InterruptIn(PinName)
                0x00007458                mbed::InterruptIn::InterruptIn(PinName)
 .text._ZN4mbed11InterruptIn4modeE7PinMode
                0x00007498        0x8 D:\Documentos\LPCXpresso\Workspace\WeatherStation\mbed\TARGET_LPC1768\TOOLCHAIN_GCC_CR\libmbed.a(InterruptIn.o)
                0x00007498                mbed::InterruptIn::mode(PinMode)
 .text._ZN4mbed11InterruptIn4riseEPFvvE
                0x000074a0       0x30 D:\Documentos\LPCXpresso\Workspace\WeatherStation\mbed\TARGET_LPC1768\TOOLCHAIN_GCC_CR\libmbed.a(InterruptIn.o)
                0x000074a0                mbed::InterruptIn::rise(void (*)())
 .text._ZN4mbed11InterruptIn4fallEPFvvE
                0x000074d0       0x30 D:\Documentos\LPCXpresso\Workspace\WeatherStation\mbed\TARGET_LPC1768\TOOLCHAIN_GCC_CR\libmbed.a(InterruptIn.o)
                0x000074d0                mbed::InterruptIn::fall(void (*)())
 .text._ZN4mbed14LocalDirHandleD2Ev
                0x00007500        0xc D:\Documentos\LPCXpresso\Workspace\WeatherStation\mbed\TARGET_LPC1768\TOOLCHAIN_GCC_CR\libmbed.a(LocalFileSystem.o)
                0x00007500                mbed::LocalDirHandle::~LocalDirHandle()
                0x00007500                mbed::LocalDirHandle::~LocalDirHandle()
 .text._ZN4mbed14LocalDirHandle8closedirEv
                0x0000750c       0x10 D:\Documentos\LPCXpresso\Workspace\WeatherStation\mbed\TARGET_LPC1768\TOOLCHAIN_GCC_CR\libmbed.a(LocalFileSystem.o)
                0x0000750c                mbed::LocalDirHandle::closedir()
 .text._ZN4mbed14LocalDirHandle9rewinddirEv
                0x0000751c        0x8 D:\Documentos\LPCXpresso\Workspace\WeatherStation\mbed\TARGET_LPC1768\TOOLCHAIN_GCC_CR\libmbed.a(LocalFileSystem.o)
                0x0000751c                mbed::LocalDirHandle::rewinddir()
 .text._ZN4mbed14LocalDirHandle7telldirEv
                0x00007524        0x8 D:\Documentos\LPCXpresso\Workspace\WeatherStation\mbed\TARGET_LPC1768\TOOLCHAIN_GCC_CR\libmbed.a(LocalFileSystem.o)
                0x00007524                mbed::LocalDirHandle::telldir()
 .text._ZN4mbed14LocalDirHandle7seekdirEl
                0x0000752c        0x8 D:\Documentos\LPCXpresso\Workspace\WeatherStation\mbed\TARGET_LPC1768\TOOLCHAIN_GCC_CR\libmbed.a(LocalFileSystem.o)
                0x0000752c                mbed::LocalDirHandle::seekdir(long)
 .text._ZN4mbed15LocalFileHandleD2Ev
                0x00007534       0x14 D:\Documentos\LPCXpresso\Workspace\WeatherStation\mbed\TARGET_LPC1768\TOOLCHAIN_GCC_CR\libmbed.a(LocalFileSystem.o)
                0x00007534                mbed::LocalFileHandle::~LocalFileHandle()
                0x00007534                mbed::LocalFileHandle::~LocalFileHandle()
 .text._ZN4mbed14LocalDirHandleD0Ev
                0x00007548       0x14 D:\Documentos\LPCXpresso\Workspace\WeatherStation\mbed\TARGET_LPC1768\TOOLCHAIN_GCC_CR\libmbed.a(LocalFileSystem.o)
                0x00007548                mbed::LocalDirHandle::~LocalDirHandle()
 .text._ZN4mbed15LocalFileHandleD0Ev
                0x0000755c       0x1c D:\Documentos\LPCXpresso\Workspace\WeatherStation\mbed\TARGET_LPC1768\TOOLCHAIN_GCC_CR\libmbed.a(LocalFileSystem.o)
                0x0000755c                mbed::LocalFileHandle::~LocalFileHandle()
 .text._ZN4mbed15LocalFileSystem7opendirEPKc
                0x00007578       0x1c D:\Documentos\LPCXpresso\Workspace\WeatherStation\mbed\TARGET_LPC1768\TOOLCHAIN_GCC_CR\libmbed.a(LocalFileSystem.o)
                0x00007578                mbed::LocalFileSystem::opendir(char const*)
 .text._ZN4mbed15LocalFileSystem6removeEPKc
                0x00007594        0x8 D:\Documentos\LPCXpresso\Workspace\WeatherStation\mbed\TARGET_LPC1768\TOOLCHAIN_GCC_CR\libmbed.a(LocalFileSystem.o)
                0x00007594                mbed::LocalFileSystem::remove(char const*)
 .text._ZN4mbed14LocalDirHandle7readdirEv
                0x0000759c       0x48 D:\Documentos\LPCXpresso\Workspace\WeatherStation\mbed\TARGET_LPC1768\TOOLCHAIN_GCC_CR\libmbed.a(LocalFileSystem.o)
                0x0000759c                mbed::LocalDirHandle::readdir()
 .text._ZN4mbed15LocalFileHandle4flenEv
                0x000075e4        0x8 D:\Documentos\LPCXpresso\Workspace\WeatherStation\mbed\TARGET_LPC1768\TOOLCHAIN_GCC_CR\libmbed.a(LocalFileSystem.o)
                0x000075e4                mbed::LocalFileHandle::flen()
 .text._ZN4mbed15LocalFileHandle5fsyncEv
                0x000075ec        0x8 D:\Documentos\LPCXpresso\Workspace\WeatherStation\mbed\TARGET_LPC1768\TOOLCHAIN_GCC_CR\libmbed.a(LocalFileSystem.o)
                0x000075ec                mbed::LocalFileHandle::fsync()
 .text._ZN4mbed15LocalFileHandle5lseekEli
                0x000075f4       0x44 D:\Documentos\LPCXpresso\Workspace\WeatherStation\mbed\TARGET_LPC1768\TOOLCHAIN_GCC_CR\libmbed.a(LocalFileSystem.o)
                0x000075f4                mbed::LocalFileHandle::lseek(long, int)
 .text._ZN4mbed15LocalFileHandle6isattyEv
                0x00007638        0x8 D:\Documentos\LPCXpresso\Workspace\WeatherStation\mbed\TARGET_LPC1768\TOOLCHAIN_GCC_CR\libmbed.a(LocalFileSystem.o)
                0x00007638                mbed::LocalFileHandle::isatty()
 .text._ZN4mbed15LocalFileHandle4readEPvj
                0x00007640       0x18 D:\Documentos\LPCXpresso\Workspace\WeatherStation\mbed\TARGET_LPC1768\TOOLCHAIN_GCC_CR\libmbed.a(LocalFileSystem.o)
                0x00007640                mbed::LocalFileHandle::read(void*, unsigned int)
 .text._ZN4mbed15LocalFileHandle5writeEPKvj
                0x00007658       0x18 D:\Documentos\LPCXpresso\Workspace\WeatherStation\mbed\TARGET_LPC1768\TOOLCHAIN_GCC_CR\libmbed.a(LocalFileSystem.o)
                0x00007658                mbed::LocalFileHandle::write(void const*, unsigned int)
 .text._ZN4mbed15LocalFileHandle5closeEv
                0x00007670       0x1c D:\Documentos\LPCXpresso\Workspace\WeatherStation\mbed\TARGET_LPC1768\TOOLCHAIN_GCC_CR\libmbed.a(LocalFileSystem.o)
                0x00007670                mbed::LocalFileHandle::close()
 .text._ZN4mbed28posix_to_semihost_open_flagsEi
                0x0000768c       0x34 D:\Documentos\LPCXpresso\Workspace\WeatherStation\mbed\TARGET_LPC1768\TOOLCHAIN_GCC_CR\libmbed.a(LocalFileSystem.o)
                0x0000768c                mbed::posix_to_semihost_open_flags(int)
 .text._ZN4mbed15LocalFileSystem4openEPKci
                0x000076c0       0x50 D:\Documentos\LPCXpresso\Workspace\WeatherStation\mbed\TARGET_LPC1768\TOOLCHAIN_GCC_CR\libmbed.a(LocalFileSystem.o)
                0x000076c0                mbed::LocalFileSystem::open(char const*, int)
 .text._ZN4mbed6Serial5_putcEi
                0x00007710        0x8 D:\Documentos\LPCXpresso\Workspace\WeatherStation\mbed\TARGET_LPC1768\TOOLCHAIN_GCC_CR\libmbed.a(Serial.o)
                0x00007710                mbed::Serial::_putc(int)
 .text._ZN4mbed6Serial5_getcEv
                0x00007718        0x8 D:\Documentos\LPCXpresso\Workspace\WeatherStation\mbed\TARGET_LPC1768\TOOLCHAIN_GCC_CR\libmbed.a(Serial.o)
                0x00007718                mbed::Serial::_getc()
 .text._ZN4mbed6SerialC2E7PinNameS1_PKc
                0x00007720       0x2c D:\Documentos\LPCXpresso\Workspace\WeatherStation\mbed\TARGET_LPC1768\TOOLCHAIN_GCC_CR\libmbed.a(Serial.o)
                0x00007720                mbed::Serial::Serial(PinName, PinName, char const*)
                0x00007720                mbed::Serial::Serial(PinName, PinName, char const*)
 .text._ZN4mbed10SerialBase12_irq_handlerEm9SerialIrq
                0x0000774c       0x10 D:\Documentos\LPCXpresso\Workspace\WeatherStation\mbed\TARGET_LPC1768\TOOLCHAIN_GCC_CR\libmbed.a(SerialBase.o)
                0x0000774c                mbed::SerialBase::_irq_handler(unsigned long, SerialIrq)
 .text._ZN4mbed10SerialBaseC2E7PinNameS1_
                0x0000775c       0x40 D:\Documentos\LPCXpresso\Workspace\WeatherStation\mbed\TARGET_LPC1768\TOOLCHAIN_GCC_CR\libmbed.a(SerialBase.o)
                0x0000775c                mbed::SerialBase::SerialBase(PinName, PinName)
                0x0000775c                mbed::SerialBase::SerialBase(PinName, PinName)
 .text._ZN4mbed10SerialBase4baudEi
                0x0000779c       0x10 D:\Documentos\LPCXpresso\Workspace\WeatherStation\mbed\TARGET_LPC1768\TOOLCHAIN_GCC_CR\libmbed.a(SerialBase.o)
                0x0000779c                mbed::SerialBase::baud(int)
 .text._ZN4mbed10SerialBase10_base_getcEv
                0x000077ac        0x4 D:\Documentos\LPCXpresso\Workspace\WeatherStation\mbed\TARGET_LPC1768\TOOLCHAIN_GCC_CR\libmbed.a(SerialBase.o)
                0x000077ac                mbed::SerialBase::_base_getc()
 .text._ZN4mbed10SerialBase10_base_putcEi
                0x000077b0        0xc D:\Documentos\LPCXpresso\Workspace\WeatherStation\mbed\TARGET_LPC1768\TOOLCHAIN_GCC_CR\libmbed.a(SerialBase.o)
                0x000077b0                mbed::SerialBase::_base_putc(int)
 .text._ZN4mbed6Stream5closeEv
                0x000077bc        0x4 D:\Documentos\LPCXpresso\Workspace\WeatherStation\mbed\TARGET_LPC1768\TOOLCHAIN_GCC_CR\libmbed.a(Stream.o)
                0x000077bc                mbed::Stream::close()
 .text._ZN4mbed6Stream5writeEPKvj
                0x000077c0       0x7c D:\Documentos\LPCXpresso\Workspace\WeatherStation\mbed\TARGET_LPC1768\TOOLCHAIN_GCC_CR\libmbed.a(Stream.o)
                0x000077c0                mbed::Stream::write(void const*, unsigned int)
 .text._ZN4mbed6Stream4readEPvj
                0x0000783c       0x7c D:\Documentos\LPCXpresso\Workspace\WeatherStation\mbed\TARGET_LPC1768\TOOLCHAIN_GCC_CR\libmbed.a(Stream.o)
                0x0000783c                mbed::Stream::read(void*, unsigned int)
 .text._ZN4mbed6Stream5lseekEli
                0x000078b8        0x4 D:\Documentos\LPCXpresso\Workspace\WeatherStation\mbed\TARGET_LPC1768\TOOLCHAIN_GCC_CR\libmbed.a(Stream.o)
                0x000078b8                mbed::Stream::lseek(long, int)
 .text._ZN4mbed6Stream6isattyEv
                0x000078bc        0x4 D:\Documentos\LPCXpresso\Workspace\WeatherStation\mbed\TARGET_LPC1768\TOOLCHAIN_GCC_CR\libmbed.a(Stream.o)
                0x000078bc                mbed::Stream::isatty()
 .text._ZN4mbed6Stream5fsyncEv
                0x000078c0        0x4 D:\Documentos\LPCXpresso\Workspace\WeatherStation\mbed\TARGET_LPC1768\TOOLCHAIN_GCC_CR\libmbed.a(Stream.o)
                0x000078c0                mbed::Stream::fsync()
 .text._ZN4mbed6Stream4flenEv
                0x000078c4        0x4 D:\Documentos\LPCXpresso\Workspace\WeatherStation\mbed\TARGET_LPC1768\TOOLCHAIN_GCC_CR\libmbed.a(Stream.o)
                0x000078c4                mbed::Stream::flen()
 .text._ZThn4_N4mbed6StreamD1Ev
                0x000078c8        0x8 D:\Documentos\LPCXpresso\Workspace\WeatherStation\mbed\TARGET_LPC1768\TOOLCHAIN_GCC_CR\libmbed.a(Stream.o)
                0x000078c8                non-virtual thunk to mbed::Stream::~Stream()
 .text._ZN4mbed6StreamD2Ev
                0x000078d0       0x28 D:\Documentos\LPCXpresso\Workspace\WeatherStation\mbed\TARGET_LPC1768\TOOLCHAIN_GCC_CR\libmbed.a(Stream.o)
                0x000078d0                mbed::Stream::~Stream()
                0x000078d0                mbed::Stream::~Stream()
 .text._ZThn4_N4mbed6StreamD0Ev
                0x000078f8        0x8 D:\Documentos\LPCXpresso\Workspace\WeatherStation\mbed\TARGET_LPC1768\TOOLCHAIN_GCC_CR\libmbed.a(Stream.o)
                0x000078f8                non-virtual thunk to mbed::Stream::~Stream()
 .text._ZN4mbed6StreamD0Ev
                0x00007900       0x14 D:\Documentos\LPCXpresso\Workspace\WeatherStation\mbed\TARGET_LPC1768\TOOLCHAIN_GCC_CR\libmbed.a(Stream.o)
                0x00007900                mbed::Stream::~Stream()
 .text._ZN4mbed6StreamC2EPKc
                0x00007914       0x48 D:\Documentos\LPCXpresso\Workspace\WeatherStation\mbed\TARGET_LPC1768\TOOLCHAIN_GCC_CR\libmbed.a(Stream.o)
                0x00007914                mbed::Stream::Stream(char const*)
                0x00007914                mbed::Stream::Stream(char const*)
 .text._ZN4mbed6Stream4getcEv
                0x0000795c       0x14 D:\Documentos\LPCXpresso\Workspace\WeatherStation\mbed\TARGET_LPC1768\TOOLCHAIN_GCC_CR\libmbed.a(Stream.o)
                0x0000795c                mbed::Stream::getc()
 .text._ZN4mbed6Stream6printfEPKcz
                0x00007970       0x2c D:\Documentos\LPCXpresso\Workspace\WeatherStation\mbed\TARGET_LPC1768\TOOLCHAIN_GCC_CR\libmbed.a(Stream.o)
                0x00007970                mbed::Stream::printf(char const*, ...)
 .text._ZN4mbed6Ticker7handlerEv
                0x0000799c       0x1c D:\Documentos\LPCXpresso\Workspace\WeatherStation\mbed\TARGET_LPC1768\TOOLCHAIN_GCC_CR\libmbed.a(Ticker.o)
                0x0000799c                mbed::Ticker::handler()
 .text._ZN4mbed6Ticker6detachEv
                0x000079b8       0x18 D:\Documentos\LPCXpresso\Workspace\WeatherStation\mbed\TARGET_LPC1768\TOOLCHAIN_GCC_CR\libmbed.a(Ticker.o)
                0x000079b8                mbed::Ticker::detach()
 .text._ZN4mbed6Ticker5setupEj
                0x000079d0       0x1c D:\Documentos\LPCXpresso\Workspace\WeatherStation\mbed\TARGET_LPC1768\TOOLCHAIN_GCC_CR\libmbed.a(Ticker.o)
                0x000079d0                mbed::Ticker::setup(unsigned int)
 .text._ZN4mbed7Timeout7handlerEv
                0x000079ec        0x8 D:\Documentos\LPCXpresso\Workspace\WeatherStation\mbed\TARGET_LPC1768\TOOLCHAIN_GCC_CR\libmbed.a(Timeout.o)
                0x000079ec                mbed::Timeout::handler()
 .text._ZN4mbed5Timer5startEv
                0x000079f4       0x10 D:\Documentos\LPCXpresso\Workspace\WeatherStation\mbed\TARGET_LPC1768\TOOLCHAIN_GCC_CR\libmbed.a(Timer.o)
                0x000079f4                mbed::Timer::start()
 .text._ZN4mbed5Timer9slicetimeEv
                0x00007a04       0x14 D:\Documentos\LPCXpresso\Workspace\WeatherStation\mbed\TARGET_LPC1768\TOOLCHAIN_GCC_CR\libmbed.a(Timer.o)
                0x00007a04                mbed::Timer::slicetime()
 .text._ZN4mbed5Timer7read_usEv
                0x00007a18        0xc D:\Documentos\LPCXpresso\Workspace\WeatherStation\mbed\TARGET_LPC1768\TOOLCHAIN_GCC_CR\libmbed.a(Timer.o)
                0x00007a18                mbed::Timer::read_us()
 .text._ZN4mbed5Timer7read_msEv
                0x00007a24       0x1c D:\Documentos\LPCXpresso\Workspace\WeatherStation\mbed\TARGET_LPC1768\TOOLCHAIN_GCC_CR\libmbed.a(Timer.o)
                0x00007a24                mbed::Timer::read_ms()
 .text._ZN4mbed5Timer4readEv
                0x00007a40       0x18 D:\Documentos\LPCXpresso\Workspace\WeatherStation\mbed\TARGET_LPC1768\TOOLCHAIN_GCC_CR\libmbed.a(Timer.o)
                0x00007a40                mbed::Timer::read()
 .text._ZN4mbed5Timer4stopEv
                0x00007a58       0x14 D:\Documentos\LPCXpresso\Workspace\WeatherStation\mbed\TARGET_LPC1768\TOOLCHAIN_GCC_CR\libmbed.a(Timer.o)
                0x00007a58                mbed::Timer::stop()
 .text._ZN4mbed5Timer5resetEv
                0x00007a6c       0x10 D:\Documentos\LPCXpresso\Workspace\WeatherStation\mbed\TARGET_LPC1768\TOOLCHAIN_GCC_CR\libmbed.a(Timer.o)
                0x00007a6c                mbed::Timer::reset()
 .text._ZN4mbed5TimerC2Ev
                0x00007a7c        0xc D:\Documentos\LPCXpresso\Workspace\WeatherStation\mbed\TARGET_LPC1768\TOOLCHAIN_GCC_CR\libmbed.a(Timer.o)
                0x00007a7c                mbed::Timer::Timer()
                0x00007a7c                mbed::Timer::Timer()
 .text._ZN4mbed10TimerEvent3irqEm
                0x00007a88        0xc D:\Documentos\LPCXpresso\Workspace\WeatherStation\mbed\TARGET_LPC1768\TOOLCHAIN_GCC_CR\libmbed.a(TimerEvent.o)
                0x00007a88                mbed::TimerEvent::irq(unsigned long)
 .text._ZN4mbed10TimerEventD2Ev
                0x00007a94       0x18 D:\Documentos\LPCXpresso\Workspace\WeatherStation\mbed\TARGET_LPC1768\TOOLCHAIN_GCC_CR\libmbed.a(TimerEvent.o)
                0x00007a94                mbed::TimerEvent::~TimerEvent()
                0x00007a94                mbed::TimerEvent::~TimerEvent()
 .text._ZN4mbed10TimerEventD0Ev
                0x00007aac       0x1c D:\Documentos\LPCXpresso\Workspace\WeatherStation\mbed\TARGET_LPC1768\TOOLCHAIN_GCC_CR\libmbed.a(TimerEvent.o)
                0x00007aac                mbed::TimerEvent::~TimerEvent()
 .text._ZN4mbed10TimerEventC2Ev
                0x00007ac8       0x20 D:\Documentos\LPCXpresso\Workspace\WeatherStation\mbed\TARGET_LPC1768\TOOLCHAIN_GCC_CR\libmbed.a(TimerEvent.o)
                0x00007ac8                mbed::TimerEvent::TimerEvent()
                0x00007ac8                mbed::TimerEvent::TimerEvent()
 .text._ZN4mbed10TimerEvent6insertEj
                0x00007ae8        0x8 D:\Documentos\LPCXpresso\Workspace\WeatherStation\mbed\TARGET_LPC1768\TOOLCHAIN_GCC_CR\libmbed.a(TimerEvent.o)
                0x00007ae8                mbed::TimerEvent::insert(unsigned int)
 .text._ZN4mbed10TimerEvent6removeEv
                0x00007af0        0x8 D:\Documentos\LPCXpresso\Workspace\WeatherStation\mbed\TARGET_LPC1768\TOOLCHAIN_GCC_CR\libmbed.a(TimerEvent.o)
                0x00007af0                mbed::TimerEvent::remove()
 .text.rtc_init
                0x00007af8       0x2c D:\Documentos\LPCXpresso\Workspace\WeatherStation\mbed\TARGET_LPC1768\TOOLCHAIN_GCC_CR\libmbed.a(rtc_api.o)
                0x00007af8                rtc_init
 .text.rtc_isenabled
                0x00007b24       0x10 D:\Documentos\LPCXpresso\Workspace\WeatherStation\mbed\TARGET_LPC1768\TOOLCHAIN_GCC_CR\libmbed.a(rtc_api.o)
                0x00007b24                rtc_isenabled
 .text.rtc_read
                0x00007b34       0x44 D:\Documentos\LPCXpresso\Workspace\WeatherStation\mbed\TARGET_LPC1768\TOOLCHAIN_GCC_CR\libmbed.a(rtc_api.o)
                0x00007b34                rtc_read
 .text.rtc_write
                0x00007b78       0x60 D:\Documentos\LPCXpresso\Workspace\WeatherStation\mbed\TARGET_LPC1768\TOOLCHAIN_GCC_CR\libmbed.a(rtc_api.o)
                0x00007b78                rtc_write
 .text.us_ticker_init
                0x00007bd8       0x74 D:\Documentos\LPCXpresso\Workspace\WeatherStation\mbed\TARGET_LPC1768\TOOLCHAIN_GCC_CR\libmbed.a(us_ticker.o)
                0x00007bd8                us_ticker_init
 .text.us_ticker_read
                0x00007c4c       0x1c D:\Documentos\LPCXpresso\Workspace\WeatherStation\mbed\TARGET_LPC1768\TOOLCHAIN_GCC_CR\libmbed.a(us_ticker.o)
                0x00007c4c                us_ticker_read
 .text.us_ticker_set_interrupt
                0x00007c68       0x14 D:\Documentos\LPCXpresso\Workspace\WeatherStation\mbed\TARGET_LPC1768\TOOLCHAIN_GCC_CR\libmbed.a(us_ticker.o)
                0x00007c68                us_ticker_set_interrupt
 .text.us_ticker_disable_interrupt
                0x00007c7c       0x14 D:\Documentos\LPCXpresso\Workspace\WeatherStation\mbed\TARGET_LPC1768\TOOLCHAIN_GCC_CR\libmbed.a(us_ticker.o)
                0x00007c7c                us_ticker_disable_interrupt
 .text.us_ticker_clear_interrupt
                0x00007c90       0x10 D:\Documentos\LPCXpresso\Workspace\WeatherStation\mbed\TARGET_LPC1768\TOOLCHAIN_GCC_CR\libmbed.a(us_ticker.o)
                0x00007c90                us_ticker_clear_interrupt
 .text.mbed_die
                0x00007ca0       0x7c D:\Documentos\LPCXpresso\Workspace\WeatherStation\mbed\TARGET_LPC1768\TOOLCHAIN_GCC_CR\libmbed.a(board.o)
                0x00007ca0                mbed_die
 .text.us_ticker_set_handler
                0x00007d1c       0x14 D:\Documentos\LPCXpresso\Workspace\WeatherStation\mbed\TARGET_LPC1768\TOOLCHAIN_GCC_CR\libmbed.a(us_ticker_api.o)
                0x00007d1c                us_ticker_set_handler
 .text.us_ticker_irq_handler
                0x00007d30       0x4c D:\Documentos\LPCXpresso\Workspace\WeatherStation\mbed\TARGET_LPC1768\TOOLCHAIN_GCC_CR\libmbed.a(us_ticker_api.o)
                0x00007d30                us_ticker_irq_handler
 .text.us_ticker_insert_event
                0x00007d7c       0x48 D:\Documentos\LPCXpresso\Workspace\WeatherStation\mbed\TARGET_LPC1768\TOOLCHAIN_GCC_CR\libmbed.a(us_ticker_api.o)
                0x00007d7c                us_ticker_insert_event
 .text.us_ticker_remove_event
                0x00007dc4       0x48 D:\Documentos\LPCXpresso\Workspace\WeatherStation\mbed\TARGET_LPC1768\TOOLCHAIN_GCC_CR\libmbed.a(us_ticker_api.o)
                0x00007dc4                us_ticker_remove_event
 .text._ZN4mbed8FileBaseD2Ev
                0x00007e0c       0x30 D:\Documentos\LPCXpresso\Workspace\WeatherStation\mbed\TARGET_LPC1768\TOOLCHAIN_GCC_CR\libmbed.a(FileBase.o)
                0x00007e0c                mbed::FileBase::~FileBase()
                0x00007e0c                mbed::FileBase::~FileBase()
 .text._ZN4mbed8FileBaseD0Ev
                0x00007e3c       0x14 D:\Documentos\LPCXpresso\Workspace\WeatherStation\mbed\TARGET_LPC1768\TOOLCHAIN_GCC_CR\libmbed.a(FileBase.o)
                0x00007e3c                mbed::FileBase::~FileBase()
 .text._ZN4mbed8FileBaseC2EPKcNS_8PathTypeE
                0x00007e50       0x20 D:\Documentos\LPCXpresso\Workspace\WeatherStation\mbed\TARGET_LPC1768\TOOLCHAIN_GCC_CR\libmbed.a(FileBase.o)
                0x00007e50                mbed::FileBase::FileBase(char const*, mbed::PathType)
                0x00007e50                mbed::FileBase::FileBase(char const*, mbed::PathType)
 .text._ZN4mbed8FileBase6lookupEPKcj
                0x00007e70       0x38 D:\Documentos\LPCXpresso\Workspace\WeatherStation\mbed\TARGET_LPC1768\TOOLCHAIN_GCC_CR\libmbed.a(FileBase.o)
                0x00007e70                mbed::FileBase::lookup(char const*, unsigned int)
 .text._ZN4mbed8FileBase11getPathTypeEv
                0x00007ea8        0x4 D:\Documentos\LPCXpresso\Workspace\WeatherStation\mbed\TARGET_LPC1768\TOOLCHAIN_GCC_CR\libmbed.a(FileBase.o)
                0x00007ea8                mbed::FileBase::getPathType()
 .text._ZThn4_N4mbed8FileLikeD1Ev
                0x00007eac        0x8 D:\Documentos\LPCXpresso\Workspace\WeatherStation\mbed\TARGET_LPC1768\TOOLCHAIN_GCC_CR\libmbed.a(FileLike.o)
                0x00007eac                non-virtual thunk to mbed::FileLike::~FileLike()
 .text._ZN4mbed8FileLikeD2Ev
                0x00007eb4       0x28 D:\Documentos\LPCXpresso\Workspace\WeatherStation\mbed\TARGET_LPC1768\TOOLCHAIN_GCC_CR\libmbed.a(FileLike.o)
                0x00007eb4                mbed::FileLike::~FileLike()
                0x00007eb4                mbed::FileLike::~FileLike()
 .text._ZThn4_N4mbed8FileLikeD0Ev
                0x00007edc        0x8 D:\Documentos\LPCXpresso\Workspace\WeatherStation\mbed\TARGET_LPC1768\TOOLCHAIN_GCC_CR\libmbed.a(FileLike.o)
                0x00007edc                non-virtual thunk to mbed::FileLike::~FileLike()
 .text._ZN4mbed8FileLikeD0Ev
                0x00007ee4       0x14 D:\Documentos\LPCXpresso\Workspace\WeatherStation\mbed\TARGET_LPC1768\TOOLCHAIN_GCC_CR\libmbed.a(FileLike.o)
                0x00007ee4                mbed::FileLike::~FileLike()
 .text._ZN4mbed8FileLikeC2EPKc
                0x00007ef8       0x2c D:\Documentos\LPCXpresso\Workspace\WeatherStation\mbed\TARGET_LPC1768\TOOLCHAIN_GCC_CR\libmbed.a(FileLike.o)
                0x00007ef8                mbed::FileLike::FileLike(char const*)
                0x00007ef8                mbed::FileLike::FileLike(char const*)
 .text          0x00007f24      0x370 c:/nxp/lpcxpresso_7.0/lpcxpresso/tools/bin/../lib/gcc/arm-none-eabi/4.8.3/armv7-m\libgcc.a(_arm_addsubdf3.o)
                0x00007f24                __aeabi_drsub
                0x00007f2c                __aeabi_dsub
                0x00007f2c                __subdf3
                0x00007f30                __aeabi_dadd
                0x00007f30                __adddf3
                0x000081a8                __floatunsidf
                0x000081a8                __aeabi_ui2d
                0x000081c8                __floatsidf
                0x000081c8                __aeabi_i2d
                0x000081ec                __aeabi_f2d
                0x000081ec                __extendsfdf2
                0x00008228                __floatundidf
                0x00008228                __aeabi_ul2d
                0x00008238                __floatdidf
                0x00008238                __aeabi_l2d
 .text          0x00008294      0x424 c:/nxp/lpcxpresso_7.0/lpcxpresso/tools/bin/../lib/gcc/arm-none-eabi/4.8.3/armv7-m\libgcc.a(_arm_muldivdf3.o)
                0x00008294                __aeabi_dmul
                0x00008294                __muldf3
                0x000084e8                __divdf3
                0x000084e8                __aeabi_ddiv
 .text          0x000086b8      0x110 c:/nxp/lpcxpresso_7.0/lpcxpresso/tools/bin/../lib/gcc/arm-none-eabi/4.8.3/armv7-m\libgcc.a(_arm_cmpdf2.o)
                0x000086b8                __gtdf2
                0x000086b8                __gedf2
                0x000086c0                __ltdf2
                0x000086c0                __ledf2
                0x000086c8                __nedf2
                0x000086c8                __eqdf2
                0x000086c8                __cmpdf2
                0x00008744                __aeabi_cdrcmple